Archive member included to satisfy reference by file (symbol)

/home/toni/Ac6/SystemWorkbench/plugins/fr.ac6.mcu.externaltools.arm-none.linux64_1.17.0.201812190825/tools/compiler/bin/../lib/gcc/arm-none-eabi/7.3.1/thumb/v6-m/libgcc.a(_udivsi3.o)
                              HAL_Driver/Src/stm32l0xx_hal.o (__aeabi_uidiv)
/home/toni/Ac6/SystemWorkbench/plugins/fr.ac6.mcu.externaltools.arm-none.linux64_1.17.0.201812190825/tools/compiler/bin/../lib/gcc/arm-none-eabi/7.3.1/thumb/v6-m/libgcc.a(_dvmd_tls.o)
                              /home/toni/Ac6/SystemWorkbench/plugins/fr.ac6.mcu.externaltools.arm-none.linux64_1.17.0.201812190825/tools/compiler/bin/../lib/gcc/arm-none-eabi/7.3.1/thumb/v6-m/libgcc.a(_udivsi3.o) (__aeabi_idiv0)
/home/toni/Ac6/SystemWorkbench/plugins/fr.ac6.mcu.externaltools.arm-none.linux64_1.17.0.201812190825/tools/compiler/bin/../lib/gcc/arm-none-eabi/7.3.1/thumb/v6-m/libgcc.a(_aeabi_uldivmod.o)
                              HAL_Driver/Src/stm32l0xx_hal_uart.o (__aeabi_uldivmod)
/home/toni/Ac6/SystemWorkbench/plugins/fr.ac6.mcu.externaltools.arm-none.linux64_1.17.0.201812190825/tools/compiler/bin/../lib/gcc/arm-none-eabi/7.3.1/thumb/v6-m/libgcc.a(_udivmoddi4.o)
                              /home/toni/Ac6/SystemWorkbench/plugins/fr.ac6.mcu.externaltools.arm-none.linux64_1.17.0.201812190825/tools/compiler/bin/../lib/gcc/arm-none-eabi/7.3.1/thumb/v6-m/libgcc.a(_aeabi_uldivmod.o) (__udivmoddi4)
/home/toni/Ac6/SystemWorkbench/plugins/fr.ac6.mcu.externaltools.arm-none.linux64_1.17.0.201812190825/tools/compiler/bin/../lib/gcc/arm-none-eabi/7.3.1/thumb/v6-m/libgcc.a(_clzdi2.o)
                              /home/toni/Ac6/SystemWorkbench/plugins/fr.ac6.mcu.externaltools.arm-none.linux64_1.17.0.201812190825/tools/compiler/bin/../lib/gcc/arm-none-eabi/7.3.1/thumb/v6-m/libgcc.a(_udivmoddi4.o) (__clzdi2)
/home/toni/Ac6/SystemWorkbench/plugins/fr.ac6.mcu.externaltools.arm-none.linux64_1.17.0.201812190825/tools/compiler/bin/../lib/gcc/arm-none-eabi/7.3.1/thumb/v6-m/libgcc.a(_clzsi2.o)
                              /home/toni/Ac6/SystemWorkbench/plugins/fr.ac6.mcu.externaltools.arm-none.linux64_1.17.0.201812190825/tools/compiler/bin/../lib/gcc/arm-none-eabi/7.3.1/thumb/v6-m/libgcc.a(_clzdi2.o) (__clzsi2)
/home/toni/Ac6/SystemWorkbench/plugins/fr.ac6.mcu.externaltools.arm-none.linux64_1.17.0.201812190825/tools/compiler/bin/../lib/gcc/arm-none-eabi/7.3.1/../../../../arm-none-eabi/lib/thumb/v6-m/libc.a(lib_a-errno.o)
                              src/syscalls.o (__errno)
/home/toni/Ac6/SystemWorkbench/plugins/fr.ac6.mcu.externaltools.arm-none.linux64_1.17.0.201812190825/tools/compiler/bin/../lib/gcc/arm-none-eabi/7.3.1/../../../../arm-none-eabi/lib/thumb/v6-m/libc.a(lib_a-exit.o)
                              /home/toni/Ac6/SystemWorkbench/plugins/fr.ac6.mcu.externaltools.arm-none.linux64_1.17.0.201812190825/tools/compiler/bin/../lib/gcc/arm-none-eabi/7.3.1/../../../../arm-none-eabi/lib/thumb/v6-m/crt0.o (exit)
/home/toni/Ac6/SystemWorkbench/plugins/fr.ac6.mcu.externaltools.arm-none.linux64_1.17.0.201812190825/tools/compiler/bin/../lib/gcc/arm-none-eabi/7.3.1/../../../../arm-none-eabi/lib/thumb/v6-m/libc.a(lib_a-impure.o)
                              /home/toni/Ac6/SystemWorkbench/plugins/fr.ac6.mcu.externaltools.arm-none.linux64_1.17.0.201812190825/tools/compiler/bin/../lib/gcc/arm-none-eabi/7.3.1/../../../../arm-none-eabi/lib/thumb/v6-m/libc.a(lib_a-exit.o) (_global_impure_ptr)
/home/toni/Ac6/SystemWorkbench/plugins/fr.ac6.mcu.externaltools.arm-none.linux64_1.17.0.201812190825/tools/compiler/bin/../lib/gcc/arm-none-eabi/7.3.1/../../../../arm-none-eabi/lib/thumb/v6-m/libc.a(lib_a-init.o)
                              /home/toni/Ac6/SystemWorkbench/plugins/fr.ac6.mcu.externaltools.arm-none.linux64_1.17.0.201812190825/tools/compiler/bin/../lib/gcc/arm-none-eabi/7.3.1/../../../../arm-none-eabi/lib/thumb/v6-m/crt0.o (__libc_init_array)
/home/toni/Ac6/SystemWorkbench/plugins/fr.ac6.mcu.externaltools.arm-none.linux64_1.17.0.201812190825/tools/compiler/bin/../lib/gcc/arm-none-eabi/7.3.1/../../../../arm-none-eabi/lib/thumb/v6-m/libc.a(lib_a-memset.o)
                              /home/toni/Ac6/SystemWorkbench/plugins/fr.ac6.mcu.externaltools.arm-none.linux64_1.17.0.201812190825/tools/compiler/bin/../lib/gcc/arm-none-eabi/7.3.1/../../../../arm-none-eabi/lib/thumb/v6-m/crt0.o (memset)
/home/toni/Ac6/SystemWorkbench/plugins/fr.ac6.mcu.externaltools.arm-none.linux64_1.17.0.201812190825/tools/compiler/bin/../lib/gcc/arm-none-eabi/7.3.1/../../../../arm-none-eabi/lib/thumb/v6-m/libc.a(lib_a-printf.o)
                              src/main.o (printf)
/home/toni/Ac6/SystemWorkbench/plugins/fr.ac6.mcu.externaltools.arm-none.linux64_1.17.0.201812190825/tools/compiler/bin/../lib/gcc/arm-none-eabi/7.3.1/../../../../arm-none-eabi/lib/thumb/v6-m/libc.a(lib_a-sprintf.o)
                              src/main.o (sprintf)
[...]
Memory Configuration

Name             Origin             Length             Attributes
FLASH            0x0000000008000000 0x0000000000020000 xr
RAM              0x0000000020000000 0x0000000000005000 xrw
*default*        0x0000000000000000 0xffffffffffffffff

Linker script and memory map

LOAD /home/toni/Ac6/SystemWorkbench/plugins/fr.ac6.mcu.externaltools.arm-none.linux64_1.17.0.201812190825/tools/compiler/bin/../lib/gcc/arm-none-eabi/7.3.1/thumb/v6-m/crti.o
LOAD /home/toni/Ac6/SystemWorkbench/plugins/fr.ac6.mcu.externaltools.arm-none.linux64_1.17.0.201812190825/tools/compiler/bin/../lib/gcc/arm-none-eabi/7.3.1/thumb/v6-m/crtbegin.o
LOAD /home/toni/Ac6/SystemWorkbench/plugins/fr.ac6.mcu.externaltools.arm-none.linux64_1.17.0.201812190825/tools/compiler/bin/../lib/gcc/arm-none-eabi/7.3.1/../../../../arm-none-eabi/lib/thumb/v6-m/crt0.o
LOAD HAL_Driver/Src/stm32l0xx_hal.o
LOAD HAL_Driver/Src/stm32l0xx_hal_adc.o
LOAD HAL_Driver/Src/stm32l0xx_hal_adc_ex.o
LOAD HAL_Driver/Src/stm32l0xx_hal_comp.o
LOAD HAL_Driver/Src/stm32l0xx_hal_comp_ex.o
LOAD HAL_Driver/Src/stm32l0xx_hal_cortex.o
LOAD HAL_Driver/Src/stm32l0xx_hal_crc.o
LOAD HAL_Driver/Src/stm32l0xx_hal_crc_ex.o
LOAD HAL_Driver/Src/stm32l0xx_hal_cryp.o
LOAD HAL_Driver/Src/stm32l0xx_hal_cryp_ex.o
LOAD HAL_Driver/Src/stm32l0xx_hal_dac.o
LOAD HAL_Driver/Src/stm32l0xx_hal_dac_ex.o
LOAD HAL_Driver/Src/stm32l0xx_hal_dma.o
LOAD HAL_Driver/Src/stm32l0xx_hal_firewall.o
LOAD HAL_Driver/Src/stm32l0xx_hal_flash.o
LOAD HAL_Driver/Src/stm32l0xx_hal_flash_ex.o
LOAD HAL_Driver/Src/stm32l0xx_hal_flash_ramfunc.o
LOAD HAL_Driver/Src/stm32l0xx_hal_gpio.o
LOAD HAL_Driver/Src/stm32l0xx_hal_i2c.o
LOAD HAL_Driver/Src/stm32l0xx_hal_i2c_ex.o
LOAD HAL_Driver/Src/stm32l0xx_hal_i2s.o
LOAD HAL_Driver/Src/stm32l0xx_hal_irda.o
LOAD HAL_Driver/Src/stm32l0xx_hal_iwdg.o
LOAD HAL_Driver/Src/stm32l0xx_hal_lcd.o
LOAD HAL_Driver/Src/stm32l0xx_hal_lptim.o
LOAD HAL_Driver/Src/stm32l0xx_hal_msp_template.o
LOAD HAL_Driver/Src/stm32l0xx_hal_pcd.o
LOAD HAL_Driver/Src/stm32l0xx_hal_pcd_ex.o
LOAD HAL_Driver/Src/stm32l0xx_hal_pwr.o
LOAD HAL_Driver/Src/stm32l0xx_hal_pwr_ex.o
LOAD HAL_Driver/Src/stm32l0xx_hal_rcc.o
LOAD HAL_Driver/Src/stm32l0xx_hal_rcc_ex.o
LOAD HAL_Driver/Src/stm32l0xx_hal_rng.o
LOAD HAL_Driver/Src/stm32l0xx_hal_rtc.o
LOAD HAL_Driver/Src/stm32l0xx_hal_rtc_ex.o
LOAD HAL_Driver/Src/stm32l0xx_hal_smartcard.o
LOAD HAL_Driver/Src/stm32l0xx_hal_smartcard_ex.o
LOAD HAL_Driver/Src/stm32l0xx_hal_smbus.o
LOAD HAL_Driver/Src/stm32l0xx_hal_spi.o
LOAD HAL_Driver/Src/stm32l0xx_hal_tim.o
LOAD HAL_Driver/Src/stm32l0xx_hal_tim_ex.o
LOAD HAL_Driver/Src/stm32l0xx_hal_tsc.o
LOAD HAL_Driver/Src/stm32l0xx_hal_uart.o
LOAD HAL_Driver/Src/stm32l0xx_hal_uart_ex.o
LOAD HAL_Driver/Src/stm32l0xx_hal_usart.o
LOAD HAL_Driver/Src/stm32l0xx_hal_wwdg.o
LOAD HAL_Driver/Src/stm32l0xx_ll_adc.o
LOAD HAL_Driver/Src/stm32l0xx_ll_comp.o
LOAD HAL_Driver/Src/stm32l0xx_ll_crc.o
LOAD HAL_Driver/Src/stm32l0xx_ll_crs.o
LOAD HAL_Driver/Src/stm32l0xx_ll_dac.o
LOAD HAL_Driver/Src/stm32l0xx_ll_dma.o
LOAD HAL_Driver/Src/stm32l0xx_ll_exti.o
LOAD HAL_Driver/Src/stm32l0xx_ll_gpio.o
LOAD HAL_Driver/Src/stm32l0xx_ll_i2c.o
LOAD HAL_Driver/Src/stm32l0xx_ll_lptim.o
LOAD HAL_Driver/Src/stm32l0xx_ll_lpuart.o
LOAD HAL_Driver/Src/stm32l0xx_ll_pwr.o
LOAD HAL_Driver/Src/stm32l0xx_ll_rcc.o
LOAD HAL_Driver/Src/stm32l0xx_ll_rng.o
LOAD HAL_Driver/Src/stm32l0xx_ll_rtc.o
LOAD HAL_Driver/Src/stm32l0xx_ll_spi.o
LOAD HAL_Driver/Src/stm32l0xx_ll_tim.o
LOAD HAL_Driver/Src/stm32l0xx_ll_usart.o
LOAD HAL_Driver/Src/stm32l0xx_ll_usb.o
LOAD HAL_Driver/Src/stm32l0xx_ll_utils.o
LOAD Utilities/stm32l0xx_nucleo.o
LOAD src/main.o
LOAD src/stm32l0xx_it.o
LOAD src/syscalls.o
LOAD src/system_stm32l0xx.o
LOAD startup/startup_stm32l010xb.o
LOAD /home/toni/Ac6/SystemWorkbench/plugins/fr.ac6.mcu.externaltools.arm-none.linux64_1.17.0.201812190825/tools/compiler/bin/../lib/gcc/arm-none-eabi/7.3.1/../../../../arm-none-eabi/lib/thumb/v6-m/libm.a
START GROUP
LOAD /home/toni/Ac6/SystemWorkbench/plugins/fr.ac6.mcu.externaltools.arm-none.linux64_1.17.0.201812190825/tools/compiler/bin/../lib/gcc/arm-none-eabi/7.3.1/thumb/v6-m/libgcc.a
LOAD /home/toni/Ac6/SystemWorkbench/plugins/fr.ac6.mcu.externaltools.arm-none.linux64_1.17.0.201812190825/tools/compiler/bin/../lib/gcc/arm-none-eabi/7.3.1/../../../../arm-none-eabi/lib/thumb/v6-m/libc.a
END GROUP
LOAD /home/toni/Ac6/SystemWorkbench/plugins/fr.ac6.mcu.externaltools.arm-none.linux64_1.17.0.201812190825/tools/compiler/bin/../lib/gcc/arm-none-eabi/7.3.1/thumb/v6-m/crtend.o
LOAD /home/toni/Ac6/SystemWorkbench/plugins/fr.ac6.mcu.externaltools.arm-none.linux64_1.17.0.201812190825/tools/compiler/bin/../lib/gcc/arm-none-eabi/7.3.1/thumb/v6-m/crtn.o
                0x0000000020005000                _estack = 0x20005000
                0x0000000000000200                _Min_Heap_Size = 0x200
                0x0000000000000400                _Min_Stack_Size = 0x400

.isr_vector     0x0000000008000000       0xc0
                0x0000000008000000                . = ALIGN (0x4)
 *(.isr_vector)
 .isr_vector    0x0000000008000000       0xc0 startup/startup_stm32l010xb.o
                0x0000000008000000                g_pfnVectors
                0x00000000080000c0                . = ALIGN (0x4)

.text           0x00000000080000c0     0xc374
                0x00000000080000c0                . = ALIGN (0x4)
 *(.text)
 .text          0x00000000080000c0       0x48 /home/toni/Ac6/SystemWorkbench/plugins/fr.ac6.mcu.externaltools.arm-none.linux64_1.17.0.201812190825/tools/compiler/bin/../lib/gcc/arm-none-eabi/7.3.1/thumb/v6-m/crtbegin.o
 .text          0x0000000008000108      0x114 /home/toni/Ac6/SystemWorkbench/plugins/fr.ac6.mcu.externaltools.arm-none.linux64_1.17.0.201812190825/tools/compiler/bin/../lib/gcc/arm-none-eabi/7.3.1/thumb/v6-m/libgcc.a(_udivsi3.o)
                0x0000000008000108                __udivsi3
                0x0000000008000108                __aeabi_uidiv
                0x0000000008000214                __aeabi_uidivmod
 .text          0x000000000800021c        0x4 /home/toni/Ac6/SystemWorkbench/plugins/fr.ac6.mcu.externaltools.arm-none.linux64_1.17.0.201812190825/tools/compiler/bin/../lib/gcc/arm-none-eabi/7.3.1/thumb/v6-m/libgcc.a(_dvmd_tls.o)
                0x000000000800021c                __aeabi_ldiv0
                0x000000000800021c                __aeabi_idiv0
 .text          0x0000000008000220       0x40 /home/toni/Ac6/SystemWorkbench/plugins/fr.ac6.mcu.externaltools.arm-none.linux64_1.17.0.201812190825/tools/compiler/bin/../lib/gcc/arm-none-eabi/7.3.1/thumb/v6-m/libgcc.a(_aeabi_uldivmod.o)
                0x0000000008000220                __aeabi_uldivmod
 .text          0x0000000008000260      0x184 /home/toni/Ac6/SystemWorkbench/plugins/fr.ac6.mcu.externaltools.arm-none.linux64_1.17.0.201812190825/tools/compiler/bin/../lib/gcc/arm-none-eabi/7.3.1/thumb/v6-m/libgcc.a(_udivmoddi4.o)
                0x0000000008000260                __udivmoddi4
 .text          0x00000000080003e4       0x18 /home/toni/Ac6/SystemWorkbench/plugins/fr.ac6.mcu.externaltools.arm-none.linux64_1.17.0.201812190825/tools/compiler/bin/../lib/gcc/arm-none-eabi/7.3.1/thumb/v6-m/libgcc.a(_clzdi2.o)
                0x00000000080003e4                __clzdi2
 .text          0x00000000080003fc       0x3c /home/toni/Ac6/SystemWorkbench/plugins/fr.ac6.mcu.externaltools.arm-none.linux64_1.17.0.201812190825/tools/compiler/bin/../lib/gcc/arm-none-eabi/7.3.1/thumb/v6-m/libgcc.a(_clzsi2.o)
                0x00000000080003fc                __clzsi2
 .text          0x0000000008000438      0x1d4 /home/toni/Ac6/SystemWorkbench/plugins/fr.ac6.mcu.externaltools.arm-none.linux64_1.17.0.201812190825/tools/compiler/bin/../lib/gcc/arm-none-eabi/7.3.1/thumb/v6-m/libgcc.a(_divsi3.o)
                0x0000000008000438                __aeabi_idiv
                0x0000000008000438                __divsi3
                0x0000000008000604                __aeabi_idivmod
 .text          0x000000000800060c       0x7c /home/toni/Ac6/SystemWorkbench/plugins/fr.ac6.mcu.externaltools.arm-none.linux64_1.17.0.201812190825/tools/compiler/bin/../lib/gcc/arm-none-eabi/7.3.1/thumb/v6-m/libgcc.a(_arm_cmpdf2.o)
                0x000000000800060c                __aeabi_cdrcmple
                0x000000000800061c                __aeabi_cdcmple
                0x000000000800061c                __aeabi_cdcmpeq
                0x000000000800062c                __aeabi_dcmpeq
                0x0000000008000638                __aeabi_dcmplt
                0x000000000800064c                __aeabi_dcmple
                0x0000000008000660                __aeabi_dcmpgt
                0x0000000008000674                __aeabi_dcmpge
 .text          0x0000000008000688      0x638 /home/toni/Ac6/SystemWorkbench/plugins/fr.ac6.mcu.externaltools.arm-none.linux64_1.17.0.201812190825/tools/compiler/bin/../lib/gcc/arm-none-eabi/7.3.1/thumb/v6-m/libgcc.a(adddf3.o)
                0x0000000008000688                __aeabi_dadd
 .text          0x0000000008000cc0      0x604 /home/toni/Ac6/SystemWorkbench/plugins/fr.ac6.mcu.externaltools.arm-none.linux64_1.17.0.201812190825/tools/compiler/bin/../lib/gcc/arm-none-eabi/7.3.1/thumb/v6-m/libgcc.a(divdf3.o)
                0x0000000008000cc0                __aeabi_ddiv
 .text          0x00000000080012c4       0x78 /home/toni/Ac6/SystemWorkbench/plugins/fr.ac6.mcu.externaltools.arm-none.linux64_1.17.0.201812190825/tools/compiler/bin/../lib/gcc/arm-none-eabi/7.3.1/thumb/v6-m/libgcc.a(eqdf2.o)
                0x00000000080012c4                __eqdf2
                0x00000000080012c4                __nedf2
 .text          0x000000000800133c       0xc8 /home/toni/Ac6/SystemWorkbench/plugins/fr.ac6.mcu.externaltools.arm-none.linux64_1.17.0.201812190825/tools/compiler/bin/../lib/gcc/arm-none-eabi/7.3.1/thumb/v6-m/libgcc.a(gedf2.o)
                0x000000000800133c                __gtdf2
                0x000000000800133c                __gedf2
 .text          0x0000000008001404       0xd0 /home/toni/Ac6/SystemWorkbench/plugins/fr.ac6.mcu.externaltools.arm-none.linux64_1.17.0.201812190825/tools/compiler/bin/../lib/gcc/arm-none-eabi/7.3.1/thumb/v6-m/libgcc.a(ledf2.o)
                0x0000000008001404                __ltdf2
                0x0000000008001404                __ledf2
 .text          0x00000000080014d4      0x4e4 /home/toni/Ac6/SystemWorkbench/plugins/fr.ac6.mcu.externaltools.arm-none.linux64_1.17.0.201812190825/tools/compiler/bin/../lib/gcc/arm-none-eabi/7.3.1/thumb/v6-m/libgcc.a(muldf3.o)
                0x00000000080014d4                __aeabi_dmul
 .text          0x00000000080019b8      0x690 /home/toni/Ac6/SystemWorkbench/plugins/fr.ac6.mcu.externaltools.arm-none.linux64_1.17.0.201812190825/tools/compiler/bin/../lib/gcc/arm-none-eabi/7.3.1/thumb/v6-m/libgcc.a(subdf3.o)
                0x00000000080019b8                __aeabi_dsub
 .text          0x0000000008002048       0x38 /home/toni/Ac6/SystemWorkbench/plugins/fr.ac6.mcu.externaltools.arm-none.linux64_1.17.0.201812190825/tools/compiler/bin/../lib/gcc/arm-none-eabi/7.3.1/thumb/v6-m/libgcc.a(unorddf2.o)
                0x0000000008002048                __aeabi_dcmpun
 .text          0x0000000008002080       0x6c /home/toni/Ac6/SystemWorkbench/plugins/fr.ac6.mcu.externaltools.arm-none.linux64_1.17.0.201812190825/tools/compiler/bin/../lib/gcc/arm-none-eabi/7.3.1/thumb/v6-m/libgcc.a(fixdfsi.o)
                0x0000000008002080                __aeabi_d2iz
 .text          0x00000000080020ec       0x74 /home/toni/Ac6/SystemWorkbench/plugins/fr.ac6.mcu.externaltools.arm-none.linux64_1.17.0.201812190825/tools/compiler/bin/../lib/gcc/arm-none-eabi/7.3.1/thumb/v6-m/libgcc.a(floatsidf.o)
                0x00000000080020ec                __aeabi_i2d
 .text          0x0000000008002160       0x64 /home/toni/Ac6/SystemWorkbench/plugins/fr.ac6.mcu.externaltools.arm-none.linux64_1.17.0.201812190825/tools/compiler/bin/../lib/gcc/arm-none-eabi/7.3.1/thumb/v6-m/libgcc.a(floatunsidf.o)
                0x0000000008002160                __aeabi_ui2d
 *(.text*)
 .text.HAL_Init
                0x00000000080021c4       0x40 HAL_Driver/Src/stm32l0xx_hal.o
                0x00000000080021c4                HAL_Init
 .text.HAL_InitTick
                0x0000000008002204       0x54 HAL_Driver/Src/stm32l0xx_hal.o
                0x0000000008002204                HAL_InitTick
 .text.HAL_IncTick
                0x0000000008002258       0x18 HAL_Driver/Src/stm32l0xx_hal.o
                0x0000000008002258                HAL_IncTick
 .text.HAL_GetTick
                0x0000000008002270       0x14 HAL_Driver/Src/stm32l0xx_hal.o
                0x0000000008002270                HAL_GetTick
 .text.HAL_Delay
                0x0000000008002284       0x3a HAL_Driver/Src/stm32l0xx_hal.o
                0x0000000008002284                HAL_Delay
 *fill*         0x00000000080022be        0x2 
 .text.HAL_ADC_Init
                0x00000000080022c0      0x2e8 HAL_Driver/Src/stm32l0xx_hal_adc.o
                0x00000000080022c0                HAL_ADC_Init
 .text.HAL_ADC_DeInit
                0x00000000080025a8      0x138 HAL_Driver/Src/stm32l0xx_hal_adc.o
                0x00000000080025a8                HAL_ADC_DeInit
 .text.HAL_ADC_MspInit
                0x00000000080026e0       0x10 HAL_Driver/Src/stm32l0xx_hal_adc.o
                0x00000000080026e0                HAL_ADC_MspInit
 .text.HAL_ADC_MspDeInit
                0x00000000080026f0       0x10 HAL_Driver/Src/stm32l0xx_hal_adc.o
                0x00000000080026f0                HAL_ADC_MspDeInit
 .text.HAL_ADC_Start_DMA
                0x0000000008002700      0x104 HAL_Driver/Src/stm32l0xx_hal_adc.o
                0x0000000008002700                HAL_ADC_Start_DMA
 .text.HAL_ADC_GetValue
                0x0000000008002804       0x16 HAL_Driver/Src/stm32l0xx_hal_adc.o
                0x0000000008002804                HAL_ADC_GetValue
 .text.HAL_ADC_ConvCpltCallback
                0x000000000800281a       0x10 HAL_Driver/Src/stm32l0xx_hal_adc.o
                0x000000000800281a                HAL_ADC_ConvCpltCallback
 .text.HAL_ADC_ConvHalfCpltCallback
                0x000000000800282a       0x10 HAL_Driver/Src/stm32l0xx_hal_adc.o
                0x000000000800282a                HAL_ADC_ConvHalfCpltCallback
 .text.HAL_ADC_ErrorCallback
                0x000000000800283a       0x10 HAL_Driver/Src/stm32l0xx_hal_adc.o
                0x000000000800283a                HAL_ADC_ErrorCallback
 *fill*         0x000000000800284a        0x2 
 .text.HAL_ADC_ConfigChannel
                0x000000000800284c       0xd0 HAL_Driver/Src/stm32l0xx_hal_adc.o
                0x000000000800284c                HAL_ADC_ConfigChannel
 .text.ADC_Enable
                0x000000000800291c       0xc0 HAL_Driver/Src/stm32l0xx_hal_adc.o
 .text.ADC_Disable
                0x00000000080029dc       0xc0 HAL_Driver/Src/stm32l0xx_hal_adc.o
 .text.ADC_ConversionStop
                0x0000000008002a9c       0x8c HAL_Driver/Src/stm32l0xx_hal_adc.o
 .text.ADC_DMAConvCplt
                0x0000000008002b28       0xb4 HAL_Driver/Src/stm32l0xx_hal_adc.o
 .text.ADC_DMAHalfConvCplt
                0x0000000008002bdc       0x1e HAL_Driver/Src/stm32l0xx_hal_adc.o
 .text.ADC_DMAError
                0x0000000008002bfa       0x36 HAL_Driver/Src/stm32l0xx_hal_adc.o
 .text.ADC_DelayMicroSecond
                0x0000000008002c30       0x3c HAL_Driver/Src/stm32l0xx_hal_adc.o
 .text.HAL_ADCEx_Calibration_Start
                0x0000000008002c6c      0x12c HAL_Driver/Src/stm32l0xx_hal_adc_ex.o
                0x0000000008002c6c                HAL_ADCEx_Calibration_Start
 .text.NVIC_SetPriority
                0x0000000008002d98       0xdc HAL_Driver/Src/stm32l0xx_hal_cortex.o
 .text.SysTick_Config
                0x0000000008002e74       0x48 HAL_Driver/Src/stm32l0xx_hal_cortex.o
 .text.HAL_NVIC_SetPriority
                0x0000000008002ebc       0x2a HAL_Driver/Src/stm32l0xx_hal_cortex.o
                0x0000000008002ebc                HAL_NVIC_SetPriority
 .text.HAL_SYSTICK_Config
                0x0000000008002ee6       0x1a HAL_Driver/Src/stm32l0xx_hal_cortex.o
                0x0000000008002ee6                HAL_SYSTICK_Config
 .text.HAL_SYSTICK_IRQHandler
                0x0000000008002f00        0xe HAL_Driver/Src/stm32l0xx_hal_cortex.o
                0x0000000008002f00                HAL_SYSTICK_IRQHandler
 .text.HAL_SYSTICK_Callback
                0x0000000008002f0e        0xa HAL_Driver/Src/stm32l0xx_hal_cortex.o
                0x0000000008002f0e                HAL_SYSTICK_Callback
 .text.HAL_DMA_Start_IT
                0x0000000008002f18       0xcc HAL_Driver/Src/stm32l0xx_hal_dma.o
                0x0000000008002f18                HAL_DMA_Start_IT
 .text.DMA_SetConfig
                0x0000000008002fe4       0x5c HAL_Driver/Src/stm32l0xx_hal_dma.o
 .text.HAL_GPIO_Init
                0x0000000008003040      0x2fc HAL_Driver/Src/stm32l0xx_hal_gpio.o
                0x0000000008003040                HAL_GPIO_Init
 .text.HAL_GPIO_ReadPin
                0x000000000800333c       0x3a HAL_Driver/Src/stm32l0xx_hal_gpio.o
                0x000000000800333c                HAL_GPIO_ReadPin
 .text.HAL_GPIO_WritePin
                0x0000000008003376       0x3a HAL_Driver/Src/stm32l0xx_hal_gpio.o
                0x0000000008003376                HAL_GPIO_WritePin
 .text.HAL_MspInit
                0x00000000080033b0        0xa HAL_Driver/Src/stm32l0xx_hal_msp_template.o
                0x00000000080033b0                HAL_MspInit
 *fill*         0x00000000080033ba        0x2 
 .text.HAL_RCC_OscConfig
                0x00000000080033bc      0x6f4 HAL_Driver/Src/stm32l0xx_hal_rcc.o
                0x00000000080033bc                HAL_RCC_OscConfig
 .text.HAL_RCC_ClockConfig
                0x0000000008003ab0      0x254 HAL_Driver/Src/stm32l0xx_hal_rcc.o
                0x0000000008003ab0                HAL_RCC_ClockConfig
 .text.HAL_RCC_GetSysClockFreq
                0x0000000008003d04      0x108 HAL_Driver/Src/stm32l0xx_hal_rcc.o
                0x0000000008003d04                HAL_RCC_GetSysClockFreq
 .text.HAL_RCC_GetHCLKFreq
                0x0000000008003e0c       0x14 HAL_Driver/Src/stm32l0xx_hal_rcc.o
                0x0000000008003e0c                HAL_RCC_GetHCLKFreq
 .text.HAL_RCC_GetPCLK1Freq
                0x0000000008003e20       0x2c HAL_Driver/Src/stm32l0xx_hal_rcc.o
                0x0000000008003e20                HAL_RCC_GetPCLK1Freq
 .text.HAL_RCC_GetPCLK2Freq
                0x0000000008003e4c       0x2c HAL_Driver/Src/stm32l0xx_hal_rcc.o
                0x0000000008003e4c                HAL_RCC_GetPCLK2Freq
 .text.HAL_TIM_PWM_Init
                0x0000000008003e78       0x58 HAL_Driver/Src/stm32l0xx_hal_tim.o
                0x0000000008003e78                HAL_TIM_PWM_Init
 .text.HAL_TIM_PWM_MspInit
                0x0000000008003ed0       0x10 HAL_Driver/Src/stm32l0xx_hal_tim.o
                0x0000000008003ed0                HAL_TIM_PWM_MspInit
 .text.HAL_TIM_PWM_Start
                0x0000000008003ee0       0x44 HAL_Driver/Src/stm32l0xx_hal_tim.o
                0x0000000008003ee0                HAL_TIM_PWM_Start
 .text.HAL_TIM_PWM_ConfigChannel
                0x0000000008003f24      0x170 HAL_Driver/Src/stm32l0xx_hal_tim.o
                0x0000000008003f24                HAL_TIM_PWM_ConfigChannel
 .text.TIM_Base_SetConfig
                0x0000000008004094       0xa8 HAL_Driver/Src/stm32l0xx_hal_tim.o
 .text.TIM_OC1_SetConfig
                0x000000000800413c       0x78 HAL_Driver/Src/stm32l0xx_hal_tim.o
 .text.TIM_OC2_SetConfig
                0x00000000080041b4       0x84 HAL_Driver/Src/stm32l0xx_hal_tim.o
 .text.TIM_OC3_SetConfig
                0x0000000008004238       0x80 HAL_Driver/Src/stm32l0xx_hal_tim.o
 .text.TIM_OC4_SetConfig
                0x00000000080042b8       0x8c HAL_Driver/Src/stm32l0xx_hal_tim.o
 .text.TIM_CCxChannelCmd
                0x0000000008004344       0x46 HAL_Driver/Src/stm32l0xx_hal_tim.o
 *fill*         0x000000000800438a        0x2 
 .text.HAL_UART_Init
                0x000000000800438c       0xa8 HAL_Driver/Src/stm32l0xx_hal_uart.o
                0x000000000800438c                HAL_UART_Init
 .text.HAL_UART_MspInit
                0x0000000008004434       0x10 HAL_Driver/Src/stm32l0xx_hal_uart.o
                0x0000000008004434                HAL_UART_MspInit
 .text.HAL_UART_Transmit
                0x0000000008004444      0x14e HAL_Driver/Src/stm32l0xx_hal_uart.o
                0x0000000008004444                HAL_UART_Transmit
 *fill*         0x0000000008004592        0x2 
 .text.UART_SetConfig
                0x0000000008004594      0x5b4 HAL_Driver/Src/stm32l0xx_hal_uart.o
                0x0000000008004594                UART_SetConfig
 .text.UART_AdvFeatureConfig
                0x0000000008004b48      0x168 HAL_Driver/Src/stm32l0xx_hal_uart.o
                0x0000000008004b48                UART_AdvFeatureConfig
 .text.UART_CheckIdleState
                0x0000000008004cb0       0x8c HAL_Driver/Src/stm32l0xx_hal_uart.o
                0x0000000008004cb0                UART_CheckIdleState
 .text.UART_WaitOnFlagUntilTimeout
                0x0000000008004d3c       0x94 HAL_Driver/Src/stm32l0xx_hal_uart.o
                0x0000000008004d3c                UART_WaitOnFlagUntilTimeout
 .text.BSP_LED_On
                0x0000000008004dd0       0x2c Utilities/stm32l0xx_nucleo.o
                0x0000000008004dd0                BSP_LED_On
 .text.main     0x0000000008004dfc       0xb4 src/main.o
                0x0000000008004dfc                main
 .text.SystemClock_Config
                0x0000000008004eb0       0xb0 src/main.o
                0x0000000008004eb0                SystemClock_Config
 .text.Error_Handler
                0x0000000008004f60       0x1c src/main.o
                0x0000000008004f60                Error_Handler
 .text.clock_init
                0x0000000008004f7c       0x5c src/main.o
                0x0000000008004f7c                clock_init
 .text.uart_init
                0x0000000008004fd8       0xa4 src/main.o
                0x0000000008004fd8                uart_init
 .text.adc_init
                0x000000000800507c      0x104 src/main.o
                0x000000000800507c                adc_init
 .text.set_gpio_timers_pwm
                0x0000000008005180       0x3c src/main.o
                0x0000000008005180                set_gpio_timers_pwm
 .text.set_timers_pwm
                0x00000000080051bc       0xa4 src/main.o
                0x00000000080051bc                set_timers_pwm
 .text.gpio_init
                0x0000000008005260       0x54 src/main.o
                0x0000000008005260                gpio_init
 .text.SysTick_Handler
                0x00000000080052b4       0x12 src/stm32l0xx_it.o
                0x00000000080052b4                SysTick_Handler
 .text._read    0x00000000080052c6       0x3a src/syscalls.o
                0x00000000080052c6                _read
 .text._write   0x0000000008005300       0x38 src/syscalls.o
                0x0000000008005300                _write
 .text._sbrk    0x0000000008005338       0x58 src/syscalls.o
                0x0000000008005338                _sbrk
 .text._close   0x0000000008005390       0x14 src/syscalls.o
                0x0000000008005390                _close
 .text._fstat   0x00000000080053a4       0x1c src/syscalls.o
                0x00000000080053a4                _fstat
 .text._isatty  0x00000000080053c0       0x12 src/syscalls.o
                0x00000000080053c0                _isatty
 .text._lseek   0x00000000080053d2       0x16 src/syscalls.o
                0x00000000080053d2                _lseek
 .text.SystemInit
                0x00000000080053e8       0x7c src/system_stm32l0xx.o
                0x00000000080053e8                SystemInit
 .text.Reset_Handler
                0x0000000008005464       0x80 startup/startup_stm32l010xb.o
                0x0000000008005464                Reset_Handler
 .text.Default_Handler
                0x00000000080054e4        0x2 startup/startup_stm32l010xb.o
                0x00000000080054e4                HardFault_Handler
                0x00000000080054e4                PendSV_Handler
                0x00000000080054e4                NMI_Handler
                0x00000000080054e4                I2C1_IRQHandler
                0x00000000080054e4                SPI1_IRQHandler
                0x00000000080054e4                EXTI2_3_IRQHandler
                0x00000000080054e4                ADC1_IRQHandler
                0x00000000080054e4                RTC_IRQHandler
                0x00000000080054e4                DMA1_Channel4_5_6_7_IRQHandler
                0x00000000080054e4                EXTI4_15_IRQHandler
                0x00000000080054e4                RCC_IRQHandler
                0x00000000080054e4                DMA1_Channel1_IRQHandler
                0x00000000080054e4                Default_Handler
                0x00000000080054e4                TIM22_IRQHandler
                0x00000000080054e4                EXTI0_1_IRQHandler
                0x00000000080054e4                SVC_Handler
                0x00000000080054e4                TIM21_IRQHandler
                0x00000000080054e4                WWDG_IRQHandler
                0x00000000080054e4                LPUART1_IRQHandler
                0x00000000080054e4                TIM2_IRQHandler
                0x00000000080054e4                DMA1_Channel2_3_IRQHandler
                0x00000000080054e4                USART2_IRQHandler
                0x00000000080054e4                FLASH_IRQHandler
                0x00000000080054e4                LPTIM1_IRQHandler
 *fill*         0x00000000080054e6        0x2 
 .text.__errno  0x00000000080054e8        0xc /home/toni/Ac6/SystemWorkbench/plugins/fr.ac6.mcu.externaltools.arm-none.linux64_1.17.0.201812190825/tools/compiler/bin/../lib/gcc/arm-none-eabi/7.3.1/../../../../arm-none-eabi/lib/thumb/v6-m/libc.a(lib_a-errno.o)
                0x00000000080054e8                __errno
 .text.__libc_init_array
                0x00000000080054f4       0x48 /home/toni/Ac6/SystemWorkbench/plugins/fr.ac6.mcu.externaltools.arm-none.linux64_1.17.0.201812190825/tools/compiler/bin/../lib/gcc/arm-none-eabi/7.3.1/../../../../arm-none-eabi/lib/thumb/v6-m/libc.a(lib_a-init.o)
                0x00000000080054f4                __libc_init_array
 .text.memset   0x000000000800553c       0x9c /home/toni/Ac6/SystemWorkbench/plugins/fr.ac6.mcu.externaltools.arm-none.linux64_1.17.0.201812190825/tools/compiler/bin/../lib/gcc/arm-none-eabi/7.3.1/../../../../arm-none-eabi/lib/thumb/v6-m/libc.a(lib_a-memset.o)
                0x000000000800553c                memset
 .text.printf   0x00000000080055d8       0x24 /home/toni/Ac6/SystemWorkbench/plugins/fr.ac6.mcu.externaltools.arm-none.linux64_1.17.0.201812190825/tools/compiler/bin/../lib/gcc/arm-none-eabi/7.3.1/../../../../arm-none-eabi/lib/thumb/v6-m/libc.a(lib_a-printf.o)
                0x00000000080055d8                printf
 .text.sprintf  0x00000000080055fc       0x40 /home/toni/Ac6/SystemWorkbench/plugins/fr.ac6.mcu.externaltools.arm-none.linux64_1.17.0.201812190825/tools/compiler/bin/../lib/gcc/arm-none-eabi/7.3.1/../../../../arm-none-eabi/lib/thumb/v6-m/libc.a(lib_a-sprintf.o)
                0x00000000080055fc                sprintf
 .text._svfprintf_r
                0x000000000800563c     0x1b6c /home/toni/Ac6/SystemWorkbench/plugins/fr.ac6.mcu.externaltools.arm-none.linux64_1.17.0.201812190825/tools/compiler/bin/../lib/gcc/arm-none-eabi/7.3.1/../../../../arm-none-eabi/lib/thumb/v6-m/libc.a(lib_a-svfprintf.o)
                0x000000000800563c                _svfprintf_r
 .text._vfprintf_r
                0x00000000080071a8     0x1c10 /home/toni/Ac6/SystemWorkbench/plugins/fr.ac6.mcu.externaltools.arm-none.linux64_1.17.0.201812190825/tools/compiler/bin/../lib/gcc/arm-none-eabi/7.3.1/../../../../arm-none-eabi/lib/thumb/v6-m/libc.a(lib_a-vfprintf.o)
                0x00000000080071a8                _vfprintf_r
 .text.__sbprintf
                0x0000000008008db8       0x88 /home/toni/Ac6/SystemWorkbench/plugins/fr.ac6.mcu.externaltools.arm-none.linux64_1.17.0.201812190825/tools/compiler/bin/../lib/gcc/arm-none-eabi/7.3.1/../../../../arm-none-eabi/lib/thumb/v6-m/libc.a(lib_a-vfprintf.o)
 .text.__swsetup_r
                0x0000000008008e40       0xd4 /home/toni/Ac6/SystemWorkbench/plugins/fr.ac6.mcu.externaltools.arm-none.linux64_1.17.0.201812190825/tools/compiler/bin/../lib/gcc/arm-none-eabi/7.3.1/../../../../arm-none-eabi/lib/thumb/v6-m/libc.a(lib_a-wsetup.o)
                0x0000000008008e40                __swsetup_r
 .text.startup.register_fini
                0x0000000008008f14       0x18 /home/toni/Ac6/SystemWorkbench/plugins/fr.ac6.mcu.externaltools.arm-none.linux64_1.17.0.201812190825/tools/compiler/bin/../lib/gcc/arm-none-eabi/7.3.1/../../../../arm-none-eabi/lib/thumb/v6-m/libc.a(lib_a-__call_atexit.o)
 .text.atexit   0x0000000008008f2c       0x10 /home/toni/Ac6/SystemWorkbench/plugins/fr.ac6.mcu.externaltools.arm-none.linux64_1.17.0.201812190825/tools/compiler/bin/../lib/gcc/arm-none-eabi/7.3.1/../../../../arm-none-eabi/lib/thumb/v6-m/libc.a(lib_a-atexit.o)
                0x0000000008008f2c                atexit
 .text.quorem   0x0000000008008f3c      0x154 /home/toni/Ac6/SystemWorkbench/plugins/fr.ac6.mcu.externaltools.arm-none.linux64_1.17.0.201812190825/tools/compiler/bin/../lib/gcc/arm-none-eabi/7.3.1/../../../../arm-none-eabi/lib/thumb/v6-m/libc.a(lib_a-dtoa.o)
 .text._dtoa_r  0x0000000008009090      0xf4c /home/toni/Ac6/SystemWorkbench/plugins/fr.ac6.mcu.externaltools.arm-none.linux64_1.17.0.201812190825/tools/compiler/bin/../lib/gcc/arm-none-eabi/7.3.1/../../../../arm-none-eabi/lib/thumb/v6-m/libc.a(lib_a-dtoa.o)
                0x0000000008009090                _dtoa_r
 .text.__sflush_r
                0x0000000008009fdc      0x150 /home/toni/Ac6/SystemWorkbench/plugins/fr.ac6.mcu.externaltools.arm-none.linux64_1.17.0.201812190825/tools/compiler/bin/../lib/gcc/arm-none-eabi/7.3.1/../../../../arm-none-eabi/lib/thumb/v6-m/libc.a(lib_a-fflush.o)
                0x0000000008009fdc                __sflush_r
 .text._fflush_r
                0x000000000800a12c       0x54 /home/toni/Ac6/SystemWorkbench/plugins/fr.ac6.mcu.externaltools.arm-none.linux64_1.17.0.201812190825/tools/compiler/bin/../lib/gcc/arm-none-eabi/7.3.1/../../../../arm-none-eabi/lib/thumb/v6-m/libc.a(lib_a-fflush.o)
                0x000000000800a12c                _fflush_r
 .text.std      0x000000000800a180       0x50 /home/toni/Ac6/SystemWorkbench/plugins/fr.ac6.mcu.externaltools.arm-none.linux64_1.17.0.201812190825/tools/compiler/bin/../lib/gcc/arm-none-eabi/7.3.1/../../../../arm-none-eabi/lib/thumb/v6-m/libc.a(lib_a-findfp.o)
 .text._cleanup_r
                0x000000000800a1d0       0x10 /home/toni/Ac6/SystemWorkbench/plugins/fr.ac6.mcu.externaltools.arm-none.linux64_1.17.0.201812190825/tools/compiler/bin/../lib/gcc/arm-none-eabi/7.3.1/../../../../arm-none-eabi/lib/thumb/v6-m/libc.a(lib_a-findfp.o)
                0x000000000800a1d0                _cleanup_r
 .text.__sinit  0x000000000800a1e0       0x60 /home/toni/Ac6/SystemWorkbench/plugins/fr.ac6.mcu.externaltools.arm-none.linux64_1.17.0.201812190825/tools/compiler/bin/../lib/gcc/arm-none-eabi/7.3.1/../../../../arm-none-eabi/lib/thumb/v6-m/libc.a(lib_a-findfp.o)
                0x000000000800a1e0                __sinit
 .text.__sfp_lock_acquire
                0x000000000800a240       0x10 /home/toni/Ac6/SystemWorkbench/plugins/fr.ac6.mcu.externaltools.arm-none.linux64_1.17.0.201812190825/tools/compiler/bin/../lib/gcc/arm-none-eabi/7.3.1/../../../../arm-none-eabi/lib/thumb/v6-m/libc.a(lib_a-findfp.o)
                0x000000000800a240                __sfp_lock_acquire
 .text.__sfp_lock_release
                0x000000000800a250       0x10 /home/toni/Ac6/SystemWorkbench/plugins/fr.ac6.mcu.externaltools.arm-none.linux64_1.17.0.201812190825/tools/compiler/bin/../lib/gcc/arm-none-eabi/7.3.1/../../../../arm-none-eabi/lib/thumb/v6-m/libc.a(lib_a-findfp.o)
                0x000000000800a250                __sfp_lock_release
 .text.__libc_fini_array
                0x000000000800a260       0x34 /home/toni/Ac6/SystemWorkbench/plugins/fr.ac6.mcu.externaltools.arm-none.linux64_1.17.0.201812190825/tools/compiler/bin/../lib/gcc/arm-none-eabi/7.3.1/../../../../arm-none-eabi/lib/thumb/v6-m/libc.a(lib_a-fini.o)
                0x000000000800a260                __libc_fini_array
 .text._malloc_trim_r
                0x000000000800a294       0xa0 /home/toni/Ac6/SystemWorkbench/plugins/fr.ac6.mcu.externaltools.arm-none.linux64_1.17.0.201812190825/tools/compiler/bin/../lib/gcc/arm-none-eabi/7.3.1/../../../../arm-none-eabi/lib/thumb/v6-m/libc.a(lib_a-freer.o)
                0x000000000800a294                _malloc_trim_r
 .text._free_r  0x000000000800a334      0x1d4 /home/toni/Ac6/SystemWorkbench/plugins/fr.ac6.mcu.externaltools.arm-none.linux64_1.17.0.201812190825/tools/compiler/bin/../lib/gcc/arm-none-eabi/7.3.1/../../../../arm-none-eabi/lib/thumb/v6-m/libc.a(lib_a-freer.o)
                0x000000000800a334                _free_r
 .text._fwalk_reent
                0x000000000800a508       0x4c /home/toni/Ac6/SystemWorkbench/plugins/fr.ac6.mcu.externaltools.arm-none.linux64_1.17.0.201812190825/tools/compiler/bin/../lib/gcc/arm-none-eabi/7.3.1/../../../../arm-none-eabi/lib/thumb/v6-m/libc.a(lib_a-fwalk.o)
                0x000000000800a508                _fwalk_reent
 .text._localeconv_r
                0x000000000800a554       0x18 /home/toni/Ac6/SystemWorkbench/plugins/fr.ac6.mcu.externaltools.arm-none.linux64_1.17.0.201812190825/tools/compiler/bin/../lib/gcc/arm-none-eabi/7.3.1/../../../../arm-none-eabi/lib/thumb/v6-m/libc.a(lib_a-localeconv.o)
                0x000000000800a554                _localeconv_r
 .text.__retarget_lock_init_recursive
                0x000000000800a56c        0x4 /home/toni/Ac6/SystemWorkbench/plugins/fr.ac6.mcu.externaltools.arm-none.linux64_1.17.0.201812190825/tools/compiler/bin/../lib/gcc/arm-none-eabi/7.3.1/../../../../arm-none-eabi/lib/thumb/v6-m/libc.a(lib_a-lock.o)
                0x000000000800a56c                __retarget_lock_init_recursive
 .text.__retarget_lock_close_recursive
                0x000000000800a570        0x4 /home/toni/Ac6/SystemWorkbench/plugins/fr.ac6.mcu.externaltools.arm-none.linux64_1.17.0.201812190825/tools/compiler/bin/../lib/gcc/arm-none-eabi/7.3.1/../../../../arm-none-eabi/lib/thumb/v6-m/libc.a(lib_a-lock.o)
                0x000000000800a570                __retarget_lock_close_recursive
 .text.__retarget_lock_acquire_recursive
                0x000000000800a574        0x4 /home/toni/Ac6/SystemWorkbench/plugins/fr.ac6.mcu.externaltools.arm-none.linux64_1.17.0.201812190825/tools/compiler/bin/../lib/gcc/arm-none-eabi/7.3.1/../../../../arm-none-eabi/lib/thumb/v6-m/libc.a(lib_a-lock.o)
                0x000000000800a574                __retarget_lock_acquire_recursive
 .text.__retarget_lock_release_recursive
                0x000000000800a578        0x4 /home/toni/Ac6/SystemWorkbench/plugins/fr.ac6.mcu.externaltools.arm-none.linux64_1.17.0.201812190825/tools/compiler/bin/../lib/gcc/arm-none-eabi/7.3.1/../../../../arm-none-eabi/lib/thumb/v6-m/libc.a(lib_a-lock.o)
                0x000000000800a578                __retarget_lock_release_recursive
 .text.__swhatbuf_r
                0x000000000800a57c       0x60 /home/toni/Ac6/SystemWorkbench/plugins/fr.ac6.mcu.externaltools.arm-none.linux64_1.17.0.201812190825/tools/compiler/bin/../lib/gcc/arm-none-eabi/7.3.1/../../../../arm-none-eabi/lib/thumb/v6-m/libc.a(lib_a-makebuf.o)
                0x000000000800a57c                __swhatbuf_r
 .text.__smakebuf_r
                0x000000000800a5dc       0x90 /home/toni/Ac6/SystemWorkbench/plugins/fr.ac6.mcu.externaltools.arm-none.linux64_1.17.0.201812190825/tools/compiler/bin/../lib/gcc/arm-none-eabi/7.3.1/../../../../arm-none-eabi/lib/thumb/v6-m/libc.a(lib_a-makebuf.o)
                0x000000000800a5dc                __smakebuf_r
 .text._malloc_r
                0x000000000800a66c      0x554 /home/toni/Ac6/SystemWorkbench/plugins/fr.ac6.mcu.externaltools.arm-none.linux64_1.17.0.201812190825/tools/compiler/bin/../lib/gcc/arm-none-eabi/7.3.1/../../../../arm-none-eabi/lib/thumb/v6-m/libc.a(lib_a-mallocr.o)
                0x000000000800a66c                _malloc_r
 .text.memchr   0x000000000800abc0       0x80 /home/toni/Ac6/SystemWorkbench/plugins/fr.ac6.mcu.externaltools.arm-none.linux64_1.17.0.201812190825/tools/compiler/bin/../lib/gcc/arm-none-eabi/7.3.1/../../../../arm-none-eabi/lib/thumb/v6-m/libc.a(lib_a-memchr-stub.o)
                0x000000000800abc0                memchr
 .text.memcpy   0x000000000800ac40       0x88 /home/toni/Ac6/SystemWorkbench/plugins/fr.ac6.mcu.externaltools.arm-none.linux64_1.17.0.201812190825/tools/compiler/bin/../lib/gcc/arm-none-eabi/7.3.1/../../../../arm-none-eabi/lib/thumb/v6-m/libc.a(lib_a-memcpy-stub.o)
                0x000000000800ac40                memcpy
 .text.__malloc_lock
                0x000000000800acc8       0x10 /home/toni/Ac6/SystemWorkbench/plugins/fr.ac6.mcu.externaltools.arm-none.linux64_1.17.0.201812190825/tools/compiler/bin/../lib/gcc/arm-none-eabi/7.3.1/../../../../arm-none-eabi/lib/thumb/v6-m/libc.a(lib_a-mlock.o)
                0x000000000800acc8                __malloc_lock
 .text.__malloc_unlock
                0x000000000800acd8       0x10 /home/toni/Ac6/SystemWorkbench/plugins/fr.ac6.mcu.externaltools.arm-none.linux64_1.17.0.201812190825/tools/compiler/bin/../lib/gcc/arm-none-eabi/7.3.1/../../../../arm-none-eabi/lib/thumb/v6-m/libc.a(lib_a-mlock.o)
                0x000000000800acd8                __malloc_unlock
 .text._Balloc  0x000000000800ace8       0x50 /home/toni/Ac6/SystemWorkbench/plugins/fr.ac6.mcu.externaltools.arm-none.linux64_1.17.0.201812190825/tools/compiler/bin/../lib/gcc/arm-none-eabi/7.3.1/../../../../arm-none-eabi/lib/thumb/v6-m/libc.a(lib_a-mprec.o)
                0x000000000800ace8                _Balloc
 .text._Bfree   0x000000000800ad38       0x14 /home/toni/Ac6/SystemWorkbench/plugins/fr.ac6.mcu.externaltools.arm-none.linux64_1.17.0.201812190825/tools/compiler/bin/../lib/gcc/arm-none-eabi/7.3.1/../../../../arm-none-eabi/lib/thumb/v6-m/libc.a(lib_a-mprec.o)
                0x000000000800ad38                _Bfree
 .text.__multadd
                0x000000000800ad4c       0x8c /home/toni/Ac6/SystemWorkbench/plugins/fr.ac6.mcu.externaltools.arm-none.linux64_1.17.0.201812190825/tools/compiler/bin/../lib/gcc/arm-none-eabi/7.3.1/../../../../arm-none-eabi/lib/thumb/v6-m/libc.a(lib_a-mprec.o)
                0x000000000800ad4c                __multadd
 .text.__hi0bits
                0x000000000800add8       0x38 /home/toni/Ac6/SystemWorkbench/plugins/fr.ac6.mcu.externaltools.arm-none.linux64_1.17.0.201812190825/tools/compiler/bin/../lib/gcc/arm-none-eabi/7.3.1/../../../../arm-none-eabi/lib/thumb/v6-m/libc.a(lib_a-mprec.o)
                0x000000000800add8                __hi0bits
 .text.__lo0bits
                0x000000000800ae10       0x5c /home/toni/Ac6/SystemWorkbench/plugins/fr.ac6.mcu.externaltools.arm-none.linux64_1.17.0.201812190825/tools/compiler/bin/../lib/gcc/arm-none-eabi/7.3.1/../../../../arm-none-eabi/lib/thumb/v6-m/libc.a(lib_a-mprec.o)
                0x000000000800ae10                __lo0bits
 .text.__i2b    0x000000000800ae6c       0x14 /home/toni/Ac6/SystemWorkbench/plugins/fr.ac6.mcu.externaltools.arm-none.linux64_1.17.0.201812190825/tools/compiler/bin/../lib/gcc/arm-none-eabi/7.3.1/../../../../arm-none-eabi/lib/thumb/v6-m/libc.a(lib_a-mprec.o)
                0x000000000800ae6c                __i2b
 .text.__multiply
                0x000000000800ae80      0x178 /home/toni/Ac6/SystemWorkbench/plugins/fr.ac6.mcu.externaltools.arm-none.linux64_1.17.0.201812190825/tools/compiler/bin/../lib/gcc/arm-none-eabi/7.3.1/../../../../arm-none-eabi/lib/thumb/v6-m/libc.a(lib_a-mprec.o)
                0x000000000800ae80                __multiply
 .text.__pow5mult
                0x000000000800aff8       0xc0 /home/toni/Ac6/SystemWorkbench/plugins/fr.ac6.mcu.externaltools.arm-none.linux64_1.17.0.201812190825/tools/compiler/bin/../lib/gcc/arm-none-eabi/7.3.1/../../../../arm-none-eabi/lib/thumb/v6-m/libc.a(lib_a-mprec.o)
                0x000000000800aff8                __pow5mult
 .text.__lshift
                0x000000000800b0b8       0xc8 /home/toni/Ac6/SystemWorkbench/plugins/fr.ac6.mcu.externaltools.arm-none.linux64_1.17.0.201812190825/tools/compiler/bin/../lib/gcc/arm-none-eabi/7.3.1/../../../../arm-none-eabi/lib/thumb/v6-m/libc.a(lib_a-mprec.o)
                0x000000000800b0b8                __lshift
 .text.__mcmp   0x000000000800b180       0x34 /home/toni/Ac6/SystemWorkbench/plugins/fr.ac6.mcu.externaltools.arm-none.linux64_1.17.0.201812190825/tools/compiler/bin/../lib/gcc/arm-none-eabi/7.3.1/../../../../arm-none-eabi/lib/thumb/v6-m/libc.a(lib_a-mprec.o)
                0x000000000800b180                __mcmp
 .text.__mdiff  0x000000000800b1b4      0x124 /home/toni/Ac6/SystemWorkbench/plugins/fr.ac6.mcu.externaltools.arm-none.linux64_1.17.0.201812190825/tools/compiler/bin/../lib/gcc/arm-none-eabi/7.3.1/../../../../arm-none-eabi/lib/thumb/v6-m/libc.a(lib_a-mprec.o)
                0x000000000800b1b4                __mdiff
 .text.__d2b    0x000000000800b2d8       0xbc /home/toni/Ac6/SystemWorkbench/plugins/fr.ac6.mcu.externaltools.arm-none.linux64_1.17.0.201812190825/tools/compiler/bin/../lib/gcc/arm-none-eabi/7.3.1/../../../../arm-none-eabi/lib/thumb/v6-m/libc.a(lib_a-mprec.o)
                0x000000000800b2d8                __d2b
 .text.frexp    0x000000000800b394       0x64 /home/toni/Ac6/SystemWorkbench/plugins/fr.ac6.mcu.externaltools.arm-none.linux64_1.17.0.201812190825/tools/compiler/bin/../lib/gcc/arm-none-eabi/7.3.1/../../../../arm-none-eabi/lib/thumb/v6-m/libc.a(lib_a-s_frexp.o)
                0x000000000800b394                frexp
 .text._sbrk_r  0x000000000800b3f8       0x24 /home/toni/Ac6/SystemWorkbench/plugins/fr.ac6.mcu.externaltools.arm-none.linux64_1.17.0.201812190825/tools/compiler/bin/../lib/gcc/arm-none-eabi/7.3.1/../../../../arm-none-eabi/lib/thumb/v6-m/libc.a(lib_a-sbrkr.o)
                0x000000000800b3f8                _sbrk_r
 .text.__sread  0x000000000800b41c       0x28 /home/toni/Ac6/SystemWorkbench/plugins/fr.ac6.mcu.externaltools.arm-none.linux64_1.17.0.201812190825/tools/compiler/bin/../lib/gcc/arm-none-eabi/7.3.1/../../../../arm-none-eabi/lib/thumb/v6-m/libc.a(lib_a-stdio.o)
                0x000000000800b41c                __sread
 .text.__swrite
                0x000000000800b444       0x3c /home/toni/Ac6/SystemWorkbench/plugins/fr.ac6.mcu.externaltools.arm-none.linux64_1.17.0.201812190825/tools/compiler/bin/../lib/gcc/arm-none-eabi/7.3.1/../../../../arm-none-eabi/lib/thumb/v6-m/libc.a(lib_a-stdio.o)
                0x000000000800b444                __swrite
 .text.__sseek  0x000000000800b480       0x2c /home/toni/Ac6/SystemWorkbench/plugins/fr.ac6.mcu.externaltools.arm-none.linux64_1.17.0.201812190825/tools/compiler/bin/../lib/gcc/arm-none-eabi/7.3.1/../../../../arm-none-eabi/lib/thumb/v6-m/libc.a(lib_a-stdio.o)
                0x000000000800b480                __sseek
 .text.__sclose
                0x000000000800b4ac        0xc /home/toni/Ac6/SystemWorkbench/plugins/fr.ac6.mcu.externaltools.arm-none.linux64_1.17.0.201812190825/tools/compiler/bin/../lib/gcc/arm-none-eabi/7.3.1/../../../../arm-none-eabi/lib/thumb/v6-m/libc.a(lib_a-stdio.o)
                0x000000000800b4ac                __sclose
 .text.strlen   0x000000000800b4b8       0x64 /home/toni/Ac6/SystemWorkbench/plugins/fr.ac6.mcu.externaltools.arm-none.linux64_1.17.0.201812190825/tools/compiler/bin/../lib/gcc/arm-none-eabi/7.3.1/../../../../arm-none-eabi/lib/thumb/v6-m/libc.a(lib_a-strlen-stub.o)
                0x000000000800b4b8                strlen
 .text.strncpy  0x000000000800b51c       0x8c /home/toni/Ac6/SystemWorkbench/plugins/fr.ac6.mcu.externaltools.arm-none.linux64_1.17.0.201812190825/tools/compiler/bin/../lib/gcc/arm-none-eabi/7.3.1/../../../../arm-none-eabi/lib/thumb/v6-m/libc.a(lib_a-strncpy.o)
                0x000000000800b51c                strncpy
 .text.__ssprint_r
                0x000000000800b5a8      0x118 /home/toni/Ac6/SystemWorkbench/plugins/fr.ac6.mcu.externaltools.arm-none.linux64_1.17.0.201812190825/tools/compiler/bin/../lib/gcc/arm-none-eabi/7.3.1/../../../../arm-none-eabi/lib/thumb/v6-m/libc.a(lib_a-svfiprintf.o)
                0x000000000800b5a8                __ssprint_r
 .text.__sprint_r.part.0
                0x000000000800b6c0       0x80 /home/toni/Ac6/SystemWorkbench/plugins/fr.ac6.mcu.externaltools.arm-none.linux64_1.17.0.201812190825/tools/compiler/bin/../lib/gcc/arm-none-eabi/7.3.1/../../../../arm-none-eabi/lib/thumb/v6-m/libc.a(lib_a-vfiprintf.o)
 .text.__sprint_r
                0x000000000800b740       0x14 /home/toni/Ac6/SystemWorkbench/plugins/fr.ac6.mcu.externaltools.arm-none.linux64_1.17.0.201812190825/tools/compiler/bin/../lib/gcc/arm-none-eabi/7.3.1/../../../../arm-none-eabi/lib/thumb/v6-m/libc.a(lib_a-vfiprintf.o)
                0x000000000800b740                __sprint_r
 .text._write_r
                0x000000000800b754       0x28 /home/toni/Ac6/SystemWorkbench/plugins/fr.ac6.mcu.externaltools.arm-none.linux64_1.17.0.201812190825/tools/compiler/bin/../lib/gcc/arm-none-eabi/7.3.1/../../../../arm-none-eabi/lib/thumb/v6-m/libc.a(lib_a-writer.o)
                0x000000000800b754                _write_r
 .text.__register_exitproc
                0x000000000800b77c       0xf4 /home/toni/Ac6/SystemWorkbench/plugins/fr.ac6.mcu.externaltools.arm-none.linux64_1.17.0.201812190825/tools/compiler/bin/../lib/gcc/arm-none-eabi/7.3.1/../../../../arm-none-eabi/lib/thumb/v6-m/libc.a(lib_a-__atexit.o)
                0x000000000800b77c                __register_exitproc
 .text._calloc_r
                0x000000000800b870       0x58 /home/toni/Ac6/SystemWorkbench/plugins/fr.ac6.mcu.externaltools.arm-none.linux64_1.17.0.201812190825/tools/compiler/bin/../lib/gcc/arm-none-eabi/7.3.1/../../../../arm-none-eabi/lib/thumb/v6-m/libc.a(lib_a-callocr.o)
                0x000000000800b870                _calloc_r
 .text._close_r
                0x000000000800b8c8       0x24 /home/toni/Ac6/SystemWorkbench/plugins/fr.ac6.mcu.externaltools.arm-none.linux64_1.17.0.201812190825/tools/compiler/bin/../lib/gcc/arm-none-eabi/7.3.1/../../../../arm-none-eabi/lib/thumb/v6-m/libc.a(lib_a-closer.o)
                0x000000000800b8c8                _close_r
 .text._fclose_r
                0x000000000800b8ec       0xd8 /home/toni/Ac6/SystemWorkbench/plugins/fr.ac6.mcu.externaltools.arm-none.linux64_1.17.0.201812190825/tools/compiler/bin/../lib/gcc/arm-none-eabi/7.3.1/../../../../arm-none-eabi/lib/thumb/v6-m/libc.a(lib_a-fclose.o)
                0x000000000800b8ec                _fclose_r
 .text.__fputwc
                0x000000000800b9c4       0x94 /home/toni/Ac6/SystemWorkbench/plugins/fr.ac6.mcu.externaltools.arm-none.linux64_1.17.0.201812190825/tools/compiler/bin/../lib/gcc/arm-none-eabi/7.3.1/../../../../arm-none-eabi/lib/thumb/v6-m/libc.a(lib_a-fputwc.o)
                0x000000000800b9c4                __fputwc
 .text._fputwc_r
                0x000000000800ba58       0x5c /home/toni/Ac6/SystemWorkbench/plugins/fr.ac6.mcu.externaltools.arm-none.linux64_1.17.0.201812190825/tools/compiler/bin/../lib/gcc/arm-none-eabi/7.3.1/../../../../arm-none-eabi/lib/thumb/v6-m/libc.a(lib_a-fputwc.o)
                0x000000000800ba58                _fputwc_r
 .text._fstat_r
                0x000000000800bab4       0x28 /home/toni/Ac6/SystemWorkbench/plugins/fr.ac6.mcu.externaltools.arm-none.linux64_1.17.0.201812190825/tools/compiler/bin/../lib/gcc/arm-none-eabi/7.3.1/../../../../arm-none-eabi/lib/thumb/v6-m/libc.a(lib_a-fstatr.o)
                0x000000000800bab4                _fstat_r
 .text.__sfvwrite_r
                0x000000000800badc      0x2fc /home/toni/Ac6/SystemWorkbench/plugins/fr.ac6.mcu.externaltools.arm-none.linux64_1.17.0.201812190825/tools/compiler/bin/../lib/gcc/arm-none-eabi/7.3.1/../../../../arm-none-eabi/lib/thumb/v6-m/libc.a(lib_a-fvwrite.o)
                0x000000000800badc                __sfvwrite_r
 .text._isatty_r
                0x000000000800bdd8       0x24 /home/toni/Ac6/SystemWorkbench/plugins/fr.ac6.mcu.externaltools.arm-none.linux64_1.17.0.201812190825/tools/compiler/bin/../lib/gcc/arm-none-eabi/7.3.1/../../../../arm-none-eabi/lib/thumb/v6-m/libc.a(lib_a-isattyr.o)
                0x000000000800bdd8                _isatty_r
 .text.__locale_mb_cur_max
                0x000000000800bdfc       0x1c /home/toni/Ac6/SystemWorkbench/plugins/fr.ac6.mcu.externaltools.arm-none.linux64_1.17.0.201812190825/tools/compiler/bin/../lib/gcc/arm-none-eabi/7.3.1/../../../../arm-none-eabi/lib/thumb/v6-m/libc.a(lib_a-locale.o)
                0x000000000800bdfc                __locale_mb_cur_max
 .text._lseek_r
                0x000000000800be18       0x28 /home/toni/Ac6/SystemWorkbench/plugins/fr.ac6.mcu.externaltools.arm-none.linux64_1.17.0.201812190825/tools/compiler/bin/../lib/gcc/arm-none-eabi/7.3.1/../../../../arm-none-eabi/lib/thumb/v6-m/libc.a(lib_a-lseekr.o)
                0x000000000800be18                _lseek_r
 .text.__ascii_mbtowc
                0x000000000800be40       0x2c /home/toni/Ac6/SystemWorkbench/plugins/fr.ac6.mcu.externaltools.arm-none.linux64_1.17.0.201812190825/tools/compiler/bin/../lib/gcc/arm-none-eabi/7.3.1/../../../../arm-none-eabi/lib/thumb/v6-m/libc.a(lib_a-mbtowc_r.o)
                0x000000000800be40                __ascii_mbtowc
 .text.memmove  0x000000000800be6c       0x9c /home/toni/Ac6/SystemWorkbench/plugins/fr.ac6.mcu.externaltools.arm-none.linux64_1.17.0.201812190825/tools/compiler/bin/../lib/gcc/arm-none-eabi/7.3.1/../../../../arm-none-eabi/lib/thumb/v6-m/libc.a(lib_a-memmove.o)
                0x000000000800be6c                memmove
 .text._read_r  0x000000000800bf08       0x28 /home/toni/Ac6/SystemWorkbench/plugins/fr.ac6.mcu.externaltools.arm-none.linux64_1.17.0.201812190825/tools/compiler/bin/../lib/gcc/arm-none-eabi/7.3.1/../../../../arm-none-eabi/lib/thumb/v6-m/libc.a(lib_a-readr.o)
                0x000000000800bf08                _read_r
 .text._realloc_r
                0x000000000800bf30      0x3b0 /home/toni/Ac6/SystemWorkbench/plugins/fr.ac6.mcu.externaltools.arm-none.linux64_1.17.0.201812190825/tools/compiler/bin/../lib/gcc/arm-none-eabi/7.3.1/../../../../arm-none-eabi/lib/thumb/v6-m/libc.a(lib_a-reallocr.o)
                0x000000000800bf30                _realloc_r
 .text.__swbuf_r
                0x000000000800c2e0       0xc8 /home/toni/Ac6/SystemWorkbench/plugins/fr.ac6.mcu.externaltools.arm-none.linux64_1.17.0.201812190825/tools/compiler/bin/../lib/gcc/arm-none-eabi/7.3.1/../../../../arm-none-eabi/lib/thumb/v6-m/libc.a(lib_a-wbuf.o)
                0x000000000800c2e0                __swbuf_r
 .text._wcrtomb_r
                0x000000000800c3a8       0x58 /home/toni/Ac6/SystemWorkbench/plugins/fr.ac6.mcu.externaltools.arm-none.linux64_1.17.0.201812190825/tools/compiler/bin/../lib/gcc/arm-none-eabi/7.3.1/../../../../arm-none-eabi/lib/thumb/v6-m/libc.a(lib_a-wcrtomb.o)
                0x000000000800c3a8                _wcrtomb_r
 .text.__ascii_wctomb
                0x000000000800c400       0x1c /home/toni/Ac6/SystemWorkbench/plugins/fr.ac6.mcu.externaltools.arm-none.linux64_1.17.0.201812190825/tools/compiler/bin/../lib/gcc/arm-none-eabi/7.3.1/../../../../arm-none-eabi/lib/thumb/v6-m/libc.a(lib_a-wctomb_r.o)
                0x000000000800c400                __ascii_wctomb
 *(.glue_7)
 .glue_7        0x000000000800c41c        0x0 linker stubs
 *(.glue_7t)
 .glue_7t       0x000000000800c41c        0x0 linker stubs
 *(.eh_frame)
 .eh_frame      0x000000000800c41c        0x0 /home/toni/Ac6/SystemWorkbench/plugins/fr.ac6.mcu.externaltools.arm-none.linux64_1.17.0.201812190825/tools/compiler/bin/../lib/gcc/arm-none-eabi/7.3.1/thumb/v6-m/crtbegin.o
 *(.init)
 .init          0x000000000800c41c        0x4 /home/toni/Ac6/SystemWorkbench/plugins/fr.ac6.mcu.externaltools.arm-none.linux64_1.17.0.201812190825/tools/compiler/bin/../lib/gcc/arm-none-eabi/7.3.1/thumb/v6-m/crti.o
                0x000000000800c41c                _init
 .init          0x000000000800c420        0x8 /home/toni/Ac6/SystemWorkbench/plugins/fr.ac6.mcu.externaltools.arm-none.linux64_1.17.0.201812190825/tools/compiler/bin/../lib/gcc/arm-none-eabi/7.3.1/thumb/v6-m/crtn.o
 *(.fini)
 .fini          0x000000000800c428        0x4 /home/toni/Ac6/SystemWorkbench/plugins/fr.ac6.mcu.externaltools.arm-none.linux64_1.17.0.201812190825/tools/compiler/bin/../lib/gcc/arm-none-eabi/7.3.1/thumb/v6-m/crti.o
                0x000000000800c428                _fini
 .fini          0x000000000800c42c        0x8 /home/toni/Ac6/SystemWorkbench/plugins/fr.ac6.mcu.externaltools.arm-none.linux64_1.17.0.201812190825/tools/compiler/bin/../lib/gcc/arm-none-eabi/7.3.1/thumb/v6-m/crtn.o
                0x000000000800c434                . = ALIGN (0x4)
                0x000000000800c434                _etext = .

.vfp11_veneer   0x000000000800c434        0x0
 .vfp11_veneer  0x000000000800c434        0x0 linker stubs

.v4_bx          0x000000000800c434        0x0
 .v4_bx         0x000000000800c434        0x0 linker stubs

.iplt           0x000000000800c434        0x0
 .iplt          0x000000000800c434        0x0 /home/toni/Ac6/SystemWorkbench/plugins/fr.ac6.mcu.externaltools.arm-none.linux64_1.17.0.201812190825/tools/compiler/bin/../lib/gcc/arm-none-eabi/7.3.1/thumb/v6-m/crtbegin.o

.rodata         0x000000000800c438      0x680
                0x000000000800c438                . = ALIGN (0x4)
 *(.rodata)
 .rodata        0x000000000800c438       0x48 HAL_Driver/Src/stm32l0xx_hal_uart.o
 .rodata        0x000000000800c480        0xe src/main.o
 *fill*         0x000000000800c48e        0x2 
 .rodata        0x000000000800c490       0x21 src/system_stm32l0xx.o
                0x000000000800c490                AHBPrescTable
                0x000000000800c4a0                APBPrescTable
                0x000000000800c4a8                PLLMulTable
 *fill*         0x000000000800c4b1        0x3 
 .rodata        0x000000000800c4b4       0x40 /home/toni/Ac6/SystemWorkbench/plugins/fr.ac6.mcu.externaltools.arm-none.linux64_1.17.0.201812190825/tools/compiler/bin/../lib/gcc/arm-none-eabi/7.3.1/thumb/v6-m/libgcc.a(divdf3.o)
 .rodata        0x000000000800c4f4       0x40 /home/toni/Ac6/SystemWorkbench/plugins/fr.ac6.mcu.externaltools.arm-none.linux64_1.17.0.201812190825/tools/compiler/bin/../lib/gcc/arm-none-eabi/7.3.1/thumb/v6-m/libgcc.a(muldf3.o)
 *(.rodata*)
 .rodata._global_impure_ptr
                0x000000000800c534        0x4 /home/toni/Ac6/SystemWorkbench/plugins/fr.ac6.mcu.externaltools.arm-none.linux64_1.17.0.201812190825/tools/compiler/bin/../lib/gcc/arm-none-eabi/7.3.1/../../../../arm-none-eabi/lib/thumb/v6-m/libc.a(lib_a-impure.o)
                0x000000000800c534                _global_impure_ptr
 .rodata._svfprintf_r
                0x000000000800c538      0x16c /home/toni/Ac6/SystemWorkbench/plugins/fr.ac6.mcu.externaltools.arm-none.linux64_1.17.0.201812190825/tools/compiler/bin/../lib/gcc/arm-none-eabi/7.3.1/../../../../arm-none-eabi/lib/thumb/v6-m/libc.a(lib_a-svfprintf.o)
 .rodata._svfprintf_r.str1.4
                0x000000000800c6a4       0x42 /home/toni/Ac6/SystemWorkbench/plugins/fr.ac6.mcu.externaltools.arm-none.linux64_1.17.0.201812190825/tools/compiler/bin/../lib/gcc/arm-none-eabi/7.3.1/../../../../arm-none-eabi/lib/thumb/v6-m/libc.a(lib_a-svfprintf.o)
 *fill*         0x000000000800c6e6        0x2 
 .rodata.blanks.7315
                0x000000000800c6e8       0x10 /home/toni/Ac6/SystemWorkbench/plugins/fr.ac6.mcu.externaltools.arm-none.linux64_1.17.0.201812190825/tools/compiler/bin/../lib/gcc/arm-none-eabi/7.3.1/../../../../arm-none-eabi/lib/thumb/v6-m/libc.a(lib_a-svfprintf.o)
 .rodata.zeroes.7316
                0x000000000800c6f8       0x10 /home/toni/Ac6/SystemWorkbench/plugins/fr.ac6.mcu.externaltools.arm-none.linux64_1.17.0.201812190825/tools/compiler/bin/../lib/gcc/arm-none-eabi/7.3.1/../../../../arm-none-eabi/lib/thumb/v6-m/libc.a(lib_a-svfprintf.o)
 .rodata._vfprintf_r
                0x000000000800c708      0x16c /home/toni/Ac6/SystemWorkbench/plugins/fr.ac6.mcu.externaltools.arm-none.linux64_1.17.0.201812190825/tools/compiler/bin/../lib/gcc/arm-none-eabi/7.3.1/../../../../arm-none-eabi/lib/thumb/v6-m/libc.a(lib_a-vfprintf.o)
 .rodata._vfprintf_r.str1.4
                0x000000000800c874       0x42 /home/toni/Ac6/SystemWorkbench/plugins/fr.ac6.mcu.externaltools.arm-none.linux64_1.17.0.201812190825/tools/compiler/bin/../lib/gcc/arm-none-eabi/7.3.1/../../../../arm-none-eabi/lib/thumb/v6-m/libc.a(lib_a-vfprintf.o)
 .rodata.blanks.7330
                0x000000000800c874       0x10 /home/toni/Ac6/SystemWorkbench/plugins/fr.ac6.mcu.externaltools.arm-none.linux64_1.17.0.201812190825/tools/compiler/bin/../lib/gcc/arm-none-eabi/7.3.1/../../../../arm-none-eabi/lib/thumb/v6-m/libc.a(lib_a-vfprintf.o)
 .rodata.zeroes.7331
                0x000000000800c884       0x10 /home/toni/Ac6/SystemWorkbench/plugins/fr.ac6.mcu.externaltools.arm-none.linux64_1.17.0.201812190825/tools/compiler/bin/../lib/gcc/arm-none-eabi/7.3.1/../../../../arm-none-eabi/lib/thumb/v6-m/libc.a(lib_a-vfprintf.o)
 .rodata._dtoa_r.str1.4
                0x000000000800c894       0x10 /home/toni/Ac6/SystemWorkbench/plugins/fr.ac6.mcu.externaltools.arm-none.linux64_1.17.0.201812190825/tools/compiler/bin/../lib/gcc/arm-none-eabi/7.3.1/../../../../arm-none-eabi/lib/thumb/v6-m/libc.a(lib_a-dtoa.o)
                                         0x12 (size before relaxing)
 *fill*         0x000000000800c8a4        0x4 
 .rodata.__mprec_bigtens
                0x000000000800c8a8       0x28 /home/toni/Ac6/SystemWorkbench/plugins/fr.ac6.mcu.externaltools.arm-none.linux64_1.17.0.201812190825/tools/compiler/bin/../lib/gcc/arm-none-eabi/7.3.1/../../../../arm-none-eabi/lib/thumb/v6-m/libc.a(lib_a-mprec.o)
                0x000000000800c8a8                __mprec_bigtens
 .rodata.__mprec_tens
                0x000000000800c8d0       0xc8 /home/toni/Ac6/SystemWorkbench/plugins/fr.ac6.mcu.externaltools.arm-none.linux64_1.17.0.201812190825/tools/compiler/bin/../lib/gcc/arm-none-eabi/7.3.1/../../../../arm-none-eabi/lib/thumb/v6-m/libc.a(lib_a-mprec.o)
                0x000000000800c8d0                __mprec_tens
 .rodata.p05.6092
                0x000000000800c998        0xc /home/toni/Ac6/SystemWorkbench/plugins/fr.ac6.mcu.externaltools.arm-none.linux64_1.17.0.201812190825/tools/compiler/bin/../lib/gcc/arm-none-eabi/7.3.1/../../../../arm-none-eabi/lib/thumb/v6-m/libc.a(lib_a-mprec.o)
 .rodata._setlocale_r.str1.4
                0x000000000800c9a4        0xa /home/toni/Ac6/SystemWorkbench/plugins/fr.ac6.mcu.externaltools.arm-none.linux64_1.17.0.201812190825/tools/compiler/bin/../lib/gcc/arm-none-eabi/7.3.1/../../../../arm-none-eabi/lib/thumb/v6-m/libc.a(lib_a-locale.o)
                                          0xd (size before relaxing)
 *fill*         0x000000000800c9ae        0x2 
 .rodata.str1.4
                0x000000000800c9b0        0x4 /home/toni/Ac6/SystemWorkbench/plugins/fr.ac6.mcu.externaltools.arm-none.linux64_1.17.0.201812190825/tools/compiler/bin/../lib/gcc/arm-none-eabi/7.3.1/../../../../arm-none-eabi/lib/thumb/v6-m/libc.a(lib_a-locale.o)
                                          0x2 (size before relaxing)
 .rodata._ctype_
                0x000000000800c9b4      0x101 /home/toni/Ac6/SystemWorkbench/plugins/fr.ac6.mcu.externaltools.arm-none.linux64_1.17.0.201812190825/tools/compiler/bin/../lib/gcc/arm-none-eabi/7.3.1/../../../../arm-none-eabi/lib/thumb/v6-m/libc.a(lib_a-ctype_.o)
                0x000000000800c9b4                _ctype_
                0x000000000800cab8                . = ALIGN (0x4)
 *fill*         0x000000000800cab5        0x3 

.ARM.extab
 *(.ARM.extab* .gnu.linkonce.armextab.*)

.ARM            0x000000000800cab8        0x8
                0x000000000800cab8                __exidx_start = .
 *(.ARM.exidx*)
 .ARM.exidx     0x000000000800cab8        0x8 /home/toni/Ac6/SystemWorkbench/plugins/fr.ac6.mcu.externaltools.arm-none.linux64_1.17.0.201812190825/tools/compiler/bin/../lib/gcc/arm-none-eabi/7.3.1/thumb/v6-m/libgcc.a(_udivmoddi4.o)
                0x000000000800cac0                __exidx_end = .

.rel.dyn        0x000000000800cac0        0x0
 .rel.iplt      0x000000000800cac0        0x0 /home/toni/Ac6/SystemWorkbench/plugins/fr.ac6.mcu.externaltools.arm-none.linux64_1.17.0.201812190825/tools/compiler/bin/../lib/gcc/arm-none-eabi/7.3.1/thumb/v6-m/crtbegin.o

.preinit_array  0x000000000800cac0        0x0
                0x000000000800cac0                PROVIDE (__preinit_array_start = .)
 *(.preinit_array*)
                0x000000000800cac0                PROVIDE (__preinit_array_end = .)

.init_array     0x000000000800cac0        0x8
                0x000000000800cac0                PROVIDE (__init_array_start = .)
 *(SORT_BY_NAME(.init_array.*))
 .init_array.00000
                0x000000000800cac0        0x4 /home/toni/Ac6/SystemWorkbench/plugins/fr.ac6.mcu.externaltools.arm-none.linux64_1.17.0.201812190825/tools/compiler/bin/../lib/gcc/arm-none-eabi/7.3.1/../../../../arm-none-eabi/lib/thumb/v6-m/libc.a(lib_a-__call_atexit.o)
 *(.init_array*)
 .init_array    0x000000000800cac4        0x4 /home/toni/Ac6/SystemWorkbench/plugins/fr.ac6.mcu.externaltools.arm-none.linux64_1.17.0.201812190825/tools/compiler/bin/../lib/gcc/arm-none-eabi/7.3.1/thumb/v6-m/crtbegin.o
                0x000000000800cac8                PROVIDE (__init_array_end = .)

.fini_array     0x000000000800cac8        0x4
                0x000000000800cac8                PROVIDE (__fini_array_start = .)
 *(SORT_BY_NAME(.fini_array.*))
 *(.fini_array*)
 .fini_array    0x000000000800cac8        0x4 /home/toni/Ac6/SystemWorkbench/plugins/fr.ac6.mcu.externaltools.arm-none.linux64_1.17.0.201812190825/tools/compiler/bin/../lib/gcc/arm-none-eabi/7.3.1/thumb/v6-m/crtbegin.o
                0x000000000800cacc                PROVIDE (__fini_array_end = .)
                0x000000000800cacc                _sidata = LOADADDR (.data)

.data           0x0000000020000000      0x9c0 load address 0x000000000800cacc
                0x0000000020000000                . = ALIGN (0x4)
                0x0000000020000000                _sdata = .
 *(.data)
 .data          0x0000000020000000        0xc Utilities/stm32l0xx_nucleo.o
                0x0000000020000000                LED_PORT
                0x0000000020000004                BUTTON_PORT
                0x0000000020000008                SpixTimeout
 .data          0x000000002000000c        0x4 src/system_stm32l0xx.o
                0x000000002000000c                SystemCoreClock
 *(.data*)
 .data._impure_ptr
                0x0000000020000010        0x4 /home/toni/Ac6/SystemWorkbench/plugins/fr.ac6.mcu.externaltools.arm-none.linux64_1.17.0.201812190825/tools/compiler/bin/../lib/gcc/arm-none-eabi/7.3.1/../../../../arm-none-eabi/lib/thumb/v6-m/libc.a(lib_a-impure.o)
                0x0000000020000010                _impure_ptr
 *fill*         0x0000000020000014        0x4 
 .data.impure_data
                0x0000000020000018      0x428 /home/toni/Ac6/SystemWorkbench/plugins/fr.ac6.mcu.externaltools.arm-none.linux64_1.17.0.201812190825/tools/compiler/bin/../lib/gcc/arm-none-eabi/7.3.1/../../../../arm-none-eabi/lib/thumb/v6-m/libc.a(lib_a-impure.o)
 .data.__atexit_recursive_mutex
                0x0000000020000440        0x4 /home/toni/Ac6/SystemWorkbench/plugins/fr.ac6.mcu.externaltools.arm-none.linux64_1.17.0.201812190825/tools/compiler/bin/../lib/gcc/arm-none-eabi/7.3.1/../../../../arm-none-eabi/lib/thumb/v6-m/libc.a(lib_a-__call_atexit.o)
                0x0000000020000440                __atexit_recursive_mutex
 .data.__malloc_av_
                0x0000000020000444      0x408 /home/toni/Ac6/SystemWorkbench/plugins/fr.ac6.mcu.externaltools.arm-none.linux64_1.17.0.201812190825/tools/compiler/bin/../lib/gcc/arm-none-eabi/7.3.1/../../../../arm-none-eabi/lib/thumb/v6-m/libc.a(lib_a-mallocr.o)
                0x0000000020000444                __malloc_av_
 .data.__malloc_sbrk_base
                0x000000002000084c        0x4 /home/toni/Ac6/SystemWorkbench/plugins/fr.ac6.mcu.externaltools.arm-none.linux64_1.17.0.201812190825/tools/compiler/bin/../lib/gcc/arm-none-eabi/7.3.1/../../../../arm-none-eabi/lib/thumb/v6-m/libc.a(lib_a-mallocr.o)
                0x000000002000084c                __malloc_sbrk_base
 .data.__malloc_trim_threshold
                0x0000000020000850        0x4 /home/toni/Ac6/SystemWorkbench/plugins/fr.ac6.mcu.externaltools.arm-none.linux64_1.17.0.201812190825/tools/compiler/bin/../lib/gcc/arm-none-eabi/7.3.1/../../../../arm-none-eabi/lib/thumb/v6-m/libc.a(lib_a-mallocr.o)
                0x0000000020000850                __malloc_trim_threshold
 .data.__global_locale
                0x0000000020000854      0x16c /home/toni/Ac6/SystemWorkbench/plugins/fr.ac6.mcu.externaltools.arm-none.linux64_1.17.0.201812190825/tools/compiler/bin/../lib/gcc/arm-none-eabi/7.3.1/../../../../arm-none-eabi/lib/thumb/v6-m/libc.a(lib_a-locale.o)
                0x0000000020000854                __global_locale
                0x00000000200009c0                . = ALIGN (0x4)
                0x00000000200009c0                _edata = .

.igot.plt       0x00000000200009c0        0x0 load address 0x000000000800d48c
 .igot.plt      0x00000000200009c0        0x0 /home/toni/Ac6/SystemWorkbench/plugins/fr.ac6.mcu.externaltools.arm-none.linux64_1.17.0.201812190825/tools/compiler/bin/../lib/gcc/arm-none-eabi/7.3.1/thumb/v6-m/crtbegin.o
                0x00000000200009c0                . = ALIGN (0x4)

.bss            0x00000000200009c0      0x20c load address 0x000000000800d48c
                0x00000000200009c0                _sbss = .
                0x00000000200009c0                __bss_start__ = _sbss
 *(.bss)
 .bss           0x00000000200009c0       0x1c /home/toni/Ac6/SystemWorkbench/plugins/fr.ac6.mcu.externaltools.arm-none.linux64_1.17.0.201812190825/tools/compiler/bin/../lib/gcc/arm-none-eabi/7.3.1/thumb/v6-m/crtbegin.o
 .bss           0x00000000200009dc       0x2e src/main.o
                0x0000000020000a04                uhPrescalerValue
 *fill*         0x0000000020000a0a        0x2 
 .bss           0x0000000020000a0c        0x8 src/syscalls.o
                0x0000000020000a0c                __env
 *(.bss*)
 .bss.__malloc_current_mallinfo
                0x0000000020000a14       0x28 /home/toni/Ac6/SystemWorkbench/plugins/fr.ac6.mcu.externaltools.arm-none.linux64_1.17.0.201812190825/tools/compiler/bin/../lib/gcc/arm-none-eabi/7.3.1/../../../../arm-none-eabi/lib/thumb/v6-m/libc.a(lib_a-mallocr.o)
                0x0000000020000a14                __malloc_current_mallinfo
 .bss.__malloc_max_sbrked_mem
                0x0000000020000a3c        0x4 /home/toni/Ac6/SystemWorkbench/plugins/fr.ac6.mcu.externaltools.arm-none.linux64_1.17.0.201812190825/tools/compiler/bin/../lib/gcc/arm-none-eabi/7.3.1/../../../../arm-none-eabi/lib/thumb/v6-m/libc.a(lib_a-mallocr.o)
                0x0000000020000a3c                __malloc_max_sbrked_mem
 .bss.__malloc_max_total_mem
                0x0000000020000a40        0x4 /home/toni/Ac6/SystemWorkbench/plugins/fr.ac6.mcu.externaltools.arm-none.linux64_1.17.0.201812190825/tools/compiler/bin/../lib/gcc/arm-none-eabi/7.3.1/../../../../arm-none-eabi/lib/thumb/v6-m/libc.a(lib_a-mallocr.o)
                0x0000000020000a40                __malloc_max_total_mem
 .bss.__malloc_top_pad
                0x0000000020000a44        0x4 /home/toni/Ac6/SystemWorkbench/plugins/fr.ac6.mcu.externaltools.arm-none.linux64_1.17.0.201812190825/tools/compiler/bin/../lib/gcc/arm-none-eabi/7.3.1/../../../../arm-none-eabi/lib/thumb/v6-m/libc.a(lib_a-mallocr.o)
                0x0000000020000a44                __malloc_top_pad
 *(COMMON)
 COMMON         0x0000000020000a48        0x4 HAL_Driver/Src/stm32l0xx_hal.o
                0x0000000020000a48                uwTick
 COMMON         0x0000000020000a4c      0x158 src/main.o
                0x0000000020000a4c                UartHandle
                0x0000000020000acc                GPIO_Struct
                0x0000000020000ae0                GPIO_InitStruct
                0x0000000020000af4                AdcHandle
                0x0000000020000b50                sConfig
                0x0000000020000b58                TimHandle
                0x0000000020000b94                Config
 COMMON         0x0000000020000ba4       0x21 /home/toni/Ac6/SystemWorkbench/plugins/fr.ac6.mcu.externaltools.arm-none.linux64_1.17.0.201812190825/tools/compiler/bin/../lib/gcc/arm-none-eabi/7.3.1/../../../../arm-none-eabi/lib/thumb/v6-m/libc.a(lib_a-lock.o)
                0x0000000020000ba4                __lock___atexit_recursive_mutex
                0x0000000020000ba8                __lock___arc4random_mutex
                0x0000000020000bac                __lock___env_recursive_mutex
                0x0000000020000bb0                __lock___sinit_recursive_mutex
                0x0000000020000bb4                __lock___malloc_recursive_mutex
                0x0000000020000bb8                __lock___at_quick_exit_mutex
                0x0000000020000bbc                __lock___dd_hash_mutex
                0x0000000020000bc0                __lock___tz_mutex
                0x0000000020000bc4                __lock___sfp_recursive_mutex
 *fill*         0x0000000020000bc5        0x3 
 COMMON         0x0000000020000bc8        0x4 /home/toni/Ac6/SystemWorkbench/plugins/fr.ac6.mcu.externaltools.arm-none.linux64_1.17.0.201812190825/tools/compiler/bin/../lib/gcc/arm-none-eabi/7.3.1/../../../../arm-none-eabi/lib/thumb/v6-m/libc.a(lib_a-reent.o)
                0x0000000020000bc8                errno
                0x0000000020000bcc                . = ALIGN (0x4)
                0x0000000020000bcc                _ebss = .
                0x0000000020000bcc                __bss_end__ = _ebss

._user_heap_stack
                0x0000000020000bcc      0x604 load address 0x000000000800d48c
                0x0000000020000bd0                . = ALIGN (0x8)
 *fill*         0x0000000020000bcc        0x4 
                0x0000000020000bd0                PROVIDE (end = .)
                [!provide]                        PROVIDE (_end = .)
                0x0000000020000dd0                . = (. + _Min_Heap_Size)
 *fill*         0x0000000020000bd0      0x200 
                0x00000000200011d0                . = (. + _Min_Stack_Size)
 *fill*         0x0000000020000dd0      0x400 
                0x00000000200011d0                . = ALIGN (0x8)

/DISCARD/
 libc.a(*)
 libm.a(*)
 libgcc.a(*)

.ARM.attributes
                0x0000000000000000       0x28
 *(.ARM.attributes)
 .ARM.attributes
                0x0000000000000000       0x1e /home/toni/Ac6/SystemWorkbench/plugins/fr.ac6.mcu.externaltools.arm-none.linux64_1.17.0.201812190825/tools/compiler/bin/../lib/gcc/arm-none-eabi/7.3.1/thumb/v6-m/crti.o
 .ARM.attributes
                0x000000000000001e       0x2c /home/toni/Ac6/SystemWorkbench/plugins/fr.ac6.mcu.externaltools.arm-none.linux64_1.17.0.201812190825/tools/compiler/bin/../lib/gcc/arm-none-eabi/7.3.1/thumb/v6-m/crtbegin.o
 .ARM.attributes
                0x000000000000004a       0x32 HAL_Driver/Src/stm32l0xx_hal.o
 .ARM.attributes
                0x000000000000007c       0x32 HAL_Driver/Src/stm32l0xx_hal_adc.o
 .ARM.attributes
                0x00000000000000ae       0x32 HAL_Driver/Src/stm32l0xx_hal_adc_ex.o
 .ARM.attributes
                0x00000000000000e0       0x32 HAL_Driver/Src/stm32l0xx_hal_cortex.o
 .ARM.attributes
                0x0000000000000112       0x32 HAL_Driver/Src/stm32l0xx_hal_dma.o
 .ARM.attributes
                0x0000000000000144       0x32 HAL_Driver/Src/stm32l0xx_hal_gpio.o
 .ARM.attributes
                0x0000000000000176       0x32 HAL_Driver/Src/stm32l0xx_hal_msp_template.o
 .ARM.attributes
                0x00000000000001a8       0x32 HAL_Driver/Src/stm32l0xx_hal_rcc.o
 .ARM.attributes
                0x00000000000001da       0x32 HAL_Driver/Src/stm32l0xx_hal_tim.o
 .ARM.attributes
                0x000000000000020c       0x32 HAL_Driver/Src/stm32l0xx_hal_uart.o
 .ARM.attributes
                0x000000000000023e       0x32 Utilities/stm32l0xx_nucleo.o
 .ARM.attributes
                0x0000000000000270       0x32 src/main.o
 .ARM.attributes
                0x00000000000002a2       0x32 src/stm32l0xx_it.o
 .ARM.attributes
                0x00000000000002d4       0x32 src/syscalls.o
 .ARM.attributes
                0x0000000000000306       0x32 src/system_stm32l0xx.o
 .ARM.attributes
                0x0000000000000338       0x22 startup/startup_stm32l010xb.o
 .ARM.attributes
                0x000000000000035a       0x1e /home/toni/Ac6/SystemWorkbench/plugins/fr.ac6.mcu.externaltools.arm-none.linux64_1.17.0.201812190825/tools/compiler/bin/../lib/gcc/arm-none-eabi/7.3.1/thumb/v6-m/libgcc.a(_udivsi3.o)
 .ARM.attributes
                0x0000000000000378       0x1e /home/toni/Ac6/SystemWorkbench/plugins/fr.ac6.mcu.externaltools.arm-none.linux64_1.17.0.201812190825/tools/compiler/bin/../lib/gcc/arm-none-eabi/7.3.1/thumb/v6-m/libgcc.a(_dvmd_tls.o)
 .ARM.attributes
                0x0000000000000396       0x1e /home/toni/Ac6/SystemWorkbench/plugins/fr.ac6.mcu.externaltools.arm-none.linux64_1.17.0.201812190825/tools/compiler/bin/../lib/gcc/arm-none-eabi/7.3.1/thumb/v6-m/libgcc.a(_aeabi_uldivmod.o)
 .ARM.attributes
                0x00000000000003b4       0x2c /home/toni/Ac6/SystemWorkbench/plugins/fr.ac6.mcu.externaltools.arm-none.linux64_1.17.0.201812190825/tools/compiler/bin/../lib/gcc/arm-none-eabi/7.3.1/thumb/v6-m/libgcc.a(_udivmoddi4.o)
 .ARM.attributes
                0x00000000000003e0       0x1e /home/toni/Ac6/SystemWorkbench/plugins/fr.ac6.mcu.externaltools.arm-none.linux64_1.17.0.201812190825/tools/compiler/bin/../lib/gcc/arm-none-eabi/7.3.1/thumb/v6-m/libgcc.a(_clzdi2.o)
 .ARM.attributes
                0x00000000000003fe       0x1e /home/toni/Ac6/SystemWorkbench/plugins/fr.ac6.mcu.externaltools.arm-none.linux64_1.17.0.201812190825/tools/compiler/bin/../lib/gcc/arm-none-eabi/7.3.1/thumb/v6-m/libgcc.a(_clzsi2.o)
 .ARM.attributes
                0x000000000000041c       0x2c /home/toni/Ac6/SystemWorkbench/plugins/fr.ac6.mcu.externaltools.arm-none.linux64_1.17.0.201812190825/tools/compiler/bin/../lib/gcc/arm-none-eabi/7.3.1/../../../../arm-none-eabi/lib/thumb/v6-m/libc.a(lib_a-errno.o)
 .ARM.attributes
                0x0000000000000448       0x2c /home/toni/Ac6/SystemWorkbench/plugins/fr.ac6.mcu.externaltools.arm-none.linux64_1.17.0.201812190825/tools/compiler/bin/../lib/gcc/arm-none-eabi/7.3.1/../../../../arm-none-eabi/lib/thumb/v6-m/libc.a(lib_a-impure.o)
 .ARM.attributes
                0x0000000000000474       0x2c /home/toni/Ac6/SystemWorkbench/plugins/fr.ac6.mcu.externaltools.arm-none.linux64_1.17.0.201812190825/tools/compiler/bin/../lib/gcc/arm-none-eabi/7.3.1/../../../../arm-none-eabi/lib/thumb/v6-m/libc.a(lib_a-init.o)
 .ARM.attributes
                0x00000000000004a0       0x2c /home/toni/Ac6/SystemWorkbench/plugins/fr.ac6.mcu.externaltools.arm-none.linux64_1.17.0.201812190825/tools/compiler/bin/../lib/gcc/arm-none-eabi/7.3.1/../../../../arm-none-eabi/lib/thumb/v6-m/libc.a(lib_a-memset.o)
 .ARM.attributes
                0x00000000000004cc       0x2c /home/toni/Ac6/SystemWorkbench/plugins/fr.ac6.mcu.externaltools.arm-none.linux64_1.17.0.201812190825/tools/compiler/bin/../lib/gcc/arm-none-eabi/7.3.1/../../../../arm-none-eabi/lib/thumb/v6-m/libc.a(lib_a-printf.o)
 .ARM.attributes
                0x00000000000004f8       0x2c /home/toni/Ac6/SystemWorkbench/plugins/fr.ac6.mcu.externaltools.arm-none.linux64_1.17.0.201812190825/tools/compiler/bin/../lib/gcc/arm-none-eabi/7.3.1/../../../../arm-none-eabi/lib/thumb/v6-m/libc.a(lib_a-sprintf.o)
 .ARM.attributes
                0x0000000000000524       0x2c /home/toni/Ac6/SystemWorkbench/plugins/fr.ac6.mcu.externaltools.arm-none.linux64_1.17.0.201812190825/tools/compiler/bin/../lib/gcc/arm-none-eabi/7.3.1/../../../../arm-none-eabi/lib/thumb/v6-m/libc.a(lib_a-svfprintf.o)
 .ARM.attributes
                0x0000000000000550       0x2c /home/toni/Ac6/SystemWorkbench/plugins/fr.ac6.mcu.externaltools.arm-none.linux64_1.17.0.201812190825/tools/compiler/bin/../lib/gcc/arm-none-eabi/7.3.1/../../../../arm-none-eabi/lib/thumb/v6-m/libc.a(lib_a-vfprintf.o)
 .ARM.attributes
                0x000000000000057c       0x2c /home/toni/Ac6/SystemWorkbench/plugins/fr.ac6.mcu.externaltools.arm-none.linux64_1.17.0.201812190825/tools/compiler/bin/../lib/gcc/arm-none-eabi/7.3.1/../../../../arm-none-eabi/lib/thumb/v6-m/libc.a(lib_a-wsetup.o)
 .ARM.attributes
                0x00000000000005a8       0x2c /home/toni/Ac6/SystemWorkbench/plugins/fr.ac6.mcu.externaltools.arm-none.linux64_1.17.0.201812190825/tools/compiler/bin/../lib/gcc/arm-none-eabi/7.3.1/../../../../arm-none-eabi/lib/thumb/v6-m/libc.a(lib_a-__call_atexit.o)
 .ARM.attributes
                0x00000000000005d4       0x2c /home/toni/Ac6/SystemWorkbench/plugins/fr.ac6.mcu.externaltools.arm-none.linux64_1.17.0.201812190825/tools/compiler/bin/../lib/gcc/arm-none-eabi/7.3.1/../../../../arm-none-eabi/lib/thumb/v6-m/libc.a(lib_a-atexit.o)
 .ARM.attributes
                0x0000000000000600       0x2c /home/toni/Ac6/SystemWorkbench/plugins/fr.ac6.mcu.externaltools.arm-none.linux64_1.17.0.201812190825/tools/compiler/bin/../lib/gcc/arm-none-eabi/7.3.1/../../../../arm-none-eabi/lib/thumb/v6-m/libc.a(lib_a-dtoa.o)
 .ARM.attributes
                0x000000000000062c       0x2c /home/toni/Ac6/SystemWorkbench/plugins/fr.ac6.mcu.externaltools.arm-none.linux64_1.17.0.201812190825/tools/compiler/bin/../lib/gcc/arm-none-eabi/7.3.1/../../../../arm-none-eabi/lib/thumb/v6-m/libc.a(lib_a-fflush.o)
 .ARM.attributes
                0x0000000000000658       0x2c /home/toni/Ac6/SystemWorkbench/plugins/fr.ac6.mcu.externaltools.arm-none.linux64_1.17.0.201812190825/tools/compiler/bin/../lib/gcc/arm-none-eabi/7.3.1/../../../../arm-none-eabi/lib/thumb/v6-m/libc.a(lib_a-findfp.o)
 .ARM.attributes
                0x0000000000000684       0x2c /home/toni/Ac6/SystemWorkbench/plugins/fr.ac6.mcu.externaltools.arm-none.linux64_1.17.0.201812190825/tools/compiler/bin/../lib/gcc/arm-none-eabi/7.3.1/../../../../arm-none-eabi/lib/thumb/v6-m/libc.a(lib_a-fini.o)
 .ARM.attributes
                0x00000000000006b0       0x2c /home/toni/Ac6/SystemWorkbench/plugins/fr.ac6.mcu.externaltools.arm-none.linux64_1.17.0.201812190825/tools/compiler/bin/../lib/gcc/arm-none-eabi/7.3.1/../../../../arm-none-eabi/lib/thumb/v6-m/libc.a(lib_a-freer.o)
 .ARM.attributes
                0x00000000000006dc       0x2c /home/toni/Ac6/SystemWorkbench/plugins/fr.ac6.mcu.externaltools.arm-none.linux64_1.17.0.201812190825/tools/compiler/bin/../lib/gcc/arm-none-eabi/7.3.1/../../../../arm-none-eabi/lib/thumb/v6-m/libc.a(lib_a-fwalk.o)
 .ARM.attributes
                0x0000000000000708       0x2c /home/toni/Ac6/SystemWorkbench/plugins/fr.ac6.mcu.externaltools.arm-none.linux64_1.17.0.201812190825/tools/compiler/bin/../lib/gcc/arm-none-eabi/7.3.1/../../../../arm-none-eabi/lib/thumb/v6-m/libc.a(lib_a-localeconv.o)
 .ARM.attributes
                0x0000000000000734       0x2c /home/toni/Ac6/SystemWorkbench/plugins/fr.ac6.mcu.externaltools.arm-none.linux64_1.17.0.201812190825/tools/compiler/bin/../lib/gcc/arm-none-eabi/7.3.1/../../../../arm-none-eabi/lib/thumb/v6-m/libc.a(lib_a-lock.o)
 .ARM.attributes
                0x0000000000000760       0x2c /home/toni/Ac6/SystemWorkbench/plugins/fr.ac6.mcu.externaltools.arm-none.linux64_1.17.0.201812190825/tools/compiler/bin/../lib/gcc/arm-none-eabi/7.3.1/../../../../arm-none-eabi/lib/thumb/v6-m/libc.a(lib_a-makebuf.o)
 .ARM.attributes
                0x000000000000078c       0x2c /home/toni/Ac6/SystemWorkbench/plugins/fr.ac6.mcu.externaltools.arm-none.linux64_1.17.0.201812190825/tools/compiler/bin/../lib/gcc/arm-none-eabi/7.3.1/../../../../arm-none-eabi/lib/thumb/v6-m/libc.a(lib_a-mallocr.o)
 .ARM.attributes
                0x00000000000007b8       0x2c /home/toni/Ac6/SystemWorkbench/plugins/fr.ac6.mcu.externaltools.arm-none.linux64_1.17.0.201812190825/tools/compiler/bin/../lib/gcc/arm-none-eabi/7.3.1/../../../../arm-none-eabi/lib/thumb/v6-m/libc.a(lib_a-memchr-stub.o)
 .ARM.attributes
                0x00000000000007e4       0x2c /home/toni/Ac6/SystemWorkbench/plugins/fr.ac6.mcu.externaltools.arm-none.linux64_1.17.0.201812190825/tools/compiler/bin/../lib/gcc/arm-none-eabi/7.3.1/../../../../arm-none-eabi/lib/thumb/v6-m/libc.a(lib_a-memcpy-stub.o)
 .ARM.attributes
                0x0000000000000810       0x2c /home/toni/Ac6/SystemWorkbench/plugins/fr.ac6.mcu.externaltools.arm-none.linux64_1.17.0.201812190825/tools/compiler/bin/../lib/gcc/arm-none-eabi/7.3.1/../../../../arm-none-eabi/lib/thumb/v6-m/libc.a(lib_a-mlock.o)
 .ARM.attributes
                0x000000000000083c       0x2c /home/toni/Ac6/SystemWorkbench/plugins/fr.ac6.mcu.externaltools.arm-none.linux64_1.17.0.201812190825/tools/compiler/bin/../lib/gcc/arm-none-eabi/7.3.1/../../../../arm-none-eabi/lib/thumb/v6-m/libc.a(lib_a-mprec.o)
 .ARM.attributes
                0x0000000000000868       0x2c /home/toni/Ac6/SystemWorkbench/plugins/fr.ac6.mcu.externaltools.arm-none.linux64_1.17.0.201812190825/tools/compiler/bin/../lib/gcc/arm-none-eabi/7.3.1/../../../../arm-none-eabi/lib/thumb/v6-m/libc.a(lib_a-s_frexp.o)
 .ARM.attributes
                0x0000000000000894       0x2c /home/toni/Ac6/SystemWorkbench/plugins/fr.ac6.mcu.externaltools.arm-none.linux64_1.17.0.201812190825/tools/compiler/bin/../lib/gcc/arm-none-eabi/7.3.1/../../../../arm-none-eabi/lib/thumb/v6-m/libc.a(lib_a-sbrkr.o)
 .ARM.attributes
                0x00000000000008c0       0x2c /home/toni/Ac6/SystemWorkbench/plugins/fr.ac6.mcu.externaltools.arm-none.linux64_1.17.0.201812190825/tools/compiler/bin/../lib/gcc/arm-none-eabi/7.3.1/../../../../arm-none-eabi/lib/thumb/v6-m/libc.a(lib_a-stdio.o)
 .ARM.attributes
                0x00000000000008ec       0x2c /home/toni/Ac6/SystemWorkbench/plugins/fr.ac6.mcu.externaltools.arm-none.linux64_1.17.0.201812190825/tools/compiler/bin/../lib/gcc/arm-none-eabi/7.3.1/../../../../arm-none-eabi/lib/thumb/v6-m/libc.a(lib_a-strlen-stub.o)
 .ARM.attributes
                0x0000000000000918       0x2c /home/toni/Ac6/SystemWorkbench/plugins/fr.ac6.mcu.externaltools.arm-none.linux64_1.17.0.201812190825/tools/compiler/bin/../lib/gcc/arm-none-eabi/7.3.1/../../../../arm-none-eabi/lib/thumb/v6-m/libc.a(lib_a-strncpy.o)
 .ARM.attributes
                0x0000000000000944       0x2c /home/toni/Ac6/SystemWorkbench/plugins/fr.ac6.mcu.externaltools.arm-none.linux64_1.17.0.201812190825/tools/compiler/bin/../lib/gcc/arm-none-eabi/7.3.1/../../../../arm-none-eabi/lib/thumb/v6-m/libc.a(lib_a-svfiprintf.o)
 .ARM.attributes
                0x0000000000000970       0x2c /home/toni/Ac6/SystemWorkbench/plugins/fr.ac6.mcu.externaltools.arm-none.linux64_1.17.0.201812190825/tools/compiler/bin/../lib/gcc/arm-none-eabi/7.3.1/../../../../arm-none-eabi/lib/thumb/v6-m/libc.a(lib_a-vfiprintf.o)
 .ARM.attributes
                0x000000000000099c       0x2c /home/toni/Ac6/SystemWorkbench/plugins/fr.ac6.mcu.externaltools.arm-none.linux64_1.17.0.201812190825/tools/compiler/bin/../lib/gcc/arm-none-eabi/7.3.1/../../../../arm-none-eabi/lib/thumb/v6-m/libc.a(lib_a-writer.o)
 .ARM.attributes
                0x00000000000009c8       0x2c /home/toni/Ac6/SystemWorkbench/plugins/fr.ac6.mcu.externaltools.arm-none.linux64_1.17.0.201812190825/tools/compiler/bin/../lib/gcc/arm-none-eabi/7.3.1/../../../../arm-none-eabi/lib/thumb/v6-m/libc.a(lib_a-__atexit.o)
 .ARM.attributes
                0x00000000000009f4       0x2c /home/toni/Ac6/SystemWorkbench/plugins/fr.ac6.mcu.externaltools.arm-none.linux64_1.17.0.201812190825/tools/compiler/bin/../lib/gcc/arm-none-eabi/7.3.1/../../../../arm-none-eabi/lib/thumb/v6-m/libc.a(lib_a-callocr.o)
 .ARM.attributes
                0x0000000000000a20       0x2c /home/toni/Ac6/SystemWorkbench/plugins/fr.ac6.mcu.externaltools.arm-none.linux64_1.17.0.201812190825/tools/compiler/bin/../lib/gcc/arm-none-eabi/7.3.1/../../../../arm-none-eabi/lib/thumb/v6-m/libc.a(lib_a-closer.o)
 .ARM.attributes
                0x0000000000000a4c       0x2c /home/toni/Ac6/SystemWorkbench/plugins/fr.ac6.mcu.externaltools.arm-none.linux64_1.17.0.201812190825/tools/compiler/bin/../lib/gcc/arm-none-eabi/7.3.1/../../../../arm-none-eabi/lib/thumb/v6-m/libc.a(lib_a-fclose.o)
 .ARM.attributes
                0x0000000000000a78       0x2c /home/toni/Ac6/SystemWorkbench/plugins/fr.ac6.mcu.externaltools.arm-none.linux64_1.17.0.201812190825/tools/compiler/bin/../lib/gcc/arm-none-eabi/7.3.1/../../../../arm-none-eabi/lib/thumb/v6-m/libc.a(lib_a-fputwc.o)
 .ARM.attributes
                0x0000000000000aa4       0x2c /home/toni/Ac6/SystemWorkbench/plugins/fr.ac6.mcu.externaltools.arm-none.linux64_1.17.0.201812190825/tools/compiler/bin/../lib/gcc/arm-none-eabi/7.3.1/../../../../arm-none-eabi/lib/thumb/v6-m/libc.a(lib_a-fstatr.o)
 .ARM.attributes
                0x0000000000000ad0       0x2c /home/toni/Ac6/SystemWorkbench/plugins/fr.ac6.mcu.externaltools.arm-none.linux64_1.17.0.201812190825/tools/compiler/bin/../lib/gcc/arm-none-eabi/7.3.1/../../../../arm-none-eabi/lib/thumb/v6-m/libc.a(lib_a-fvwrite.o)
 .ARM.attributes
                0x0000000000000afc       0x2c /home/toni/Ac6/SystemWorkbench/plugins/fr.ac6.mcu.externaltools.arm-none.linux64_1.17.0.201812190825/tools/compiler/bin/../lib/gcc/arm-none-eabi/7.3.1/../../../../arm-none-eabi/lib/thumb/v6-m/libc.a(lib_a-isattyr.o)
 .ARM.attributes
                0x0000000000000b28       0x2c /home/toni/Ac6/SystemWorkbench/plugins/fr.ac6.mcu.externaltools.arm-none.linux64_1.17.0.201812190825/tools/compiler/bin/../lib/gcc/arm-none-eabi/7.3.1/../../../../arm-none-eabi/lib/thumb/v6-m/libc.a(lib_a-locale.o)
 .ARM.attributes
                0x0000000000000b54       0x2c /home/toni/Ac6/SystemWorkbench/plugins/fr.ac6.mcu.externaltools.arm-none.linux64_1.17.0.201812190825/tools/compiler/bin/../lib/gcc/arm-none-eabi/7.3.1/../../../../arm-none-eabi/lib/thumb/v6-m/libc.a(lib_a-lseekr.o)
 .ARM.attributes
                0x0000000000000b80       0x2c /home/toni/Ac6/SystemWorkbench/plugins/fr.ac6.mcu.externaltools.arm-none.linux64_1.17.0.201812190825/tools/compiler/bin/../lib/gcc/arm-none-eabi/7.3.1/../../../../arm-none-eabi/lib/thumb/v6-m/libc.a(lib_a-mbtowc_r.o)
 .ARM.attributes
                0x0000000000000bac       0x2c /home/toni/Ac6/SystemWorkbench/plugins/fr.ac6.mcu.externaltools.arm-none.linux64_1.17.0.201812190825/tools/compiler/bin/../lib/gcc/arm-none-eabi/7.3.1/../../../../arm-none-eabi/lib/thumb/v6-m/libc.a(lib_a-memmove.o)
 .ARM.attributes
                0x0000000000000bd8       0x2c /home/toni/Ac6/SystemWorkbench/plugins/fr.ac6.mcu.externaltools.arm-none.linux64_1.17.0.201812190825/tools/compiler/bin/../lib/gcc/arm-none-eabi/7.3.1/../../../../arm-none-eabi/lib/thumb/v6-m/libc.a(lib_a-readr.o)
 .ARM.attributes
                0x0000000000000c04       0x2c /home/toni/Ac6/SystemWorkbench/plugins/fr.ac6.mcu.externaltools.arm-none.linux64_1.17.0.201812190825/tools/compiler/bin/../lib/gcc/arm-none-eabi/7.3.1/../../../../arm-none-eabi/lib/thumb/v6-m/libc.a(lib_a-reallocr.o)
 .ARM.attributes
                0x0000000000000c30       0x2c /home/toni/Ac6/SystemWorkbench/plugins/fr.ac6.mcu.externaltools.arm-none.linux64_1.17.0.201812190825/tools/compiler/bin/../lib/gcc/arm-none-eabi/7.3.1/../../../../arm-none-eabi/lib/thumb/v6-m/libc.a(lib_a-reent.o)
 .ARM.attributes
                0x0000000000000c5c       0x2c /home/toni/Ac6/SystemWorkbench/plugins/fr.ac6.mcu.externaltools.arm-none.linux64_1.17.0.201812190825/tools/compiler/bin/../lib/gcc/arm-none-eabi/7.3.1/../../../../arm-none-eabi/lib/thumb/v6-m/libc.a(lib_a-wbuf.o)
 .ARM.attributes
                0x0000000000000c88       0x2c /home/toni/Ac6/SystemWorkbench/plugins/fr.ac6.mcu.externaltools.arm-none.linux64_1.17.0.201812190825/tools/compiler/bin/../lib/gcc/arm-none-eabi/7.3.1/../../../../arm-none-eabi/lib/thumb/v6-m/libc.a(lib_a-wcrtomb.o)
 .ARM.attributes
                0x0000000000000cb4       0x2c /home/toni/Ac6/SystemWorkbench/plugins/fr.ac6.mcu.externaltools.arm-none.linux64_1.17.0.201812190825/tools/compiler/bin/../lib/gcc/arm-none-eabi/7.3.1/../../../../arm-none-eabi/lib/thumb/v6-m/libc.a(lib_a-wctomb_r.o)
 .ARM.attributes
                0x0000000000000ce0       0x2c /home/toni/Ac6/SystemWorkbench/plugins/fr.ac6.mcu.externaltools.arm-none.linux64_1.17.0.201812190825/tools/compiler/bin/../lib/gcc/arm-none-eabi/7.3.1/../../../../arm-none-eabi/lib/thumb/v6-m/libc.a(lib_a-ctype_.o)
 .ARM.attributes
                0x0000000000000d0c       0x1e /home/toni/Ac6/SystemWorkbench/plugins/fr.ac6.mcu.externaltools.arm-none.linux64_1.17.0.201812190825/tools/compiler/bin/../lib/gcc/arm-none-eabi/7.3.1/thumb/v6-m/libgcc.a(_divsi3.o)
 .ARM.attributes
                0x0000000000000d2a       0x1e /home/toni/Ac6/SystemWorkbench/plugins/fr.ac6.mcu.externaltools.arm-none.linux64_1.17.0.201812190825/tools/compiler/bin/../lib/gcc/arm-none-eabi/7.3.1/thumb/v6-m/libgcc.a(_arm_cmpdf2.o)
 .ARM.attributes
                0x0000000000000d48       0x2c /home/toni/Ac6/SystemWorkbench/plugins/fr.ac6.mcu.externaltools.arm-none.linux64_1.17.0.201812190825/tools/compiler/bin/../lib/gcc/arm-none-eabi/7.3.1/thumb/v6-m/libgcc.a(adddf3.o)
 .ARM.attributes
                0x0000000000000d74       0x2c /home/toni/Ac6/SystemWorkbench/plugins/fr.ac6.mcu.externaltools.arm-none.linux64_1.17.0.201812190825/tools/compiler/bin/../lib/gcc/arm-none-eabi/7.3.1/thumb/v6-m/libgcc.a(divdf3.o)
 .ARM.attributes
                0x0000000000000da0       0x2c /home/toni/Ac6/SystemWorkbench/plugins/fr.ac6.mcu.externaltools.arm-none.linux64_1.17.0.201812190825/tools/compiler/bin/../lib/gcc/arm-none-eabi/7.3.1/thumb/v6-m/libgcc.a(eqdf2.o)
 .ARM.attributes
                0x0000000000000dcc       0x2c /home/toni/Ac6/SystemWorkbench/plugins/fr.ac6.mcu.externaltools.arm-none.linux64_1.17.0.201812190825/tools/compiler/bin/../lib/gcc/arm-none-eabi/7.3.1/thumb/v6-m/libgcc.a(gedf2.o)
 .ARM.attributes
                0x0000000000000df8       0x2c /home/toni/Ac6/SystemWorkbench/plugins/fr.ac6.mcu.externaltools.arm-none.linux64_1.17.0.201812190825/tools/compiler/bin/../lib/gcc/arm-none-eabi/7.3.1/thumb/v6-m/libgcc.a(ledf2.o)
 .ARM.attributes
                0x0000000000000e24       0x2c /home/toni/Ac6/SystemWorkbench/plugins/fr.ac6.mcu.externaltools.arm-none.linux64_1.17.0.201812190825/tools/compiler/bin/../lib/gcc/arm-none-eabi/7.3.1/thumb/v6-m/libgcc.a(muldf3.o)
 .ARM.attributes
                0x0000000000000e50       0x2c /home/toni/Ac6/SystemWorkbench/plugins/fr.ac6.mcu.externaltools.arm-none.linux64_1.17.0.201812190825/tools/compiler/bin/../lib/gcc/arm-none-eabi/7.3.1/thumb/v6-m/libgcc.a(subdf3.o)
 .ARM.attributes
                0x0000000000000e7c       0x2c /home/toni/Ac6/SystemWorkbench/plugins/fr.ac6.mcu.externaltools.arm-none.linux64_1.17.0.201812190825/tools/compiler/bin/../lib/gcc/arm-none-eabi/7.3.1/thumb/v6-m/libgcc.a(unorddf2.o)
 .ARM.attributes
                0x0000000000000ea8       0x2c /home/toni/Ac6/SystemWorkbench/plugins/fr.ac6.mcu.externaltools.arm-none.linux64_1.17.0.201812190825/tools/compiler/bin/../lib/gcc/arm-none-eabi/7.3.1/thumb/v6-m/libgcc.a(fixdfsi.o)
 .ARM.attributes
                0x0000000000000ed4       0x2c /home/toni/Ac6/SystemWorkbench/plugins/fr.ac6.mcu.externaltools.arm-none.linux64_1.17.0.201812190825/tools/compiler/bin/../lib/gcc/arm-none-eabi/7.3.1/thumb/v6-m/libgcc.a(floatsidf.o)
 .ARM.attributes
                0x0000000000000f00       0x2c /home/toni/Ac6/SystemWorkbench/plugins/fr.ac6.mcu.externaltools.arm-none.linux64_1.17.0.201812190825/tools/compiler/bin/../lib/gcc/arm-none-eabi/7.3.1/thumb/v6-m/libgcc.a(floatunsidf.o)
 .ARM.attributes
                0x0000000000000f2c       0x1e /home/toni/Ac6/SystemWorkbench/plugins/fr.ac6.mcu.externaltools.arm-none.linux64_1.17.0.201812190825/tools/compiler/bin/../lib/gcc/arm-none-eabi/7.3.1/thumb/v6-m/crtn.o
OUTPUT(adc_uart_connection_with_pressure_sensor.elf elf32-littlearm)

.debug_info     0x0000000000000000     0xb5b6
 .debug_info    0x0000000000000000      0x770 HAL_Driver/Src/stm32l0xx_hal.o
 .debug_info    0x0000000000000770      0xcec HAL_Driver/Src/stm32l0xx_hal_adc.o
 .debug_info    0x000000000000145c      0x7ee HAL_Driver/Src/stm32l0xx_hal_adc_ex.o
 .debug_info    0x0000000000001c4a      0x703 HAL_Driver/Src/stm32l0xx_hal_cortex.o
 .debug_info    0x000000000000234d      0x77c HAL_Driver/Src/stm32l0xx_hal_dma.o
 .debug_info    0x0000000000002ac9      0x6b7 HAL_Driver/Src/stm32l0xx_hal_gpio.o
 .debug_info    0x0000000000003180      0x168 HAL_Driver/Src/stm32l0xx_hal_msp_template.o
 .debug_info    0x00000000000032e8      0x8b4 HAL_Driver/Src/stm32l0xx_hal_rcc.o
 .debug_info    0x0000000000003b9c     0x23bf HAL_Driver/Src/stm32l0xx_hal_tim.o
 .debug_info    0x0000000000005f5b     0x1524 HAL_Driver/Src/stm32l0xx_hal_uart.o
 .debug_info    0x000000000000747f     0x13a3 Utilities/stm32l0xx_nucleo.o
 .debug_info    0x0000000000008822     0x197f src/main.o
 .debug_info    0x000000000000a1a1      0x135 src/stm32l0xx_it.o
 .debug_info    0x000000000000a2d6      0xf2e src/syscalls.o
 .debug_info    0x000000000000b204      0x390 src/system_stm32l0xx.o
 .debug_info    0x000000000000b594       0x22 startup/startup_stm32l010xb.o

.debug_abbrev   0x0000000000000000     0x1c4f
 .debug_abbrev  0x0000000000000000      0x219 HAL_Driver/Src/stm32l0xx_hal.o
 .debug_abbrev  0x0000000000000219      0x1fa HAL_Driver/Src/stm32l0xx_hal_adc.o
 .debug_abbrev  0x0000000000000413      0x1e4 HAL_Driver/Src/stm32l0xx_hal_adc_ex.o
 .debug_abbrev  0x00000000000005f7      0x23c HAL_Driver/Src/stm32l0xx_hal_cortex.o
 .debug_abbrev  0x0000000000000833      0x1cc HAL_Driver/Src/stm32l0xx_hal_dma.o
 .debug_abbrev  0x00000000000009ff      0x1c0 HAL_Driver/Src/stm32l0xx_hal_gpio.o
 .debug_abbrev  0x0000000000000bbf       0x94 HAL_Driver/Src/stm32l0xx_hal_msp_template.o
 .debug_abbrev  0x0000000000000c53      0x21a HAL_Driver/Src/stm32l0xx_hal_rcc.o
 .debug_abbrev  0x0000000000000e6d      0x22e HAL_Driver/Src/stm32l0xx_hal_tim.o
 .debug_abbrev  0x000000000000109b      0x214 HAL_Driver/Src/stm32l0xx_hal_uart.o
 .debug_abbrev  0x00000000000012af      0x2b9 Utilities/stm32l0xx_nucleo.o
 .debug_abbrev  0x0000000000001568      0x286 src/main.o
 .debug_abbrev  0x00000000000017ee       0x94 src/stm32l0xx_it.o
 .debug_abbrev  0x0000000000001882      0x2aa src/syscalls.o