Archive member included to satisfy reference by file (symbol)

c:/ac6/systemworkbench/plugins/fr.ac6.mcu.externaltools.arm-none.win32_1.17.0.201812190825/tools/compiler/bin/../lib/gcc/arm-none-eabi/7.3.1/thumb/v6-m\libgcc.a(_udivsi3.o)
                              HAL_Driver/Src/stm32l0xx_hal.o (__aeabi_uidiv)
c:/ac6/systemworkbench/plugins/fr.ac6.mcu.externaltools.arm-none.win32_1.17.0.201812190825/tools/compiler/bin/../lib/gcc/arm-none-eabi/7.3.1/thumb/v6-m\libgcc.a(_dvmd_tls.o)
                              c:/ac6/systemworkbench/plugins/fr.ac6.mcu.externaltools.arm-none.win32_1.17.0.201812190825/tools/compiler/bin/../lib/gcc/arm-none-eabi/7.3.1/thumb/v6-m\libgcc.a(_udivsi3.o) (__aeabi_idiv0)
c:/ac6/systemworkbench/plugins/fr.ac6.mcu.externaltools.arm-none.win32_1.17.0.201812190825/tools/compiler/bin/../lib/gcc/arm-none-eabi/7.3.1/thumb/v6-m\libgcc.a(_aeabi_uldivmod.o)
                              HAL_Driver/Src/stm32l0xx_hal_uart.o (__aeabi_uldivmod)
c:/ac6/systemworkbench/plugins/fr.ac6.mcu.externaltools.arm-none.win32_1.17.0.201812190825/tools/compiler/bin/../lib/gcc/arm-none-eabi/7.3.1/thumb/v6-m\libgcc.a(_udivmoddi4.o)
                              c:/ac6/systemworkbench/plugins/fr.ac6.mcu.externaltools.arm-none.win32_1.17.0.201812190825/tools/compiler/bin/../lib/gcc/arm-none-eabi/7.3.1/thumb/v6-m\libgcc.a(_aeabi_uldivmod.o) (__udivmoddi4)
c:/ac6/systemworkbench/plugins/fr.ac6.mcu.externaltools.arm-none.win32_1.17.0.201812190825/tools/compiler/bin/../lib/gcc/arm-none-eabi/7.3.1/thumb/v6-m\libgcc.a(_clzdi2.o)
                              c:/ac6/systemworkbench/plugins/fr.ac6.mcu.externaltools.arm-none.win32_1.17.0.201812190825/tools/compiler/bin/../lib/gcc/arm-none-eabi/7.3.1/thumb/v6-m\libgcc.a(_udivmoddi4.o) (__clzdi2)
c:/ac6/systemworkbench/plugins/fr.ac6.mcu.externaltools.arm-none.win32_1.17.0.201812190825/tools/compiler/bin/../lib/gcc/arm-none-eabi/7.3.1/thumb/v6-m\libgcc.a(_clzsi2.o)
                              c:/ac6/systemworkbench/plugins/fr.ac6.mcu.externaltools.arm-none.win32_1.17.0.201812190825/tools/compiler/bin/../lib/gcc/arm-none-eabi/7.3.1/thumb/v6-m\libgcc.a(_clzdi2.o) (__clzsi2)
c:/ac6/systemworkbench/plugins/fr.ac6.mcu.externaltools.arm-none.win32_1.17.0.201812190825/tools/compiler/bin/../lib/gcc/arm-none-eabi/7.3.1/../../../../arm-none-eabi/lib/thumb/v6-m\libc.a(lib_a-errno.o)
                              src/syscalls.o (__errno)
c:/ac6/systemworkbench/plugins/fr.ac6.mcu.externaltools.arm-none.win32_1.17.0.201812190825/tools/compiler/bin/../lib/gcc/arm-none-eabi/7.3.1/../../../../arm-none-eabi/lib/thumb/v6-m\libc.a(lib_a-exit.o)
                              c:/ac6/systemworkbench/plugins/fr.ac6.mcu.externaltools.arm-none.win32_1.17.0.201812190825/tools/compiler/bin/../lib/gcc/arm-none-eabi/7.3.1/../../../../arm-none-eabi/lib/thumb/v6-m/crt0.o (exit)
c:/ac6/systemworkbench/plugins/fr.ac6.mcu.externaltools.arm-none.win32_1.17.0.201812190825/tools/compiler/bin/../lib/gcc/arm-none-eabi/7.3.1/../../../../arm-none-eabi/lib/thumb/v6-m\libc.a(lib_a-impure.o)
                              c:/ac6/systemworkbench/plugins/fr.ac6.mcu.externaltools.arm-none.win32_1.17.0.201812190825/tools/compiler/bin/../lib/gcc/arm-none-eabi/7.3.1/../../../../arm-none-eabi/lib/thumb/v6-m\libc.a(lib_a-exit.o) (_global_impure_ptr)
c:/ac6/systemworkbench/plugins/fr.ac6.mcu.externaltools.arm-none.win32_1.17.0.201812190825/tools/compiler/bin/../lib/gcc/arm-none-eabi/7.3.1/../../../../arm-none-eabi/lib/thumb/v6-m\libc.a(lib_a-init.o)
                              c:/ac6/systemworkbench/plugins/fr.ac6.mcu.externaltools.arm-none.win32_1.17.0.201812190825/tools/compiler/bin/../lib/gcc/arm-none-eabi/7.3.1/../../../../arm-none-eabi/lib/thumb/v6-m/crt0.o (__libc_init_array)
c:/ac6/systemworkbench/plugins/fr.ac6.mcu.externaltools.arm-none.win32_1.17.0.201812190825/tools/compiler/bin/../lib/gcc/arm-none-eabi/7.3.1/../../../../arm-none-eabi/lib/thumb/v6-m\libc.a(lib_a-memset.o)
                              c:/ac6/systemworkbench/plugins/fr.ac6.mcu.externaltools.arm-none.win32_1.17.0.201812190825/tools/compiler/bin/../lib/gcc/arm-none-eabi/7.3.1/../../../../arm-none-eabi/lib/thumb/v6-m/crt0.o (memset)
c:/ac6/systemworkbench/plugins/fr.ac6.mcu.externaltools.arm-none.win32_1.17.0.201812190825/tools/compiler/bin/../lib/gcc/arm-none-eabi/7.3.1/../../../../arm-none-eabi/lib/thumb/v6-m\libc.a(lib_a-printf.o)
                              src/main.o (printf)
c:/ac6/systemworkbench/plugins/fr.ac6.mcu.externaltools.arm-none.win32_1.17.0.201812190825/tools/compiler/bin/../lib/gcc/arm-none-eabi/7.3.1/../../../../arm-none-eabi/lib/thumb/v6-m\libc.a(lib_a-sprintf.o)
                              src/main.o (sprintf)
c:/ac6/systemworkbench/plugins/fr.ac6.mcu.externaltools.arm-none.win32_1.17.0.201812190825/tools/compiler/bin/../lib/gcc/arm-none-eabi/7.3.1/../../../../arm-none-eabi/lib/thumb/v6-m\libc.a(lib_a-svfprintf.o)
[...]
Memory Configuration

Name             Origin             Length             Attributes
FLASH            0x08000000         0x00020000         xr
RAM              0x20000000         0x00005000         xrw
*default*        0x00000000         0xffffffff

Linker script and memory map

LOAD c:/ac6/systemworkbench/plugins/fr.ac6.mcu.externaltools.arm-none.win32_1.17.0.201812190825/tools/compiler/bin/../lib/gcc/arm-none-eabi/7.3.1/thumb/v6-m/crti.o
LOAD c:/ac6/systemworkbench/plugins/fr.ac6.mcu.externaltools.arm-none.win32_1.17.0.201812190825/tools/compiler/bin/../lib/gcc/arm-none-eabi/7.3.1/thumb/v6-m/crtbegin.o
LOAD c:/ac6/systemworkbench/plugins/fr.ac6.mcu.externaltools.arm-none.win32_1.17.0.201812190825/tools/compiler/bin/../lib/gcc/arm-none-eabi/7.3.1/../../../../arm-none-eabi/lib/thumb/v6-m/crt0.o
LOAD HAL_Driver/Src/stm32l0xx_hal.o
LOAD HAL_Driver/Src/stm32l0xx_hal_adc.o
LOAD HAL_Driver/Src/stm32l0xx_hal_adc_ex.o
LOAD HAL_Driver/Src/stm32l0xx_hal_comp.o
LOAD HAL_Driver/Src/stm32l0xx_hal_comp_ex.o
LOAD HAL_Driver/Src/stm32l0xx_hal_cortex.o
LOAD HAL_Driver/Src/stm32l0xx_hal_crc.o
LOAD HAL_Driver/Src/stm32l0xx_hal_crc_ex.o
LOAD HAL_Driver/Src/stm32l0xx_hal_cryp.o
LOAD HAL_Driver/Src/stm32l0xx_hal_cryp_ex.o
LOAD HAL_Driver/Src/stm32l0xx_hal_dac.o
LOAD HAL_Driver/Src/stm32l0xx_hal_dac_ex.o
LOAD HAL_Driver/Src/stm32l0xx_hal_dma.o
LOAD HAL_Driver/Src/stm32l0xx_hal_firewall.o
LOAD HAL_Driver/Src/stm32l0xx_hal_flash.o
LOAD HAL_Driver/Src/stm32l0xx_hal_flash_ex.o
LOAD HAL_Driver/Src/stm32l0xx_hal_flash_ramfunc.o
LOAD HAL_Driver/Src/stm32l0xx_hal_gpio.o
LOAD HAL_Driver/Src/stm32l0xx_hal_i2c.o
LOAD HAL_Driver/Src/stm32l0xx_hal_i2c_ex.o
LOAD HAL_Driver/Src/stm32l0xx_hal_i2s.o
LOAD HAL_Driver/Src/stm32l0xx_hal_irda.o
LOAD HAL_Driver/Src/stm32l0xx_hal_iwdg.o
LOAD HAL_Driver/Src/stm32l0xx_hal_lcd.o
LOAD HAL_Driver/Src/stm32l0xx_hal_lptim.o
LOAD HAL_Driver/Src/stm32l0xx_hal_msp_template.o
LOAD HAL_Driver/Src/stm32l0xx_hal_pcd.o
LOAD HAL_Driver/Src/stm32l0xx_hal_pcd_ex.o
LOAD HAL_Driver/Src/stm32l0xx_hal_pwr.o
LOAD HAL_Driver/Src/stm32l0xx_hal_pwr_ex.o
LOAD HAL_Driver/Src/stm32l0xx_hal_rcc.o
LOAD HAL_Driver/Src/stm32l0xx_hal_rcc_ex.o
LOAD HAL_Driver/Src/stm32l0xx_hal_rng.o
LOAD HAL_Driver/Src/stm32l0xx_hal_rtc.o
LOAD HAL_Driver/Src/stm32l0xx_hal_rtc_ex.o
LOAD HAL_Driver/Src/stm32l0xx_hal_smartcard.o
LOAD HAL_Driver/Src/stm32l0xx_hal_smartcard_ex.o
LOAD HAL_Driver/Src/stm32l0xx_hal_smbus.o
LOAD HAL_Driver/Src/stm32l0xx_hal_spi.o
LOAD HAL_Driver/Src/stm32l0xx_hal_tim.o
LOAD HAL_Driver/Src/stm32l0xx_hal_tim_ex.o
LOAD HAL_Driver/Src/stm32l0xx_hal_tsc.o
LOAD HAL_Driver/Src/stm32l0xx_hal_uart.o
LOAD HAL_Driver/Src/stm32l0xx_hal_uart_ex.o
LOAD HAL_Driver/Src/stm32l0xx_hal_usart.o
LOAD HAL_Driver/Src/stm32l0xx_hal_wwdg.o
LOAD HAL_Driver/Src/stm32l0xx_ll_adc.o
LOAD HAL_Driver/Src/stm32l0xx_ll_comp.o
LOAD HAL_Driver/Src/stm32l0xx_ll_crc.o
LOAD HAL_Driver/Src/stm32l0xx_ll_crs.o
LOAD HAL_Driver/Src/stm32l0xx_ll_dac.o
LOAD HAL_Driver/Src/stm32l0xx_ll_dma.o
LOAD HAL_Driver/Src/stm32l0xx_ll_exti.o
LOAD HAL_Driver/Src/stm32l0xx_ll_gpio.o
LOAD HAL_Driver/Src/stm32l0xx_ll_i2c.o
LOAD HAL_Driver/Src/stm32l0xx_ll_lptim.o
LOAD HAL_Driver/Src/stm32l0xx_ll_lpuart.o
LOAD HAL_Driver/Src/stm32l0xx_ll_pwr.o
LOAD HAL_Driver/Src/stm32l0xx_ll_rcc.o
LOAD HAL_Driver/Src/stm32l0xx_ll_rng.o
LOAD HAL_Driver/Src/stm32l0xx_ll_rtc.o
LOAD HAL_Driver/Src/stm32l0xx_ll_spi.o
LOAD HAL_Driver/Src/stm32l0xx_ll_tim.o
LOAD HAL_Driver/Src/stm32l0xx_ll_usart.o
LOAD HAL_Driver/Src/stm32l0xx_ll_usb.o
LOAD HAL_Driver/Src/stm32l0xx_ll_utils.o
LOAD Utilities/stm32l0xx_nucleo.o
LOAD src/main.o
LOAD src/stm32l0xx_it.o
LOAD src/syscalls.o
LOAD src/system_stm32l0xx.o
LOAD startup/startup_stm32l010xb.o
LOAD c:/ac6/systemworkbench/plugins/fr.ac6.mcu.externaltools.arm-none.win32_1.17.0.201812190825/tools/compiler/bin/../lib/gcc/arm-none-eabi/7.3.1/../../../../arm-none-eabi/lib/thumb/v6-m\libm.a
START GROUP
LOAD c:/ac6/systemworkbench/plugins/fr.ac6.mcu.externaltools.arm-none.win32_1.17.0.201812190825/tools/compiler/bin/../lib/gcc/arm-none-eabi/7.3.1/thumb/v6-m\libgcc.a
LOAD c:/ac6/systemworkbench/plugins/fr.ac6.mcu.externaltools.arm-none.win32_1.17.0.201812190825/tools/compiler/bin/../lib/gcc/arm-none-eabi/7.3.1/../../../../arm-none-eabi/lib/thumb/v6-m\libc.a
END GROUP
LOAD c:/ac6/systemworkbench/plugins/fr.ac6.mcu.externaltools.arm-none.win32_1.17.0.201812190825/tools/compiler/bin/../lib/gcc/arm-none-eabi/7.3.1/thumb/v6-m/crtend.o
LOAD c:/ac6/systemworkbench/plugins/fr.ac6.mcu.externaltools.arm-none.win32_1.17.0.201812190825/tools/compiler/bin/../lib/gcc/arm-none-eabi/7.3.1/thumb/v6-m/crtn.o
                0x20005000                _estack = 0x20005000
                0x00000200                _Min_Heap_Size = 0x200
                0x00000400                _Min_Stack_Size = 0x400

.isr_vector     0x08000000       0xc0
                0x08000000                . = ALIGN (0x4)
 *(.isr_vector)
 .isr_vector    0x08000000       0xc0 startup/startup_stm32l010xb.o
                0x08000000                g_pfnVectors
                0x080000c0                . = ALIGN (0x4)

.text           0x080000c0     0xc1e0
                0x080000c0                . = ALIGN (0x4)
 *(.text)
 .text          0x080000c0       0x48 c:/ac6/systemworkbench/plugins/fr.ac6.mcu.externaltools.arm-none.win32_1.17.0.201812190825/tools/compiler/bin/../lib/gcc/arm-none-eabi/7.3.1/thumb/v6-m/crtbegin.o
 .text          0x08000108      0x114 c:/ac6/systemworkbench/plugins/fr.ac6.mcu.externaltools.arm-none.win32_1.17.0.201812190825/tools/compiler/bin/../lib/gcc/arm-none-eabi/7.3.1/thumb/v6-m\libgcc.a(_udivsi3.o)
                0x08000108                __aeabi_uidiv
                0x08000108                __udivsi3
                0x08000214                __aeabi_uidivmod
 .text          0x0800021c        0x4 c:/ac6/systemworkbench/plugins/fr.ac6.mcu.externaltools.arm-none.win32_1.17.0.201812190825/tools/compiler/bin/../lib/gcc/arm-none-eabi/7.3.1/thumb/v6-m\libgcc.a(_dvmd_tls.o)
                0x0800021c                __aeabi_idiv0
                0x0800021c                __aeabi_ldiv0
 .text          0x08000220       0x40 c:/ac6/systemworkbench/plugins/fr.ac6.mcu.externaltools.arm-none.win32_1.17.0.201812190825/tools/compiler/bin/../lib/gcc/arm-none-eabi/7.3.1/thumb/v6-m\libgcc.a(_aeabi_uldivmod.o)
                0x08000220                __aeabi_uldivmod
 .text          0x08000260      0x184 c:/ac6/systemworkbench/plugins/fr.ac6.mcu.externaltools.arm-none.win32_1.17.0.201812190825/tools/compiler/bin/../lib/gcc/arm-none-eabi/7.3.1/thumb/v6-m\libgcc.a(_udivmoddi4.o)
                0x08000260                __udivmoddi4
 .text          0x080003e4       0x18 c:/ac6/systemworkbench/plugins/fr.ac6.mcu.externaltools.arm-none.win32_1.17.0.201812190825/tools/compiler/bin/../lib/gcc/arm-none-eabi/7.3.1/thumb/v6-m\libgcc.a(_clzdi2.o)
                0x080003e4                __clzdi2
 .text          0x080003fc       0x3c c:/ac6/systemworkbench/plugins/fr.ac6.mcu.externaltools.arm-none.win32_1.17.0.201812190825/tools/compiler/bin/../lib/gcc/arm-none-eabi/7.3.1/thumb/v6-m\libgcc.a(_clzsi2.o)
                0x080003fc                __clzsi2
 .text          0x08000438      0x1d4 c:/ac6/systemworkbench/plugins/fr.ac6.mcu.externaltools.arm-none.win32_1.17.0.201812190825/tools/compiler/bin/../lib/gcc/arm-none-eabi/7.3.1/thumb/v6-m\libgcc.a(_divsi3.o)
                0x08000438                __divsi3
                0x08000438                __aeabi_idiv
                0x08000604                __aeabi_idivmod
 .text          0x0800060c       0x7c c:/ac6/systemworkbench/plugins/fr.ac6.mcu.externaltools.arm-none.win32_1.17.0.201812190825/tools/compiler/bin/../lib/gcc/arm-none-eabi/7.3.1/thumb/v6-m\libgcc.a(_arm_cmpdf2.o)
                0x0800060c                __aeabi_cdrcmple
                0x0800061c                __aeabi_cdcmple
                0x0800061c                __aeabi_cdcmpeq
                0x0800062c                __aeabi_dcmpeq
                0x08000638                __aeabi_dcmplt
                0x0800064c                __aeabi_dcmple
                0x08000660                __aeabi_dcmpgt
                0x08000674                __aeabi_dcmpge
 .text          0x08000688      0x638 c:/ac6/systemworkbench/plugins/fr.ac6.mcu.externaltools.arm-none.win32_1.17.0.201812190825/tools/compiler/bin/../lib/gcc/arm-none-eabi/7.3.1/thumb/v6-m\libgcc.a(adddf3.o)
                0x08000688                __aeabi_dadd
 .text          0x08000cc0      0x604 c:/ac6/systemworkbench/plugins/fr.ac6.mcu.externaltools.arm-none.win32_1.17.0.201812190825/tools/compiler/bin/../lib/gcc/arm-none-eabi/7.3.1/thumb/v6-m\libgcc.a(divdf3.o)
                0x08000cc0                __aeabi_ddiv
 .text          0x080012c4       0x78 c:/ac6/systemworkbench/plugins/fr.ac6.mcu.externaltools.arm-none.win32_1.17.0.201812190825/tools/compiler/bin/../lib/gcc/arm-none-eabi/7.3.1/thumb/v6-m\libgcc.a(eqdf2.o)
                0x080012c4                __nedf2
                0x080012c4                __eqdf2
 .text          0x0800133c       0xc8 c:/ac6/systemworkbench/plugins/fr.ac6.mcu.externaltools.arm-none.win32_1.17.0.201812190825/tools/compiler/bin/../lib/gcc/arm-none-eabi/7.3.1/thumb/v6-m\libgcc.a(gedf2.o)
                0x0800133c                __gedf2
                0x0800133c                __gtdf2
 .text          0x08001404       0xd0 c:/ac6/systemworkbench/plugins/fr.ac6.mcu.externaltools.arm-none.win32_1.17.0.201812190825/tools/compiler/bin/../lib/gcc/arm-none-eabi/7.3.1/thumb/v6-m\libgcc.a(ledf2.o)
                0x08001404                __ledf2
                0x08001404                __ltdf2
 .text          0x080014d4      0x4e4 c:/ac6/systemworkbench/plugins/fr.ac6.mcu.externaltools.arm-none.win32_1.17.0.201812190825/tools/compiler/bin/../lib/gcc/arm-none-eabi/7.3.1/thumb/v6-m\libgcc.a(muldf3.o)
                0x080014d4                __aeabi_dmul
 .text          0x080019b8      0x690 c:/ac6/systemworkbench/plugins/fr.ac6.mcu.externaltools.arm-none.win32_1.17.0.201812190825/tools/compiler/bin/../lib/gcc/arm-none-eabi/7.3.1/thumb/v6-m\libgcc.a(subdf3.o)
                0x080019b8                __aeabi_dsub
 .text          0x08002048       0x38 c:/ac6/systemworkbench/plugins/fr.ac6.mcu.externaltools.arm-none.win32_1.17.0.201812190825/tools/compiler/bin/../lib/gcc/arm-none-eabi/7.3.1/thumb/v6-m\libgcc.a(unorddf2.o)
                0x08002048                __aeabi_dcmpun
 .text          0x08002080       0x6c c:/ac6/systemworkbench/plugins/fr.ac6.mcu.externaltools.arm-none.win32_1.17.0.201812190825/tools/compiler/bin/../lib/gcc/arm-none-eabi/7.3.1/thumb/v6-m\libgcc.a(fixdfsi.o)
                0x08002080                __aeabi_d2iz
 .text          0x080020ec       0x74 c:/ac6/systemworkbench/plugins/fr.ac6.mcu.externaltools.arm-none.win32_1.17.0.201812190825/tools/compiler/bin/../lib/gcc/arm-none-eabi/7.3.1/thumb/v6-m\libgcc.a(floatsidf.o)
                0x080020ec                __aeabi_i2d
 .text          0x08002160       0x64 c:/ac6/systemworkbench/plugins/fr.ac6.mcu.externaltools.arm-none.win32_1.17.0.201812190825/tools/compiler/bin/../lib/gcc/arm-none-eabi/7.3.1/thumb/v6-m\libgcc.a(floatunsidf.o)
                0x08002160                __aeabi_ui2d
 *(.text*)
 .text.HAL_Init
                0x080021c4       0x40 HAL_Driver/Src/stm32l0xx_hal.o
                0x080021c4                HAL_Init
 .text.HAL_InitTick
                0x08002204       0x54 HAL_Driver/Src/stm32l0xx_hal.o
                0x08002204                HAL_InitTick
 .text.HAL_IncTick
                0x08002258       0x18 HAL_Driver/Src/stm32l0xx_hal.o
                0x08002258                HAL_IncTick
 .text.HAL_GetTick
                0x08002270       0x14 HAL_Driver/Src/stm32l0xx_hal.o
                0x08002270                HAL_GetTick
 .text.HAL_Delay
                0x08002284       0x3a HAL_Driver/Src/stm32l0xx_hal.o
                0x08002284                HAL_Delay
 *fill*         0x080022be        0x2 
 .text.HAL_ADC_Init
                0x080022c0      0x2e8 HAL_Driver/Src/stm32l0xx_hal_adc.o
                0x080022c0                HAL_ADC_Init
 .text.HAL_ADC_DeInit
                0x080025a8      0x138 HAL_Driver/Src/stm32l0xx_hal_adc.o
                0x080025a8                HAL_ADC_DeInit
 .text.HAL_ADC_MspInit
                0x080026e0       0x10 HAL_Driver/Src/stm32l0xx_hal_adc.o
                0x080026e0                HAL_ADC_MspInit
 .text.HAL_ADC_MspDeInit
                0x080026f0       0x10 HAL_Driver/Src/stm32l0xx_hal_adc.o
                0x080026f0                HAL_ADC_MspDeInit
 .text.HAL_ADC_Start
                0x08002700       0xa8 HAL_Driver/Src/stm32l0xx_hal_adc.o
                0x08002700                HAL_ADC_Start
 .text.HAL_ADC_PollForConversion
                0x080027a8      0x12c HAL_Driver/Src/stm32l0xx_hal_adc.o
                0x080027a8                HAL_ADC_PollForConversion
 .text.HAL_ADC_GetValue
                0x080028d4       0x16 HAL_Driver/Src/stm32l0xx_hal_adc.o
                0x080028d4                HAL_ADC_GetValue
 *fill*         0x080028ea        0x2 
 .text.HAL_ADC_ConfigChannel
                0x080028ec       0xd0 HAL_Driver/Src/stm32l0xx_hal_adc.o
                0x080028ec                HAL_ADC_ConfigChannel
 .text.ADC_Enable
                0x080029bc       0xc0 HAL_Driver/Src/stm32l0xx_hal_adc.o
 .text.ADC_Disable
                0x08002a7c       0xc0 HAL_Driver/Src/stm32l0xx_hal_adc.o
 .text.ADC_ConversionStop
                0x08002b3c       0x8c HAL_Driver/Src/stm32l0xx_hal_adc.o
 .text.ADC_DelayMicroSecond
                0x08002bc8       0x3c HAL_Driver/Src/stm32l0xx_hal_adc.o
 .text.HAL_ADCEx_Calibration_Start
                0x08002c04      0x12c HAL_Driver/Src/stm32l0xx_hal_adc_ex.o
                0x08002c04                HAL_ADCEx_Calibration_Start
 .text.NVIC_SetPriority
                0x08002d30       0xdc HAL_Driver/Src/stm32l0xx_hal_cortex.o
 .text.SysTick_Config
                0x08002e0c       0x48 HAL_Driver/Src/stm32l0xx_hal_cortex.o
 .text.HAL_NVIC_SetPriority
                0x08002e54       0x2a HAL_Driver/Src/stm32l0xx_hal_cortex.o
                0x08002e54                HAL_NVIC_SetPriority
 .text.HAL_SYSTICK_Config
                0x08002e7e       0x1a HAL_Driver/Src/stm32l0xx_hal_cortex.o
                0x08002e7e                HAL_SYSTICK_Config
 .text.HAL_SYSTICK_IRQHandler
                0x08002e98        0xe HAL_Driver/Src/stm32l0xx_hal_cortex.o
                0x08002e98                HAL_SYSTICK_IRQHandler
 .text.HAL_SYSTICK_Callback
                0x08002ea6        0xa HAL_Driver/Src/stm32l0xx_hal_cortex.o
                0x08002ea6                HAL_SYSTICK_Callback
 .text.HAL_GPIO_Init
                0x08002eb0      0x2fc HAL_Driver/Src/stm32l0xx_hal_gpio.o
                0x08002eb0                HAL_GPIO_Init
 .text.HAL_GPIO_ReadPin
                0x080031ac       0x3a HAL_Driver/Src/stm32l0xx_hal_gpio.o
                0x080031ac                HAL_GPIO_ReadPin
 .text.HAL_GPIO_WritePin
                0x080031e6       0x3a HAL_Driver/Src/stm32l0xx_hal_gpio.o
                0x080031e6                HAL_GPIO_WritePin
 .text.HAL_MspInit
                0x08003220        0xa HAL_Driver/Src/stm32l0xx_hal_msp_template.o
                0x08003220                HAL_MspInit
 *fill*         0x0800322a        0x2 
 .text.HAL_RCC_OscConfig
                0x0800322c      0x6f4 HAL_Driver/Src/stm32l0xx_hal_rcc.o
                0x0800322c                HAL_RCC_OscConfig
 .text.HAL_RCC_ClockConfig
                0x08003920      0x254 HAL_Driver/Src/stm32l0xx_hal_rcc.o
                0x08003920                HAL_RCC_ClockConfig
 .text.HAL_RCC_GetSysClockFreq
                0x08003b74      0x108 HAL_Driver/Src/stm32l0xx_hal_rcc.o
                0x08003b74                HAL_RCC_GetSysClockFreq
 .text.HAL_RCC_GetHCLKFreq
                0x08003c7c       0x14 HAL_Driver/Src/stm32l0xx_hal_rcc.o
                0x08003c7c                HAL_RCC_GetHCLKFreq
 .text.HAL_RCC_GetPCLK1Freq
                0x08003c90       0x2c HAL_Driver/Src/stm32l0xx_hal_rcc.o
                0x08003c90                HAL_RCC_GetPCLK1Freq
 .text.HAL_RCC_GetPCLK2Freq
                0x08003cbc       0x2c HAL_Driver/Src/stm32l0xx_hal_rcc.o
                0x08003cbc                HAL_RCC_GetPCLK2Freq
 .text.HAL_TIM_PWM_Init
                0x08003ce8       0x58 HAL_Driver/Src/stm32l0xx_hal_tim.o
                0x08003ce8                HAL_TIM_PWM_Init
 .text.HAL_TIM_PWM_MspInit
                0x08003d40       0x10 HAL_Driver/Src/stm32l0xx_hal_tim.o
                0x08003d40                HAL_TIM_PWM_MspInit
 .text.HAL_TIM_PWM_Start
                0x08003d50       0x44 HAL_Driver/Src/stm32l0xx_hal_tim.o
                0x08003d50                HAL_TIM_PWM_Start
 .text.HAL_TIM_PWM_ConfigChannel
                0x08003d94      0x170 HAL_Driver/Src/stm32l0xx_hal_tim.o
                0x08003d94                HAL_TIM_PWM_ConfigChannel
 .text.TIM_Base_SetConfig
                0x08003f04       0xa8 HAL_Driver/Src/stm32l0xx_hal_tim.o
 .text.TIM_OC1_SetConfig
                0x08003fac       0x78 HAL_Driver/Src/stm32l0xx_hal_tim.o
 .text.TIM_OC2_SetConfig
                0x08004024       0x84 HAL_Driver/Src/stm32l0xx_hal_tim.o
 .text.TIM_OC3_SetConfig
                0x080040a8       0x80 HAL_Driver/Src/stm32l0xx_hal_tim.o
 .text.TIM_OC4_SetConfig
                0x08004128       0x8c HAL_Driver/Src/stm32l0xx_hal_tim.o
 .text.TIM_CCxChannelCmd
                0x080041b4       0x46 HAL_Driver/Src/stm32l0xx_hal_tim.o
 *fill*         0x080041fa        0x2 
 .text.HAL_UART_Init
                0x080041fc       0xa8 HAL_Driver/Src/stm32l0xx_hal_uart.o
                0x080041fc                HAL_UART_Init
 .text.HAL_UART_MspInit
                0x080042a4       0x10 HAL_Driver/Src/stm32l0xx_hal_uart.o
                0x080042a4                HAL_UART_MspInit
 .text.HAL_UART_Transmit
                0x080042b4      0x14e HAL_Driver/Src/stm32l0xx_hal_uart.o
                0x080042b4                HAL_UART_Transmit
 *fill*         0x08004402        0x2 
 .text.UART_SetConfig
                0x08004404      0x5b4 HAL_Driver/Src/stm32l0xx_hal_uart.o
                0x08004404                UART_SetConfig
 .text.UART_AdvFeatureConfig
                0x080049b8      0x168 HAL_Driver/Src/stm32l0xx_hal_uart.o
                0x080049b8                UART_AdvFeatureConfig
 .text.UART_CheckIdleState
                0x08004b20       0x8c HAL_Driver/Src/stm32l0xx_hal_uart.o
                0x08004b20                UART_CheckIdleState
 .text.UART_WaitOnFlagUntilTimeout
                0x08004bac       0x94 HAL_Driver/Src/stm32l0xx_hal_uart.o
                0x08004bac                UART_WaitOnFlagUntilTimeout
 .text.BSP_LED_On
                0x08004c40       0x2c Utilities/stm32l0xx_nucleo.o
                0x08004c40                BSP_LED_On
 .text.main     0x08004c6c       0xc8 src/main.o
                0x08004c6c                main
 .text.SystemClock_Config
                0x08004d34       0xb0 src/main.o
                0x08004d34                SystemClock_Config
 .text.Error_Handler
                0x08004de4       0x1c src/main.o
                0x08004de4                Error_Handler
 .text.clock_init
                0x08004e00       0x5c src/main.o
                0x08004e00                clock_init
 .text.uart_init
                0x08004e5c       0xa4 src/main.o
                0x08004e5c                uart_init
 .text.adc_init
                0x08004f00       0xec src/main.o
                0x08004f00                adc_init
 .text.set_gpio_timers_pwm
                0x08004fec       0x3c src/main.o
                0x08004fec                set_gpio_timers_pwm
 .text.set_timers_pwm
                0x08005028       0xa4 src/main.o
                0x08005028                set_timers_pwm
 .text.gpio_init
                0x080050cc       0x54 src/main.o
                0x080050cc                gpio_init
 .text.SysTick_Handler
                0x08005120       0x12 src/stm32l0xx_it.o
                0x08005120                SysTick_Handler
 .text._read    0x08005132       0x3a src/syscalls.o
                0x08005132                _read
 .text._write   0x0800516c       0x38 src/syscalls.o
                0x0800516c                _write
 .text._sbrk    0x080051a4       0x58 src/syscalls.o
                0x080051a4                _sbrk
 .text._close   0x080051fc       0x14 src/syscalls.o
                0x080051fc                _close
 .text._fstat   0x08005210       0x1c src/syscalls.o
                0x08005210                _fstat
 .text._isatty  0x0800522c       0x12 src/syscalls.o
                0x0800522c                _isatty
 .text._lseek   0x0800523e       0x16 src/syscalls.o
                0x0800523e                _lseek
 .text.SystemInit
                0x08005254       0x7c src/system_stm32l0xx.o
                0x08005254                SystemInit
 .text.Reset_Handler
                0x080052d0       0x80 startup/startup_stm32l010xb.o
                0x080052d0                Reset_Handler
 .text.Default_Handler
                0x08005350        0x2 startup/startup_stm32l010xb.o
                0x08005350                HardFault_Handler
                0x08005350                PendSV_Handler
                0x08005350                NMI_Handler
                0x08005350                I2C1_IRQHandler
                0x08005350                SPI1_IRQHandler
                0x08005350                EXTI2_3_IRQHandler
                0x08005350                ADC1_IRQHandler
                0x08005350                RTC_IRQHandler
                0x08005350                DMA1_Channel4_5_6_7_IRQHandler
                0x08005350                EXTI4_15_IRQHandler
                0x08005350                RCC_IRQHandler
                0x08005350                DMA1_Channel1_IRQHandler
                0x08005350                Default_Handler
                0x08005350                TIM22_IRQHandler
                0x08005350                EXTI0_1_IRQHandler
                0x08005350                SVC_Handler
                0x08005350                TIM21_IRQHandler
                0x08005350                WWDG_IRQHandler
                0x08005350                LPUART1_IRQHandler
                0x08005350                TIM2_IRQHandler
                0x08005350                DMA1_Channel2_3_IRQHandler
                0x08005350                USART2_IRQHandler
                0x08005350                FLASH_IRQHandler
                0x08005350                LPTIM1_IRQHandler
 *fill*         0x08005352        0x2 
 .text.__errno  0x08005354        0xc c:/ac6/systemworkbench/plugins/fr.ac6.mcu.externaltools.arm-none.win32_1.17.0.201812190825/tools/compiler/bin/../lib/gcc/arm-none-eabi/7.3.1/../../../../arm-none-eabi/lib/thumb/v6-m\libc.a(lib_a-errno.o)
                0x08005354                __errno
 .text.__libc_init_array
                0x08005360       0x48 c:/ac6/systemworkbench/plugins/fr.ac6.mcu.externaltools.arm-none.win32_1.17.0.201812190825/tools/compiler/bin/../lib/gcc/arm-none-eabi/7.3.1/../../../../arm-none-eabi/lib/thumb/v6-m\libc.a(lib_a-init.o)
                0x08005360                __libc_init_array
 .text.memset   0x080053a8       0x9c c:/ac6/systemworkbench/plugins/fr.ac6.mcu.externaltools.arm-none.win32_1.17.0.201812190825/tools/compiler/bin/../lib/gcc/arm-none-eabi/7.3.1/../../../../arm-none-eabi/lib/thumb/v6-m\libc.a(lib_a-memset.o)
                0x080053a8                memset
 .text.printf   0x08005444       0x24 c:/ac6/systemworkbench/plugins/fr.ac6.mcu.externaltools.arm-none.win32_1.17.0.201812190825/tools/compiler/bin/../lib/gcc/arm-none-eabi/7.3.1/../../../../arm-none-eabi/lib/thumb/v6-m\libc.a(lib_a-printf.o)
                0x08005444                printf
 .text.sprintf  0x08005468       0x40 c:/ac6/systemworkbench/plugins/fr.ac6.mcu.externaltools.arm-none.win32_1.17.0.201812190825/tools/compiler/bin/../lib/gcc/arm-none-eabi/7.3.1/../../../../arm-none-eabi/lib/thumb/v6-m\libc.a(lib_a-sprintf.o)
                0x08005468                sprintf
 .text._svfprintf_r
                0x080054a8     0x1b6c c:/ac6/systemworkbench/plugins/fr.ac6.mcu.externaltools.arm-none.win32_1.17.0.201812190825/tools/compiler/bin/../lib/gcc/arm-none-eabi/7.3.1/../../../../arm-none-eabi/lib/thumb/v6-m\libc.a(lib_a-svfprintf.o)
                0x080054a8                _svfprintf_r
 .text._vfprintf_r
                0x08007014     0x1c10 c:/ac6/systemworkbench/plugins/fr.ac6.mcu.externaltools.arm-none.win32_1.17.0.201812190825/tools/compiler/bin/../lib/gcc/arm-none-eabi/7.3.1/../../../../arm-none-eabi/lib/thumb/v6-m\libc.a(lib_a-vfprintf.o)
                0x08007014                _vfprintf_r
 .text.__sbprintf
                0x08008c24       0x88 c:/ac6/systemworkbench/plugins/fr.ac6.mcu.externaltools.arm-none.win32_1.17.0.201812190825/tools/compiler/bin/../lib/gcc/arm-none-eabi/7.3.1/../../../../arm-none-eabi/lib/thumb/v6-m\libc.a(lib_a-vfprintf.o)
 .text.__swsetup_r
                0x08008cac       0xd4 c:/ac6/systemworkbench/plugins/fr.ac6.mcu.externaltools.arm-none.win32_1.17.0.201812190825/tools/compiler/bin/../lib/gcc/arm-none-eabi/7.3.1/../../../../arm-none-eabi/lib/thumb/v6-m\libc.a(lib_a-wsetup.o)
                0x08008cac                __swsetup_r
 .text.startup.register_fini
                0x08008d80       0x18 c:/ac6/systemworkbench/plugins/fr.ac6.mcu.externaltools.arm-none.win32_1.17.0.201812190825/tools/compiler/bin/../lib/gcc/arm-none-eabi/7.3.1/../../../../arm-none-eabi/lib/thumb/v6-m\libc.a(lib_a-__call_atexit.o)
 .text.atexit   0x08008d98       0x10 c:/ac6/systemworkbench/plugins/fr.ac6.mcu.externaltools.arm-none.win32_1.17.0.201812190825/tools/compiler/bin/../lib/gcc/arm-none-eabi/7.3.1/../../../../arm-none-eabi/lib/thumb/v6-m\libc.a(lib_a-atexit.o)
                0x08008d98                atexit
 .text.quorem   0x08008da8      0x154 c:/ac6/systemworkbench/plugins/fr.ac6.mcu.externaltools.arm-none.win32_1.17.0.201812190825/tools/compiler/bin/../lib/gcc/arm-none-eabi/7.3.1/../../../../arm-none-eabi/lib/thumb/v6-m\libc.a(lib_a-dtoa.o)
 .text._dtoa_r  0x08008efc      0xf4c c:/ac6/systemworkbench/plugins/fr.ac6.mcu.externaltools.arm-none.win32_1.17.0.201812190825/tools/compiler/bin/../lib/gcc/arm-none-eabi/7.3.1/../../../../arm-none-eabi/lib/thumb/v6-m\libc.a(lib_a-dtoa.o)
                0x08008efc                _dtoa_r
 .text.__sflush_r
                0x08009e48      0x150 c:/ac6/systemworkbench/plugins/fr.ac6.mcu.externaltools.arm-none.win32_1.17.0.201812190825/tools/compiler/bin/../lib/gcc/arm-none-eabi/7.3.1/../../../../arm-none-eabi/lib/thumb/v6-m\libc.a(lib_a-fflush.o)
                0x08009e48                __sflush_r
 .text._fflush_r
                0x08009f98       0x54 c:/ac6/systemworkbench/plugins/fr.ac6.mcu.externaltools.arm-none.win32_1.17.0.201812190825/tools/compiler/bin/../lib/gcc/arm-none-eabi/7.3.1/../../../../arm-none-eabi/lib/thumb/v6-m\libc.a(lib_a-fflush.o)
                0x08009f98                _fflush_r
 .text.std      0x08009fec       0x50 c:/ac6/systemworkbench/plugins/fr.ac6.mcu.externaltools.arm-none.win32_1.17.0.201812190825/tools/compiler/bin/../lib/gcc/arm-none-eabi/7.3.1/../../../../arm-none-eabi/lib/thumb/v6-m\libc.a(lib_a-findfp.o)
 .text._cleanup_r
                0x0800a03c       0x10 c:/ac6/systemworkbench/plugins/fr.ac6.mcu.externaltools.arm-none.win32_1.17.0.201812190825/tools/compiler/bin/../lib/gcc/arm-none-eabi/7.3.1/../../../../arm-none-eabi/lib/thumb/v6-m\libc.a(lib_a-findfp.o)
                0x0800a03c                _cleanup_r
 .text.__sinit  0x0800a04c       0x60 c:/ac6/systemworkbench/plugins/fr.ac6.mcu.externaltools.arm-none.win32_1.17.0.201812190825/tools/compiler/bin/../lib/gcc/arm-none-eabi/7.3.1/../../../../arm-none-eabi/lib/thumb/v6-m\libc.a(lib_a-findfp.o)
                0x0800a04c                __sinit
 .text.__sfp_lock_acquire
                0x0800a0ac       0x10 c:/ac6/systemworkbench/plugins/fr.ac6.mcu.externaltools.arm-none.win32_1.17.0.201812190825/tools/compiler/bin/../lib/gcc/arm-none-eabi/7.3.1/../../../../arm-none-eabi/lib/thumb/v6-m\libc.a(lib_a-findfp.o)
                0x0800a0ac                __sfp_lock_acquire
 .text.__sfp_lock_release
                0x0800a0bc       0x10 c:/ac6/systemworkbench/plugins/fr.ac6.mcu.externaltools.arm-none.win32_1.17.0.201812190825/tools/compiler/bin/../lib/gcc/arm-none-eabi/7.3.1/../../../../arm-none-eabi/lib/thumb/v6-m\libc.a(lib_a-findfp.o)
                0x0800a0bc                __sfp_lock_release
 .text.__libc_fini_array
                0x0800a0cc       0x34 c:/ac6/systemworkbench/plugins/fr.ac6.mcu.externaltools.arm-none.win32_1.17.0.201812190825/tools/compiler/bin/../lib/gcc/arm-none-eabi/7.3.1/../../../../arm-none-eabi/lib/thumb/v6-m\libc.a(lib_a-fini.o)
                0x0800a0cc                __libc_fini_array
 .text._malloc_trim_r
                0x0800a100       0xa0 c:/ac6/systemworkbench/plugins/fr.ac6.mcu.externaltools.arm-none.win32_1.17.0.201812190825/tools/compiler/bin/../lib/gcc/arm-none-eabi/7.3.1/../../../../arm-none-eabi/lib/thumb/v6-m\libc.a(lib_a-freer.o)
                0x0800a100                _malloc_trim_r
 .text._free_r  0x0800a1a0      0x1d4 c:/ac6/systemworkbench/plugins/fr.ac6.mcu.externaltools.arm-none.win32_1.17.0.201812190825/tools/compiler/bin/../lib/gcc/arm-none-eabi/7.3.1/../../../../arm-none-eabi/lib/thumb/v6-m\libc.a(lib_a-freer.o)
                0x0800a1a0                _free_r
 .text._fwalk_reent
                0x0800a374       0x4c c:/ac6/systemworkbench/plugins/fr.ac6.mcu.externaltools.arm-none.win32_1.17.0.201812190825/tools/compiler/bin/../lib/gcc/arm-none-eabi/7.3.1/../../../../arm-none-eabi/lib/thumb/v6-m\libc.a(lib_a-fwalk.o)
                0x0800a374                _fwalk_reent
 .text._localeconv_r
                0x0800a3c0       0x18 c:/ac6/systemworkbench/plugins/fr.ac6.mcu.externaltools.arm-none.win32_1.17.0.201812190825/tools/compiler/bin/../lib/gcc/arm-none-eabi/7.3.1/../../../../arm-none-eabi/lib/thumb/v6-m\libc.a(lib_a-localeconv.o)
                0x0800a3c0                _localeconv_r
 .text.__retarget_lock_init_recursive
                0x0800a3d8        0x4 c:/ac6/systemworkbench/plugins/fr.ac6.mcu.externaltools.arm-none.win32_1.17.0.201812190825/tools/compiler/bin/../lib/gcc/arm-none-eabi/7.3.1/../../../../arm-none-eabi/lib/thumb/v6-m\libc.a(lib_a-lock.o)
                0x0800a3d8                __retarget_lock_init_recursive
 .text.__retarget_lock_close_recursive
                0x0800a3dc        0x4 c:/ac6/systemworkbench/plugins/fr.ac6.mcu.externaltools.arm-none.win32_1.17.0.201812190825/tools/compiler/bin/../lib/gcc/arm-none-eabi/7.3.1/../../../../arm-none-eabi/lib/thumb/v6-m\libc.a(lib_a-lock.o)
                0x0800a3dc                __retarget_lock_close_recursive
 .text.__retarget_lock_acquire_recursive
                0x0800a3e0        0x4 c:/ac6/systemworkbench/plugins/fr.ac6.mcu.externaltools.arm-none.win32_1.17.0.201812190825/tools/compiler/bin/../lib/gcc/arm-none-eabi/7.3.1/../../../../arm-none-eabi/lib/thumb/v6-m\libc.a(lib_a-lock.o)
                0x0800a3e0                __retarget_lock_acquire_recursive
 .text.__retarget_lock_release_recursive
                0x0800a3e4        0x4 c:/ac6/systemworkbench/plugins/fr.ac6.mcu.externaltools.arm-none.win32_1.17.0.201812190825/tools/compiler/bin/../lib/gcc/arm-none-eabi/7.3.1/../../../../arm-none-eabi/lib/thumb/v6-m\libc.a(lib_a-lock.o)
                0x0800a3e4                __retarget_lock_release_recursive
 .text.__swhatbuf_r
                0x0800a3e8       0x60 c:/ac6/systemworkbench/plugins/fr.ac6.mcu.externaltools.arm-none.win32_1.17.0.201812190825/tools/compiler/bin/../lib/gcc/arm-none-eabi/7.3.1/../../../../arm-none-eabi/lib/thumb/v6-m\libc.a(lib_a-makebuf.o)
                0x0800a3e8                __swhatbuf_r
 .text.__smakebuf_r
                0x0800a448       0x90 c:/ac6/systemworkbench/plugins/fr.ac6.mcu.externaltools.arm-none.win32_1.17.0.201812190825/tools/compiler/bin/../lib/gcc/arm-none-eabi/7.3.1/../../../../arm-none-eabi/lib/thumb/v6-m\libc.a(lib_a-makebuf.o)
                0x0800a448                __smakebuf_r
 .text._malloc_r
                0x0800a4d8      0x554 c:/ac6/systemworkbench/plugins/fr.ac6.mcu.externaltools.arm-none.win32_1.17.0.201812190825/tools/compiler/bin/../lib/gcc/arm-none-eabi/7.3.1/../../../../arm-none-eabi/lib/thumb/v6-m\libc.a(lib_a-mallocr.o)
                0x0800a4d8                _malloc_r
 .text.memchr   0x0800aa2c       0x80 c:/ac6/systemworkbench/plugins/fr.ac6.mcu.externaltools.arm-none.win32_1.17.0.201812190825/tools/compiler/bin/../lib/gcc/arm-none-eabi/7.3.1/../../../../arm-none-eabi/lib/thumb/v6-m\libc.a(lib_a-memchr-stub.o)
                0x0800aa2c                memchr
 .text.memcpy   0x0800aaac       0x88 c:/ac6/systemworkbench/plugins/fr.ac6.mcu.externaltools.arm-none.win32_1.17.0.201812190825/tools/compiler/bin/../lib/gcc/arm-none-eabi/7.3.1/../../../../arm-none-eabi/lib/thumb/v6-m\libc.a(lib_a-memcpy-stub.o)
                0x0800aaac                memcpy
 .text.__malloc_lock
                0x0800ab34       0x10 c:/ac6/systemworkbench/plugins/fr.ac6.mcu.externaltools.arm-none.win32_1.17.0.201812190825/tools/compiler/bin/../lib/gcc/arm-none-eabi/7.3.1/../../../../arm-none-eabi/lib/thumb/v6-m\libc.a(lib_a-mlock.o)
                0x0800ab34                __malloc_lock
 .text.__malloc_unlock
                0x0800ab44       0x10 c:/ac6/systemworkbench/plugins/fr.ac6.mcu.externaltools.arm-none.win32_1.17.0.201812190825/tools/compiler/bin/../lib/gcc/arm-none-eabi/7.3.1/../../../../arm-none-eabi/lib/thumb/v6-m\libc.a(lib_a-mlock.o)
                0x0800ab44                __malloc_unlock
 .text._Balloc  0x0800ab54       0x50 c:/ac6/systemworkbench/plugins/fr.ac6.mcu.externaltools.arm-none.win32_1.17.0.201812190825/tools/compiler/bin/../lib/gcc/arm-none-eabi/7.3.1/../../../../arm-none-eabi/lib/thumb/v6-m\libc.a(lib_a-mprec.o)
                0x0800ab54                _Balloc
 .text._Bfree   0x0800aba4       0x14 c:/ac6/systemworkbench/plugins/fr.ac6.mcu.externaltools.arm-none.win32_1.17.0.201812190825/tools/compiler/bin/../lib/gcc/arm-none-eabi/7.3.1/../../../../arm-none-eabi/lib/thumb/v6-m\libc.a(lib_a-mprec.o)
                0x0800aba4                _Bfree
 .text.__multadd
                0x0800abb8       0x8c c:/ac6/systemworkbench/plugins/fr.ac6.mcu.externaltools.arm-none.win32_1.17.0.201812190825/tools/compiler/bin/../lib/gcc/arm-none-eabi/7.3.1/../../../../arm-none-eabi/lib/thumb/v6-m\libc.a(lib_a-mprec.o)
                0x0800abb8                __multadd
 .text.__hi0bits
                0x0800ac44       0x38 c:/ac6/systemworkbench/plugins/fr.ac6.mcu.externaltools.arm-none.win32_1.17.0.201812190825/tools/compiler/bin/../lib/gcc/arm-none-eabi/7.3.1/../../../../arm-none-eabi/lib/thumb/v6-m\libc.a(lib_a-mprec.o)
                0x0800ac44                __hi0bits
 .text.__lo0bits
                0x0800ac7c       0x5c c:/ac6/systemworkbench/plugins/fr.ac6.mcu.externaltools.arm-none.win32_1.17.0.201812190825/tools/compiler/bin/../lib/gcc/arm-none-eabi/7.3.1/../../../../arm-none-eabi/lib/thumb/v6-m\libc.a(lib_a-mprec.o)
                0x0800ac7c                __lo0bits
 .text.__i2b    0x0800acd8       0x14 c:/ac6/systemworkbench/plugins/fr.ac6.mcu.externaltools.arm-none.win32_1.17.0.201812190825/tools/compiler/bin/../lib/gcc/arm-none-eabi/7.3.1/../../../../arm-none-eabi/lib/thumb/v6-m\libc.a(lib_a-mprec.o)
                0x0800acd8                __i2b
 .text.__multiply
                0x0800acec      0x178 c:/ac6/systemworkbench/plugins/fr.ac6.mcu.externaltools.arm-none.win32_1.17.0.201812190825/tools/compiler/bin/../lib/gcc/arm-none-eabi/7.3.1/../../../../arm-none-eabi/lib/thumb/v6-m\libc.a(lib_a-mprec.o)
                0x0800acec                __multiply
 .text.__pow5mult
                0x0800ae64       0xc0 c:/ac6/systemworkbench/plugins/fr.ac6.mcu.externaltools.arm-none.win32_1.17.0.201812190825/tools/compiler/bin/../lib/gcc/arm-none-eabi/7.3.1/../../../../arm-none-eabi/lib/thumb/v6-m\libc.a(lib_a-mprec.o)
                0x0800ae64                __pow5mult
 .text.__lshift
                0x0800af24       0xc8 c:/ac6/systemworkbench/plugins/fr.ac6.mcu.externaltools.arm-none.win32_1.17.0.201812190825/tools/compiler/bin/../lib/gcc/arm-none-eabi/7.3.1/../../../../arm-none-eabi/lib/thumb/v6-m\libc.a(lib_a-mprec.o)
                0x0800af24                __lshift
 .text.__mcmp   0x0800afec       0x34 c:/ac6/systemworkbench/plugins/fr.ac6.mcu.externaltools.arm-none.win32_1.17.0.201812190825/tools/compiler/bin/../lib/gcc/arm-none-eabi/7.3.1/../../../../arm-none-eabi/lib/thumb/v6-m\libc.a(lib_a-mprec.o)
                0x0800afec                __mcmp
 .text.__mdiff  0x0800b020      0x124 c:/ac6/systemworkbench/plugins/fr.ac6.mcu.externaltools.arm-none.win32_1.17.0.201812190825/tools/compiler/bin/../lib/gcc/arm-none-eabi/7.3.1/../../../../arm-none-eabi/lib/thumb/v6-m\libc.a(lib_a-mprec.o)
                0x0800b020                __mdiff
 .text.__d2b    0x0800b144       0xbc c:/ac6/systemworkbench/plugins/fr.ac6.mcu.externaltools.arm-none.win32_1.17.0.201812190825/tools/compiler/bin/../lib/gcc/arm-none-eabi/7.3.1/../../../../arm-none-eabi/lib/thumb/v6-m\libc.a(lib_a-mprec.o)
                0x0800b144                __d2b
 .text.frexp    0x0800b200       0x64 c:/ac6/systemworkbench/plugins/fr.ac6.mcu.externaltools.arm-none.win32_1.17.0.201812190825/tools/compiler/bin/../lib/gcc/arm-none-eabi/7.3.1/../../../../arm-none-eabi/lib/thumb/v6-m\libc.a(lib_a-s_frexp.o)
                0x0800b200                frexp
 .text._sbrk_r  0x0800b264       0x24 c:/ac6/systemworkbench/plugins/fr.ac6.mcu.externaltools.arm-none.win32_1.17.0.201812190825/tools/compiler/bin/../lib/gcc/arm-none-eabi/7.3.1/../../../../arm-none-eabi/lib/thumb/v6-m\libc.a(lib_a-sbrkr.o)
                0x0800b264                _sbrk_r
 .text.__sread  0x0800b288       0x28 c:/ac6/systemworkbench/plugins/fr.ac6.mcu.externaltools.arm-none.win32_1.17.0.201812190825/tools/compiler/bin/../lib/gcc/arm-none-eabi/7.3.1/../../../../arm-none-eabi/lib/thumb/v6-m\libc.a(lib_a-stdio.o)
                0x0800b288                __sread
 .text.__swrite
                0x0800b2b0       0x3c c:/ac6/systemworkbench/plugins/fr.ac6.mcu.externaltools.arm-none.win32_1.17.0.201812190825/tools/compiler/bin/../lib/gcc/arm-none-eabi/7.3.1/../../../../arm-none-eabi/lib/thumb/v6-m\libc.a(lib_a-stdio.o)
                0x0800b2b0                __swrite
 .text.__sseek  0x0800b2ec       0x2c c:/ac6/systemworkbench/plugins/fr.ac6.mcu.externaltools.arm-none.win32_1.17.0.201812190825/tools/compiler/bin/../lib/gcc/arm-none-eabi/7.3.1/../../../../arm-none-eabi/lib/thumb/v6-m\libc.a(lib_a-stdio.o)
                0x0800b2ec                __sseek
 .text.__sclose
                0x0800b318        0xc c:/ac6/systemworkbench/plugins/fr.ac6.mcu.externaltools.arm-none.win32_1.17.0.201812190825/tools/compiler/bin/../lib/gcc/arm-none-eabi/7.3.1/../../../../arm-none-eabi/lib/thumb/v6-m\libc.a(lib_a-stdio.o)
                0x0800b318                __sclose
 .text.strlen   0x0800b324       0x64 c:/ac6/systemworkbench/plugins/fr.ac6.mcu.externaltools.arm-none.win32_1.17.0.201812190825/tools/compiler/bin/../lib/gcc/arm-none-eabi/7.3.1/../../../../arm-none-eabi/lib/thumb/v6-m\libc.a(lib_a-strlen-stub.o)
                0x0800b324                strlen
 .text.strncpy  0x0800b388       0x8c c:/ac6/systemworkbench/plugins/fr.ac6.mcu.externaltools.arm-none.win32_1.17.0.201812190825/tools/compiler/bin/../lib/gcc/arm-none-eabi/7.3.1/../../../../arm-none-eabi/lib/thumb/v6-m\libc.a(lib_a-strncpy.o)
                0x0800b388                strncpy
 .text.__ssprint_r
                0x0800b414      0x118 c:/ac6/systemworkbench/plugins/fr.ac6.mcu.externaltools.arm-none.win32_1.17.0.201812190825/tools/compiler/bin/../lib/gcc/arm-none-eabi/7.3.1/../../../../arm-none-eabi/lib/thumb/v6-m\libc.a(lib_a-svfiprintf.o)
                0x0800b414                __ssprint_r
 .text.__sprint_r.part.0
                0x0800b52c       0x80 c:/ac6/systemworkbench/plugins/fr.ac6.mcu.externaltools.arm-none.win32_1.17.0.201812190825/tools/compiler/bin/../lib/gcc/arm-none-eabi/7.3.1/../../../../arm-none-eabi/lib/thumb/v6-m\libc.a(lib_a-vfiprintf.o)
 .text.__sprint_r
                0x0800b5ac       0x14 c:/ac6/systemworkbench/plugins/fr.ac6.mcu.externaltools.arm-none.win32_1.17.0.201812190825/tools/compiler/bin/../lib/gcc/arm-none-eabi/7.3.1/../../../../arm-none-eabi/lib/thumb/v6-m\libc.a(lib_a-vfiprintf.o)
                0x0800b5ac                __sprint_r
 .text._write_r
                0x0800b5c0       0x28 c:/ac6/systemworkbench/plugins/fr.ac6.mcu.externaltools.arm-none.win32_1.17.0.201812190825/tools/compiler/bin/../lib/gcc/arm-none-eabi/7.3.1/../../../../arm-none-eabi/lib/thumb/v6-m\libc.a(lib_a-writer.o)
                0x0800b5c0                _write_r
 .text.__register_exitproc
                0x0800b5e8       0xf4 c:/ac6/systemworkbench/plugins/fr.ac6.mcu.externaltools.arm-none.win32_1.17.0.201812190825/tools/compiler/bin/../lib/gcc/arm-none-eabi/7.3.1/../../../../arm-none-eabi/lib/thumb/v6-m\libc.a(lib_a-__atexit.o)
                0x0800b5e8                __register_exitproc
 .text._calloc_r
                0x0800b6dc       0x58 c:/ac6/systemworkbench/plugins/fr.ac6.mcu.externaltools.arm-none.win32_1.17.0.201812190825/tools/compiler/bin/../lib/gcc/arm-none-eabi/7.3.1/../../../../arm-none-eabi/lib/thumb/v6-m\libc.a(lib_a-callocr.o)
                0x0800b6dc                _calloc_r
 .text._close_r
                0x0800b734       0x24 c:/ac6/systemworkbench/plugins/fr.ac6.mcu.externaltools.arm-none.win32_1.17.0.201812190825/tools/compiler/bin/../lib/gcc/arm-none-eabi/7.3.1/../../../../arm-none-eabi/lib/thumb/v6-m\libc.a(lib_a-closer.o)
                0x0800b734                _close_r
 .text._fclose_r
                0x0800b758       0xd8 c:/ac6/systemworkbench/plugins/fr.ac6.mcu.externaltools.arm-none.win32_1.17.0.201812190825/tools/compiler/bin/../lib/gcc/arm-none-eabi/7.3.1/../../../../arm-none-eabi/lib/thumb/v6-m\libc.a(lib_a-fclose.o)
                0x0800b758                _fclose_r
 .text.__fputwc
                0x0800b830       0x94 c:/ac6/systemworkbench/plugins/fr.ac6.mcu.externaltools.arm-none.win32_1.17.0.201812190825/tools/compiler/bin/../lib/gcc/arm-none-eabi/7.3.1/../../../../arm-none-eabi/lib/thumb/v6-m\libc.a(lib_a-fputwc.o)
                0x0800b830                __fputwc
 .text._fputwc_r
                0x0800b8c4       0x5c c:/ac6/systemworkbench/plugins/fr.ac6.mcu.externaltools.arm-none.win32_1.17.0.201812190825/tools/compiler/bin/../lib/gcc/arm-none-eabi/7.3.1/../../../../arm-none-eabi/lib/thumb/v6-m\libc.a(lib_a-fputwc.o)
                0x0800b8c4                _fputwc_r
 .text._fstat_r
                0x0800b920       0x28 c:/ac6/systemworkbench/plugins/fr.ac6.mcu.externaltools.arm-none.win32_1.17.0.201812190825/tools/compiler/bin/../lib/gcc/arm-none-eabi/7.3.1/../../../../arm-none-eabi/lib/thumb/v6-m\libc.a(lib_a-fstatr.o)
                0x0800b920                _fstat_r
 .text.__sfvwrite_r
                0x0800b948      0x2fc c:/ac6/systemworkbench/plugins/fr.ac6.mcu.externaltools.arm-none.win32_1.17.0.201812190825/tools/compiler/bin/../lib/gcc/arm-none-eabi/7.3.1/../../../../arm-none-eabi/lib/thumb/v6-m\libc.a(lib_a-fvwrite.o)
                0x0800b948                __sfvwrite_r
 .text._isatty_r
                0x0800bc44       0x24 c:/ac6/systemworkbench/plugins/fr.ac6.mcu.externaltools.arm-none.win32_1.17.0.201812190825/tools/compiler/bin/../lib/gcc/arm-none-eabi/7.3.1/../../../../arm-none-eabi/lib/thumb/v6-m\libc.a(lib_a-isattyr.o)
                0x0800bc44                _isatty_r
 .text.__locale_mb_cur_max
                0x0800bc68       0x1c c:/ac6/systemworkbench/plugins/fr.ac6.mcu.externaltools.arm-none.win32_1.17.0.201812190825/tools/compiler/bin/../lib/gcc/arm-none-eabi/7.3.1/../../../../arm-none-eabi/lib/thumb/v6-m\libc.a(lib_a-locale.o)
                0x0800bc68                __locale_mb_cur_max
 .text._lseek_r
                0x0800bc84       0x28 c:/ac6/systemworkbench/plugins/fr.ac6.mcu.externaltools.arm-none.win32_1.17.0.201812190825/tools/compiler/bin/../lib/gcc/arm-none-eabi/7.3.1/../../../../arm-none-eabi/lib/thumb/v6-m\libc.a(lib_a-lseekr.o)
                0x0800bc84                _lseek_r
 .text.__ascii_mbtowc
                0x0800bcac       0x2c c:/ac6/systemworkbench/plugins/fr.ac6.mcu.externaltools.arm-none.win32_1.17.0.201812190825/tools/compiler/bin/../lib/gcc/arm-none-eabi/7.3.1/../../../../arm-none-eabi/lib/thumb/v6-m\libc.a(lib_a-mbtowc_r.o)
                0x0800bcac                __ascii_mbtowc
 .text.memmove  0x0800bcd8       0x9c c:/ac6/systemworkbench/plugins/fr.ac6.mcu.externaltools.arm-none.win32_1.17.0.201812190825/tools/compiler/bin/../lib/gcc/arm-none-eabi/7.3.1/../../../../arm-none-eabi/lib/thumb/v6-m\libc.a(lib_a-memmove.o)
                0x0800bcd8                memmove
 .text._read_r  0x0800bd74       0x28 c:/ac6/systemworkbench/plugins/fr.ac6.mcu.externaltools.arm-none.win32_1.17.0.201812190825/tools/compiler/bin/../lib/gcc/arm-none-eabi/7.3.1/../../../../arm-none-eabi/lib/thumb/v6-m\libc.a(lib_a-readr.o)
                0x0800bd74                _read_r
 .text._realloc_r
                0x0800bd9c      0x3b0 c:/ac6/systemworkbench/plugins/fr.ac6.mcu.externaltools.arm-none.win32_1.17.0.201812190825/tools/compiler/bin/../lib/gcc/arm-none-eabi/7.3.1/../../../../arm-none-eabi/lib/thumb/v6-m\libc.a(lib_a-reallocr.o)
                0x0800bd9c                _realloc_r
 .text.__swbuf_r
                0x0800c14c       0xc8 c:/ac6/systemworkbench/plugins/fr.ac6.mcu.externaltools.arm-none.win32_1.17.0.201812190825/tools/compiler/bin/../lib/gcc/arm-none-eabi/7.3.1/../../../../arm-none-eabi/lib/thumb/v6-m\libc.a(lib_a-wbuf.o)
                0x0800c14c                __swbuf_r
 .text._wcrtomb_r
                0x0800c214       0x58 c:/ac6/systemworkbench/plugins/fr.ac6.mcu.externaltools.arm-none.win32_1.17.0.201812190825/tools/compiler/bin/../lib/gcc/arm-none-eabi/7.3.1/../../../../arm-none-eabi/lib/thumb/v6-m\libc.a(lib_a-wcrtomb.o)
                0x0800c214                _wcrtomb_r
 .text.__ascii_wctomb
                0x0800c26c       0x1c c:/ac6/systemworkbench/plugins/fr.ac6.mcu.externaltools.arm-none.win32_1.17.0.201812190825/tools/compiler/bin/../lib/gcc/arm-none-eabi/7.3.1/../../../../arm-none-eabi/lib/thumb/v6-m\libc.a(lib_a-wctomb_r.o)
                0x0800c26c                __ascii_wctomb
 *(.glue_7)
 .glue_7        0x0800c288        0x0 linker stubs
 *(.glue_7t)
 .glue_7t       0x0800c288        0x0 linker stubs
 *(.eh_frame)
 .eh_frame      0x0800c288        0x0 c:/ac6/systemworkbench/plugins/fr.ac6.mcu.externaltools.arm-none.win32_1.17.0.201812190825/tools/compiler/bin/../lib/gcc/arm-none-eabi/7.3.1/thumb/v6-m/crtbegin.o
 *(.init)
 .init          0x0800c288        0x4 c:/ac6/systemworkbench/plugins/fr.ac6.mcu.externaltools.arm-none.win32_1.17.0.201812190825/tools/compiler/bin/../lib/gcc/arm-none-eabi/7.3.1/thumb/v6-m/crti.o
                0x0800c288                _init
 .init          0x0800c28c        0x8 c:/ac6/systemworkbench/plugins/fr.ac6.mcu.externaltools.arm-none.win32_1.17.0.201812190825/tools/compiler/bin/../lib/gcc/arm-none-eabi/7.3.1/thumb/v6-m/crtn.o
 *(.fini)
 .fini          0x0800c294        0x4 c:/ac6/systemworkbench/plugins/fr.ac6.mcu.externaltools.arm-none.win32_1.17.0.201812190825/tools/compiler/bin/../lib/gcc/arm-none-eabi/7.3.1/thumb/v6-m/crti.o
                0x0800c294                _fini
 .fini          0x0800c298        0x8 c:/ac6/systemworkbench/plugins/fr.ac6.mcu.externaltools.arm-none.win32_1.17.0.201812190825/tools/compiler/bin/../lib/gcc/arm-none-eabi/7.3.1/thumb/v6-m/crtn.o
                0x0800c2a0                . = ALIGN (0x4)
                0x0800c2a0                _etext = .

.vfp11_veneer   0x0800c2a0        0x0
 .vfp11_veneer  0x0800c2a0        0x0 linker stubs

.v4_bx          0x0800c2a0        0x0
 .v4_bx         0x0800c2a0        0x0 linker stubs

.iplt           0x0800c2a0        0x0
 .iplt          0x0800c2a0        0x0 c:/ac6/systemworkbench/plugins/fr.ac6.mcu.externaltools.arm-none.win32_1.17.0.201812190825/tools/compiler/bin/../lib/gcc/arm-none-eabi/7.3.1/thumb/v6-m/crtbegin.o

.rodata         0x0800c2a0      0x680
                0x0800c2a0                . = ALIGN (0x4)
 *(.rodata)
 .rodata        0x0800c2a0       0x48 HAL_Driver/Src/stm32l0xx_hal_uart.o
 .rodata        0x0800c2e8        0xe src/main.o
 *fill*         0x0800c2f6        0x2 
 .rodata        0x0800c2f8       0x21 src/system_stm32l0xx.o
                0x0800c2f8                AHBPrescTable
                0x0800c308                APBPrescTable
                0x0800c310                PLLMulTable
 *fill*         0x0800c319        0x3 
 .rodata        0x0800c31c       0x40 c:/ac6/systemworkbench/plugins/fr.ac6.mcu.externaltools.arm-none.win32_1.17.0.201812190825/tools/compiler/bin/../lib/gcc/arm-none-eabi/7.3.1/thumb/v6-m\libgcc.a(divdf3.o)
 .rodata        0x0800c35c       0x40 c:/ac6/systemworkbench/plugins/fr.ac6.mcu.externaltools.arm-none.win32_1.17.0.201812190825/tools/compiler/bin/../lib/gcc/arm-none-eabi/7.3.1/thumb/v6-m\libgcc.a(muldf3.o)
 *(.rodata*)
 .rodata._global_impure_ptr
                0x0800c39c        0x4 c:/ac6/systemworkbench/plugins/fr.ac6.mcu.externaltools.arm-none.win32_1.17.0.201812190825/tools/compiler/bin/../lib/gcc/arm-none-eabi/7.3.1/../../../../arm-none-eabi/lib/thumb/v6-m\libc.a(lib_a-impure.o)
                0x0800c39c                _global_impure_ptr
 .rodata._svfprintf_r
                0x0800c3a0      0x16c c:/ac6/systemworkbench/plugins/fr.ac6.mcu.externaltools.arm-none.win32_1.17.0.201812190825/tools/compiler/bin/../lib/gcc/arm-none-eabi/7.3.1/../../../../arm-none-eabi/lib/thumb/v6-m\libc.a(lib_a-svfprintf.o)
 .rodata._svfprintf_r.str1.4
                0x0800c50c       0x42 c:/ac6/systemworkbench/plugins/fr.ac6.mcu.externaltools.arm-none.win32_1.17.0.201812190825/tools/compiler/bin/../lib/gcc/arm-none-eabi/7.3.1/../../../../arm-none-eabi/lib/thumb/v6-m\libc.a(lib_a-svfprintf.o)
 *fill*         0x0800c54e        0x2 
 .rodata.blanks.7315
                0x0800c550       0x10 c:/ac6/systemworkbench/plugins/fr.ac6.mcu.externaltools.arm-none.win32_1.17.0.201812190825/tools/compiler/bin/../lib/gcc/arm-none-eabi/7.3.1/../../../../arm-none-eabi/lib/thumb/v6-m\libc.a(lib_a-svfprintf.o)
 .rodata.zeroes.7316
                0x0800c560       0x10 c:/ac6/systemworkbench/plugins/fr.ac6.mcu.externaltools.arm-none.win32_1.17.0.201812190825/tools/compiler/bin/../lib/gcc/arm-none-eabi/7.3.1/../../../../arm-none-eabi/lib/thumb/v6-m\libc.a(lib_a-svfprintf.o)
 .rodata._vfprintf_r
                0x0800c570      0x16c c:/ac6/systemworkbench/plugins/fr.ac6.mcu.externaltools.arm-none.win32_1.17.0.201812190825/tools/compiler/bin/../lib/gcc/arm-none-eabi/7.3.1/../../../../arm-none-eabi/lib/thumb/v6-m\libc.a(lib_a-vfprintf.o)
 .rodata._vfprintf_r.str1.4
                0x0800c6dc       0x42 c:/ac6/systemworkbench/plugins/fr.ac6.mcu.externaltools.arm-none.win32_1.17.0.201812190825/tools/compiler/bin/../lib/gcc/arm-none-eabi/7.3.1/../../../../arm-none-eabi/lib/thumb/v6-m\libc.a(lib_a-vfprintf.o)
 .rodata.blanks.7330
                0x0800c6dc       0x10 c:/ac6/systemworkbench/plugins/fr.ac6.mcu.externaltools.arm-none.win32_1.17.0.201812190825/tools/compiler/bin/../lib/gcc/arm-none-eabi/7.3.1/../../../../arm-none-eabi/lib/thumb/v6-m\libc.a(lib_a-vfprintf.o)
 .rodata.zeroes.7331
                0x0800c6ec       0x10 c:/ac6/systemworkbench/plugins/fr.ac6.mcu.externaltools.arm-none.win32_1.17.0.201812190825/tools/compiler/bin/../lib/gcc/arm-none-eabi/7.3.1/../../../../arm-none-eabi/lib/thumb/v6-m\libc.a(lib_a-vfprintf.o)
 .rodata._dtoa_r.str1.4
                0x0800c6fc       0x10 c:/ac6/systemworkbench/plugins/fr.ac6.mcu.externaltools.arm-none.win32_1.17.0.201812190825/tools/compiler/bin/../lib/gcc/arm-none-eabi/7.3.1/../../../../arm-none-eabi/lib/thumb/v6-m\libc.a(lib_a-dtoa.o)
                                 0x12 (size before relaxing)
 *fill*         0x0800c70c        0x4 
 .rodata.__mprec_bigtens
                0x0800c710       0x28 c:/ac6/systemworkbench/plugins/fr.ac6.mcu.externaltools.arm-none.win32_1.17.0.201812190825/tools/compiler/bin/../lib/gcc/arm-none-eabi/7.3.1/../../../../arm-none-eabi/lib/thumb/v6-m\libc.a(lib_a-mprec.o)
                0x0800c710                __mprec_bigtens
 .rodata.__mprec_tens
                0x0800c738       0xc8 c:/ac6/systemworkbench/plugins/fr.ac6.mcu.externaltools.arm-none.win32_1.17.0.201812190825/tools/compiler/bin/../lib/gcc/arm-none-eabi/7.3.1/../../../../arm-none-eabi/lib/thumb/v6-m\libc.a(lib_a-mprec.o)
                0x0800c738                __mprec_tens
 .rodata.p05.6092
                0x0800c800        0xc c:/ac6/systemworkbench/plugins/fr.ac6.mcu.externaltools.arm-none.win32_1.17.0.201812190825/tools/compiler/bin/../lib/gcc/arm-none-eabi/7.3.1/../../../../arm-none-eabi/lib/thumb/v6-m\libc.a(lib_a-mprec.o)
 .rodata._setlocale_r.str1.4
                0x0800c80c        0xa c:/ac6/systemworkbench/plugins/fr.ac6.mcu.externaltools.arm-none.win32_1.17.0.201812190825/tools/compiler/bin/../lib/gcc/arm-none-eabi/7.3.1/../../../../arm-none-eabi/lib/thumb/v6-m\libc.a(lib_a-locale.o)
                                  0xd (size before relaxing)
 *fill*         0x0800c816        0x2 
 .rodata.str1.4
                0x0800c818        0x4 c:/ac6/systemworkbench/plugins/fr.ac6.mcu.externaltools.arm-none.win32_1.17.0.201812190825/tools/compiler/bin/../lib/gcc/arm-none-eabi/7.3.1/../../../../arm-none-eabi/lib/thumb/v6-m\libc.a(lib_a-locale.o)
                                  0x2 (size before relaxing)
 .rodata._ctype_
                0x0800c81c      0x101 c:/ac6/systemworkbench/plugins/fr.ac6.mcu.externaltools.arm-none.win32_1.17.0.201812190825/tools/compiler/bin/../lib/gcc/arm-none-eabi/7.3.1/../../../../arm-none-eabi/lib/thumb/v6-m\libc.a(lib_a-ctype_.o)
                0x0800c81c                _ctype_
                0x0800c920                . = ALIGN (0x4)
 *fill*         0x0800c91d        0x3 

.ARM.extab
 *(.ARM.extab* .gnu.linkonce.armextab.*)

.ARM            0x0800c920        0x8
                0x0800c920                __exidx_start = .
 *(.ARM.exidx*)
 .ARM.exidx     0x0800c920        0x8 c:/ac6/systemworkbench/plugins/fr.ac6.mcu.externaltools.arm-none.win32_1.17.0.201812190825/tools/compiler/bin/../lib/gcc/arm-none-eabi/7.3.1/thumb/v6-m\libgcc.a(_udivmoddi4.o)
                0x0800c928                __exidx_end = .

.rel.dyn        0x0800c928        0x0
 .rel.iplt      0x0800c928        0x0 c:/ac6/systemworkbench/plugins/fr.ac6.mcu.externaltools.arm-none.win32_1.17.0.201812190825/tools/compiler/bin/../lib/gcc/arm-none-eabi/7.3.1/thumb/v6-m/crtbegin.o

.preinit_array  0x0800c928        0x0
                0x0800c928                PROVIDE (__preinit_array_start = .)
 *(.preinit_array*)
                0x0800c928                PROVIDE (__preinit_array_end = .)

.init_array     0x0800c928        0x8
                0x0800c928                PROVIDE (__init_array_start = .)
 *(SORT_BY_NAME(.init_array.*))
 .init_array.00000
                0x0800c928        0x4 c:/ac6/systemworkbench/plugins/fr.ac6.mcu.externaltools.arm-none.win32_1.17.0.201812190825/tools/compiler/bin/../lib/gcc/arm-none-eabi/7.3.1/../../../../arm-none-eabi/lib/thumb/v6-m\libc.a(lib_a-__call_atexit.o)
 *(.init_array*)
 .init_array    0x0800c92c        0x4 c:/ac6/systemworkbench/plugins/fr.ac6.mcu.externaltools.arm-none.win32_1.17.0.201812190825/tools/compiler/bin/../lib/gcc/arm-none-eabi/7.3.1/thumb/v6-m/crtbegin.o
                0x0800c930                PROVIDE (__init_array_end = .)

.fini_array     0x0800c930        0x4
                0x0800c930                PROVIDE (__fini_array_start = .)
 *(SORT_BY_NAME(.fini_array.*))
 *(.fini_array*)
 .fini_array    0x0800c930        0x4 c:/ac6/systemworkbench/plugins/fr.ac6.mcu.externaltools.arm-none.win32_1.17.0.201812190825/tools/compiler/bin/../lib/gcc/arm-none-eabi/7.3.1/thumb/v6-m/crtbegin.o
                0x0800c934                PROVIDE (__fini_array_end = .)
                0x0800c934                _sidata = LOADADDR (.data)

.data           0x20000000      0x9c0 load address 0x0800c934
                0x20000000                . = ALIGN (0x4)
                0x20000000                _sdata = .
 *(.data)
 .data          0x20000000        0xc Utilities/stm32l0xx_nucleo.o
                0x20000000                LED_PORT
                0x20000004                BUTTON_PORT
                0x20000008                SpixTimeout
 .data          0x2000000c        0x4 src/system_stm32l0xx.o
                0x2000000c                SystemCoreClock
 *(.data*)
 .data._impure_ptr
                0x20000010        0x4 c:/ac6/systemworkbench/plugins/fr.ac6.mcu.externaltools.arm-none.win32_1.17.0.201812190825/tools/compiler/bin/../lib/gcc/arm-none-eabi/7.3.1/../../../../arm-none-eabi/lib/thumb/v6-m\libc.a(lib_a-impure.o)
                0x20000010                _impure_ptr
 *fill*         0x20000014        0x4 
 .data.impure_data
                0x20000018      0x428 c:/ac6/systemworkbench/plugins/fr.ac6.mcu.externaltools.arm-none.win32_1.17.0.201812190825/tools/compiler/bin/../lib/gcc/arm-none-eabi/7.3.1/../../../../arm-none-eabi/lib/thumb/v6-m\libc.a(lib_a-impure.o)
 .data.__atexit_recursive_mutex
                0x20000440        0x4 c:/ac6/systemworkbench/plugins/fr.ac6.mcu.externaltools.arm-none.win32_1.17.0.201812190825/tools/compiler/bin/../lib/gcc/arm-none-eabi/7.3.1/../../../../arm-none-eabi/lib/thumb/v6-m\libc.a(lib_a-__call_atexit.o)
                0x20000440                __atexit_recursive_mutex
 .data.__malloc_av_
                0x20000444      0x408 c:/ac6/systemworkbench/plugins/fr.ac6.mcu.externaltools.arm-none.win32_1.17.0.201812190825/tools/compiler/bin/../lib/gcc/arm-none-eabi/7.3.1/../../../../arm-none-eabi/lib/thumb/v6-m\libc.a(lib_a-mallocr.o)
                0x20000444                __malloc_av_
 .data.__malloc_sbrk_base
                0x2000084c        0x4 c:/ac6/systemworkbench/plugins/fr.ac6.mcu.externaltools.arm-none.win32_1.17.0.201812190825/tools/compiler/bin/../lib/gcc/arm-none-eabi/7.3.1/../../../../arm-none-eabi/lib/thumb/v6-m\libc.a(lib_a-mallocr.o)
                0x2000084c                __malloc_sbrk_base
 .data.__malloc_trim_threshold
                0x20000850        0x4 c:/ac6/systemworkbench/plugins/fr.ac6.mcu.externaltools.arm-none.win32_1.17.0.201812190825/tools/compiler/bin/../lib/gcc/arm-none-eabi/7.3.1/../../../../arm-none-eabi/lib/thumb/v6-m\libc.a(lib_a-mallocr.o)
                0x20000850                __malloc_trim_threshold
 .data.__global_locale
                0x20000854      0x16c c:/ac6/systemworkbench/plugins/fr.ac6.mcu.externaltools.arm-none.win32_1.17.0.201812190825/tools/compiler/bin/../lib/gcc/arm-none-eabi/7.3.1/../../../../arm-none-eabi/lib/thumb/v6-m\libc.a(lib_a-locale.o)
                0x20000854                __global_locale
                0x200009c0                . = ALIGN (0x4)
                0x200009c0                _edata = .

.igot.plt       0x200009c0        0x0 load address 0x0800d2f4
 .igot.plt      0x200009c0        0x0 c:/ac6/systemworkbench/plugins/fr.ac6.mcu.externaltools.arm-none.win32_1.17.0.201812190825/tools/compiler/bin/../lib/gcc/arm-none-eabi/7.3.1/thumb/v6-m/crtbegin.o
                0x200009c0                . = ALIGN (0x4)

.bss            0x200009c0      0x20c load address 0x0800d2f4
                0x200009c0                _sbss = .
                0x200009c0                __bss_start__ = _sbss
 *(.bss)
 .bss           0x200009c0       0x1c c:/ac6/systemworkbench/plugins/fr.ac6.mcu.externaltools.arm-none.win32_1.17.0.201812190825/tools/compiler/bin/../lib/gcc/arm-none-eabi/7.3.1/thumb/v6-m/crtbegin.o
 .bss           0x200009dc       0x2e src/main.o
                0x20000a04                uhPrescalerValue
 *fill*         0x20000a0a        0x2 
 .bss           0x20000a0c        0x8 src/syscalls.o
                0x20000a0c                __env
 *(.bss*)
 .bss.__malloc_current_mallinfo
                0x20000a14       0x28 c:/ac6/systemworkbench/plugins/fr.ac6.mcu.externaltools.arm-none.win32_1.17.0.201812190825/tools/compiler/bin/../lib/gcc/arm-none-eabi/7.3.1/../../../../arm-none-eabi/lib/thumb/v6-m\libc.a(lib_a-mallocr.o)
                0x20000a14                __malloc_current_mallinfo
 .bss.__malloc_max_sbrked_mem
                0x20000a3c        0x4 c:/ac6/systemworkbench/plugins/fr.ac6.mcu.externaltools.arm-none.win32_1.17.0.201812190825/tools/compiler/bin/../lib/gcc/arm-none-eabi/7.3.1/../../../../arm-none-eabi/lib/thumb/v6-m\libc.a(lib_a-mallocr.o)
                0x20000a3c                __malloc_max_sbrked_mem
 .bss.__malloc_max_total_mem
                0x20000a40        0x4 c:/ac6/systemworkbench/plugins/fr.ac6.mcu.externaltools.arm-none.win32_1.17.0.201812190825/tools/compiler/bin/../lib/gcc/arm-none-eabi/7.3.1/../../../../arm-none-eabi/lib/thumb/v6-m\libc.a(lib_a-mallocr.o)
                0x20000a40                __malloc_max_total_mem
 .bss.__malloc_top_pad
                0x20000a44        0x4 c:/ac6/systemworkbench/plugins/fr.ac6.mcu.externaltools.arm-none.win32_1.17.0.201812190825/tools/compiler/bin/../lib/gcc/arm-none-eabi/7.3.1/../../../../arm-none-eabi/lib/thumb/v6-m\libc.a(lib_a-mallocr.o)
                0x20000a44                __malloc_top_pad
 *(COMMON)
 COMMON         0x20000a48        0x4 HAL_Driver/Src/stm32l0xx_hal.o
                0x20000a48                uwTick
 COMMON         0x20000a4c      0x158 src/main.o
                0x20000a4c                UartHandle
                0x20000acc                GPIO_Struct
                0x20000ae0                GPIO_InitStruct
                0x20000af4                AdcHandle
                0x20000b50                sConfig
                0x20000b58                TimHandle
                0x20000b94                Config
 COMMON         0x20000ba4       0x21 c:/ac6/systemworkbench/plugins/fr.ac6.mcu.externaltools.arm-none.win32_1.17.0.201812190825/tools/compiler/bin/../lib/gcc/arm-none-eabi/7.3.1/../../../../arm-none-eabi/lib/thumb/v6-m\libc.a(lib_a-lock.o)
                0x20000ba4                __lock___atexit_recursive_mutex
                0x20000ba8                __lock___arc4random_mutex
                0x20000bac                __lock___env_recursive_mutex
                0x20000bb0                __lock___sinit_recursive_mutex
                0x20000bb4                __lock___malloc_recursive_mutex
                0x20000bb8                __lock___at_quick_exit_mutex
                0x20000bbc                __lock___dd_hash_mutex
                0x20000bc0                __lock___tz_mutex
                0x20000bc4                __lock___sfp_recursive_mutex
 *fill*         0x20000bc5        0x3 
 COMMON         0x20000bc8        0x4 c:/ac6/systemworkbench/plugins/fr.ac6.mcu.externaltools.arm-none.win32_1.17.0.201812190825/tools/compiler/bin/../lib/gcc/arm-none-eabi/7.3.1/../../../../arm-none-eabi/lib/thumb/v6-m\libc.a(lib_a-reent.o)
                0x20000bc8                errno
                0x20000bcc                . = ALIGN (0x4)
                0x20000bcc                _ebss = .
                0x20000bcc                __bss_end__ = _ebss

._user_heap_stack
                0x20000bcc      0x604 load address 0x0800d2f4
                0x20000bd0                . = ALIGN (0x8)
 *fill*         0x20000bcc        0x4 
                0x20000bd0                PROVIDE (end = .)
                [!provide]                PROVIDE (_end = .)
                0x20000dd0                . = (. + _Min_Heap_Size)
 *fill*         0x20000bd0      0x200 
                0x200011d0                . = (. + _Min_Stack_Size)
 *fill*         0x20000dd0      0x400 
                0x200011d0                . = ALIGN (0x8)

/DISCARD/
 libc.a(*)
 libm.a(*)
 libgcc.a(*)

.ARM.attributes
                0x00000000       0x28
 *(.ARM.attributes)
 .ARM.attributes
                0x00000000       0x1e c:/ac6/systemworkbench/plugins/fr.ac6.mcu.externaltools.arm-none.win32_1.17.0.201812190825/tools/compiler/bin/../lib/gcc/arm-none-eabi/7.3.1/thumb/v6-m/crti.o
 .ARM.attributes
                0x0000001e       0x2c c:/ac6/systemworkbench/plugins/fr.ac6.mcu.externaltools.arm-none.win32_1.17.0.201812190825/tools/compiler/bin/../lib/gcc/arm-none-eabi/7.3.1/thumb/v6-m/crtbegin.o
 .ARM.attributes
                0x0000004a       0x32 HAL_Driver/Src/stm32l0xx_hal.o
 .ARM.attributes
                0x0000007c       0x32 HAL_Driver/Src/stm32l0xx_hal_adc.o
 .ARM.attributes
                0x000000ae       0x32 HAL_Driver/Src/stm32l0xx_hal_adc_ex.o
 .ARM.attributes
                0x000000e0       0x32 HAL_Driver/Src/stm32l0xx_hal_cortex.o
 .ARM.attributes
                0x00000112       0x32 HAL_Driver/Src/stm32l0xx_hal_gpio.o
 .ARM.attributes
                0x00000144       0x32 HAL_Driver/Src/stm32l0xx_hal_msp_template.o
 .ARM.attributes
                0x00000176       0x32 HAL_Driver/Src/stm32l0xx_hal_rcc.o
 .ARM.attributes
                0x000001a8       0x32 HAL_Driver/Src/stm32l0xx_hal_tim.o
 .ARM.attributes
                0x000001da       0x32 HAL_Driver/Src/stm32l0xx_hal_uart.o
 .ARM.attributes
                0x0000020c       0x32 Utilities/stm32l0xx_nucleo.o
 .ARM.attributes
                0x0000023e       0x32 src/main.o
 .ARM.attributes
                0x00000270       0x32 src/stm32l0xx_it.o
 .ARM.attributes
                0x000002a2       0x32 src/syscalls.o
 .ARM.attributes
                0x000002d4       0x32 src/system_stm32l0xx.o
 .ARM.attributes
                0x00000306       0x22 startup/startup_stm32l010xb.o
 .ARM.attributes
                0x00000328       0x1e c:/ac6/systemworkbench/plugins/fr.ac6.mcu.externaltools.arm-none.win32_1.17.0.201812190825/tools/compiler/bin/../lib/gcc/arm-none-eabi/7.3.1/thumb/v6-m\libgcc.a(_udivsi3.o)
 .ARM.attributes
                0x00000346       0x1e c:/ac6/systemworkbench/plugins/fr.ac6.mcu.externaltools.arm-none.win32_1.17.0.201812190825/tools/compiler/bin/../lib/gcc/arm-none-eabi/7.3.1/thumb/v6-m\libgcc.a(_dvmd_tls.o)
 .ARM.attributes
                0x00000364       0x1e c:/ac6/systemworkbench/plugins/fr.ac6.mcu.externaltools.arm-none.win32_1.17.0.201812190825/tools/compiler/bin/../lib/gcc/arm-none-eabi/7.3.1/thumb/v6-m\libgcc.a(_aeabi_uldivmod.o)
 .ARM.attributes
                0x00000382       0x2c c:/ac6/systemworkbench/plugins/fr.ac6.mcu.externaltools.arm-none.win32_1.17.0.201812190825/tools/compiler/bin/../lib/gcc/arm-none-eabi/7.3.1/thumb/v6-m\libgcc.a(_udivmoddi4.o)
 .ARM.attributes
                0x000003ae       0x1e c:/ac6/systemworkbench/plugins/fr.ac6.mcu.externaltools.arm-none.win32_1.17.0.201812190825/tools/compiler/bin/../lib/gcc/arm-none-eabi/7.3.1/thumb/v6-m\libgcc.a(_clzdi2.o)
 .ARM.attributes
                0x000003cc       0x1e c:/ac6/systemworkbench/plugins/fr.ac6.mcu.externaltools.arm-none.win32_1.17.0.201812190825/tools/compiler/bin/../lib/gcc/arm-none-eabi/7.3.1/thumb/v6-m\libgcc.a(_clzsi2.o)
 .ARM.attributes
                0x000003ea       0x2c c:/ac6/systemworkbench/plugins/fr.ac6.mcu.externaltools.arm-none.win32_1.17.0.201812190825/tools/compiler/bin/../lib/gcc/arm-none-eabi/7.3.1/../../../../arm-none-eabi/lib/thumb/v6-m\libc.a(lib_a-errno.o)
 .ARM.attributes
                0x00000416       0x2c c:/ac6/systemworkbench/plugins/fr.ac6.mcu.externaltools.arm-none.win32_1.17.0.201812190825/tools/compiler/bin/../lib/gcc/arm-none-eabi/7.3.1/../../../../arm-none-eabi/lib/thumb/v6-m\libc.a(lib_a-impure.o)
 .ARM.attributes
                0x00000442       0x2c c:/ac6/systemworkbench/plugins/fr.ac6.mcu.externaltools.arm-none.win32_1.17.0.201812190825/tools/compiler/bin/../lib/gcc/arm-none-eabi/7.3.1/../../../../arm-none-eabi/lib/thumb/v6-m\libc.a(lib_a-init.o)
 .ARM.attributes
                0x0000046e       0x2c c:/ac6/systemworkbench/plugins/fr.ac6.mcu.externaltools.arm-none.win32_1.17.0.201812190825/tools/compiler/bin/../lib/gcc/arm-none-eabi/7.3.1/../../../../arm-none-eabi/lib/thumb/v6-m\libc.a(lib_a-memset.o)
 .ARM.attributes
                0x0000049a       0x2c c:/ac6/systemworkbench/plugins/fr.ac6.mcu.externaltools.arm-none.win32_1.17.0.201812190825/tools/compiler/bin/../lib/gcc/arm-none-eabi/7.3.1/../../../../arm-none-eabi/lib/thumb/v6-m\libc.a(lib_a-printf.o)
 .ARM.attributes
                0x000004c6       0x2c c:/ac6/systemworkbench/plugins/fr.ac6.mcu.externaltools.arm-none.win32_1.17.0.201812190825/tools/compiler/bin/../lib/gcc/arm-none-eabi/7.3.1/../../../../arm-none-eabi/lib/thumb/v6-m\libc.a(lib_a-sprintf.o)
 .ARM.attributes
                0x000004f2       0x2c c:/ac6/systemworkbench/plugins/fr.ac6.mcu.externaltools.arm-none.win32_1.17.0.201812190825/tools/compiler/bin/../lib/gcc/arm-none-eabi/7.3.1/../../../../arm-none-eabi/lib/thumb/v6-m\libc.a(lib_a-svfprintf.o)
 .ARM.attributes
                0x0000051e       0x2c c:/ac6/systemworkbench/plugins/fr.ac6.mcu.externaltools.arm-none.win32_1.17.0.201812190825/tools/compiler/bin/../lib/gcc/arm-none-eabi/7.3.1/../../../../arm-none-eabi/lib/thumb/v6-m\libc.a(lib_a-vfprintf.o)
 .ARM.attributes
                0x0000054a       0x2c c:/ac6/systemworkbench/plugins/fr.ac6.mcu.externaltools.arm-none.win32_1.17.0.201812190825/tools/compiler/bin/../lib/gcc/arm-none-eabi/7.3.1/../../../../arm-none-eabi/lib/thumb/v6-m\libc.a(lib_a-wsetup.o)
 .ARM.attributes
                0x00000576       0x2c c:/ac6/systemworkbench/plugins/fr.ac6.mcu.externaltools.arm-none.win32_1.17.0.201812190825/tools/compiler/bin/../lib/gcc/arm-none-eabi/7.3.1/../../../../arm-none-eabi/lib/thumb/v6-m\libc.a(lib_a-__call_atexit.o)
 .ARM.attributes
                0x000005a2       0x2c c:/ac6/systemworkbench/plugins/fr.ac6.mcu.externaltools.arm-none.win32_1.17.0.201812190825/tools/compiler/bin/../lib/gcc/arm-none-eabi/7.3.1/../../../../arm-none-eabi/lib/thumb/v6-m\libc.a(lib_a-atexit.o)
 .ARM.attributes
                0x000005ce       0x2c c:/ac6/systemworkbench/plugins/fr.ac6.mcu.externaltools.arm-none.win32_1.17.0.201812190825/tools/compiler/bin/../lib/gcc/arm-none-eabi/7.3.1/../../../../arm-none-eabi/lib/thumb/v6-m\libc.a(lib_a-dtoa.o)
 .ARM.attributes
                0x000005fa       0x2c c:/ac6/systemworkbench/plugins/fr.ac6.mcu.externaltools.arm-none.win32_1.17.0.201812190825/tools/compiler/bin/../lib/gcc/arm-none-eabi/7.3.1/../../../../arm-none-eabi/lib/thumb/v6-m\libc.a(lib_a-fflush.o)
 .ARM.attributes
                0x00000626       0x2c c:/ac6/systemworkbench/plugins/fr.ac6.mcu.externaltools.arm-none.win32_1.17.0.201812190825/tools/compiler/bin/../lib/gcc/arm-none-eabi/7.3.1/../../../../arm-none-eabi/lib/thumb/v6-m\libc.a(lib_a-findfp.o)
 .ARM.attributes
                0x00000652       0x2c c:/ac6/systemworkbench/plugins/fr.ac6.mcu.externaltools.arm-none.win32_1.17.0.201812190825/tools/compiler/bin/../lib/gcc/arm-none-eabi/7.3.1/../../../../arm-none-eabi/lib/thumb/v6-m\libc.a(lib_a-fini.o)
 .ARM.attributes
                0x0000067e       0x2c c:/ac6/systemworkbench/plugins/fr.ac6.mcu.externaltools.arm-none.win32_1.17.0.201812190825/tools/compiler/bin/../lib/gcc/arm-none-eabi/7.3.1/../../../../arm-none-eabi/lib/thumb/v6-m\libc.a(lib_a-freer.o)
 .ARM.attributes
                0x000006aa       0x2c c:/ac6/systemworkbench/plugins/fr.ac6.mcu.externaltools.arm-none.win32_1.17.0.201812190825/tools/compiler/bin/../lib/gcc/arm-none-eabi/7.3.1/../../../../arm-none-eabi/lib/thumb/v6-m\libc.a(lib_a-fwalk.o)
 .ARM.attributes
                0x000006d6       0x2c c:/ac6/systemworkbench/plugins/fr.ac6.mcu.externaltools.arm-none.win32_1.17.0.201812190825/tools/compiler/bin/../lib/gcc/arm-none-eabi/7.3.1/../../../../arm-none-eabi/lib/thumb/v6-m\libc.a(lib_a-localeconv.o)
 .ARM.attributes
                0x00000702       0x2c c:/ac6/systemworkbench/plugins/fr.ac6.mcu.externaltools.arm-none.win32_1.17.0.201812190825/tools/compiler/bin/../lib/gcc/arm-none-eabi/7.3.1/../../../../arm-none-eabi/lib/thumb/v6-m\libc.a(lib_a-lock.o)
 .ARM.attributes
                0x0000072e       0x2c c:/ac6/systemworkbench/plugins/fr.ac6.mcu.externaltools.arm-none.win32_1.17.0.201812190825/tools/compiler/bin/../lib/gcc/arm-none-eabi/7.3.1/../../../../arm-none-eabi/lib/thumb/v6-m\libc.a(lib_a-makebuf.o)
 .ARM.attributes
                0x0000075a       0x2c c:/ac6/systemworkbench/plugins/fr.ac6.mcu.externaltools.arm-none.win32_1.17.0.201812190825/tools/compiler/bin/../lib/gcc/arm-none-eabi/7.3.1/../../../../arm-none-eabi/lib/thumb/v6-m\libc.a(lib_a-mallocr.o)
 .ARM.attributes
                0x00000786       0x2c c:/ac6/systemworkbench/plugins/fr.ac6.mcu.externaltools.arm-none.win32_1.17.0.201812190825/tools/compiler/bin/../lib/gcc/arm-none-eabi/7.3.1/../../../../arm-none-eabi/lib/thumb/v6-m\libc.a(lib_a-memchr-stub.o)
 .ARM.attributes
                0x000007b2       0x2c c:/ac6/systemworkbench/plugins/fr.ac6.mcu.externaltools.arm-none.win32_1.17.0.201812190825/tools/compiler/bin/../lib/gcc/arm-none-eabi/7.3.1/../../../../arm-none-eabi/lib/thumb/v6-m\libc.a(lib_a-memcpy-stub.o)
 .ARM.attributes
                0x000007de       0x2c c:/ac6/systemworkbench/plugins/fr.ac6.mcu.externaltools.arm-none.win32_1.17.0.201812190825/tools/compiler/bin/../lib/gcc/arm-none-eabi/7.3.1/../../../../arm-none-eabi/lib/thumb/v6-m\libc.a(lib_a-mlock.o)
 .ARM.attributes
                0x0000080a       0x2c c:/ac6/systemworkbench/plugins/fr.ac6.mcu.externaltools.arm-none.win32_1.17.0.201812190825/tools/compiler/bin/../lib/gcc/arm-none-eabi/7.3.1/../../../../arm-none-eabi/lib/thumb/v6-m\libc.a(lib_a-mprec.o)
 .ARM.attributes
                0x00000836       0x2c c:/ac6/systemworkbench/plugins/fr.ac6.mcu.externaltools.arm-none.win32_1.17.0.201812190825/tools/compiler/bin/../lib/gcc/arm-none-eabi/7.3.1/../../../../arm-none-eabi/lib/thumb/v6-m\libc.a(lib_a-s_frexp.o)
 .ARM.attributes
                0x00000862       0x2c c:/ac6/systemworkbench/plugins/fr.ac6.mcu.externaltools.arm-none.win32_1.17.0.201812190825/tools/compiler/bin/../lib/gcc/arm-none-eabi/7.3.1/../../../../arm-none-eabi/lib/thumb/v6-m\libc.a(lib_a-sbrkr.o)
 .ARM.attributes
                0x0000088e       0x2c c:/ac6/systemworkbench/plugins/fr.ac6.mcu.externaltools.arm-none.win32_1.17.0.201812190825/tools/compiler/bin/../lib/gcc/arm-none-eabi/7.3.1/../../../../arm-none-eabi/lib/thumb/v6-m\libc.a(lib_a-stdio.o)
 .ARM.attributes
                0x000008ba       0x2c c:/ac6/systemworkbench/plugins/fr.ac6.mcu.externaltools.arm-none.win32_1.17.0.201812190825/tools/compiler/bin/../lib/gcc/arm-none-eabi/7.3.1/../../../../arm-none-eabi/lib/thumb/v6-m\libc.a(lib_a-strlen-stub.o)
 .ARM.attributes
                0x000008e6       0x2c c:/ac6/systemworkbench/plugins/fr.ac6.mcu.externaltools.arm-none.win32_1.17.0.201812190825/tools/compiler/bin/../lib/gcc/arm-none-eabi/7.3.1/../../../../arm-none-eabi/lib/thumb/v6-m\libc.a(lib_a-strncpy.o)
 .ARM.attributes
                0x00000912       0x2c c:/ac6/systemworkbench/plugins/fr.ac6.mcu.externaltools.arm-none.win32_1.17.0.201812190825/tools/compiler/bin/../lib/gcc/arm-none-eabi/7.3.1/../../../../arm-none-eabi/lib/thumb/v6-m\libc.a(lib_a-svfiprintf.o)
 .ARM.attributes
                0x0000093e       0x2c c:/ac6/systemworkbench/plugins/fr.ac6.mcu.externaltools.arm-none.win32_1.17.0.201812190825/tools/compiler/bin/../lib/gcc/arm-none-eabi/7.3.1/../../../../arm-none-eabi/lib/thumb/v6-m\libc.a(lib_a-vfiprintf.o)
 .ARM.attributes
                0x0000096a       0x2c c:/ac6/systemworkbench/plugins/fr.ac6.mcu.externaltools.arm-none.win32_1.17.0.201812190825/tools/compiler/bin/../lib/gcc/arm-none-eabi/7.3.1/../../../../arm-none-eabi/lib/thumb/v6-m\libc.a(lib_a-writer.o)
 .ARM.attributes
                0x00000996       0x2c c:/ac6/systemworkbench/plugins/fr.ac6.mcu.externaltools.arm-none.win32_1.17.0.201812190825/tools/compiler/bin/../lib/gcc/arm-none-eabi/7.3.1/../../../../arm-none-eabi/lib/thumb/v6-m\libc.a(lib_a-__atexit.o)
 .ARM.attributes
                0x000009c2       0x2c c:/ac6/systemworkbench/plugins/fr.ac6.mcu.externaltools.arm-none.win32_1.17.0.201812190825/tools/compiler/bin/../lib/gcc/arm-none-eabi/7.3.1/../../../../arm-none-eabi/lib/thumb/v6-m\libc.a(lib_a-callocr.o)
 .ARM.attributes
                0x000009ee       0x2c c:/ac6/systemworkbench/plugins/fr.ac6.mcu.externaltools.arm-none.win32_1.17.0.201812190825/tools/compiler/bin/../lib/gcc/arm-none-eabi/7.3.1/../../../../arm-none-eabi/lib/thumb/v6-m\libc.a(lib_a-closer.o)
 .ARM.attributes
                0x00000a1a       0x2c c:/ac6/systemworkbench/plugins/fr.ac6.mcu.externaltools.arm-none.win32_1.17.0.201812190825/tools/compiler/bin/../lib/gcc/arm-none-eabi/7.3.1/../../../../arm-none-eabi/lib/thumb/v6-m\libc.a(lib_a-fclose.o)
 .ARM.attributes
                0x00000a46       0x2c c:/ac6/systemworkbench/plugins/fr.ac6.mcu.externaltools.arm-none.win32_1.17.0.201812190825/tools/compiler/bin/../lib/gcc/arm-none-eabi/7.3.1/../../../../arm-none-eabi/lib/thumb/v6-m\libc.a(lib_a-fputwc.o)
 .ARM.attributes
                0x00000a72       0x2c c:/ac6/systemworkbench/plugins/fr.ac6.mcu.externaltools.arm-none.win32_1.17.0.201812190825/tools/compiler/bin/../lib/gcc/arm-none-eabi/7.3.1/../../../../arm-none-eabi/lib/thumb/v6-m\libc.a(lib_a-fstatr.o)
 .ARM.attributes
                0x00000a9e       0x2c c:/ac6/systemworkbench/plugins/fr.ac6.mcu.externaltools.arm-none.win32_1.17.0.201812190825/tools/compiler/bin/../lib/gcc/arm-none-eabi/7.3.1/../../../../arm-none-eabi/lib/thumb/v6-m\libc.a(lib_a-fvwrite.o)
 .ARM.attributes
                0x00000aca       0x2c c:/ac6/systemworkbench/plugins/fr.ac6.mcu.externaltools.arm-none.win32_1.17.0.201812190825/tools/compiler/bin/../lib/gcc/arm-none-eabi/7.3.1/../../../../arm-none-eabi/lib/thumb/v6-m\libc.a(lib_a-isattyr.o)
 .ARM.attributes
                0x00000af6       0x2c c:/ac6/systemworkbench/plugins/fr.ac6.mcu.externaltools.arm-none.win32_1.17.0.201812190825/tools/compiler/bin/../lib/gcc/arm-none-eabi/7.3.1/../../../../arm-none-eabi/lib/thumb/v6-m\libc.a(lib_a-locale.o)
 .ARM.attributes
                0x00000b22       0x2c c:/ac6/systemworkbench/plugins/fr.ac6.mcu.externaltools.arm-none.win32_1.17.0.201812190825/tools/compiler/bin/../lib/gcc/arm-none-eabi/7.3.1/../../../../arm-none-eabi/lib/thumb/v6-m\libc.a(lib_a-lseekr.o)
 .ARM.attributes
                0x00000b4e       0x2c c:/ac6/systemworkbench/plugins/fr.ac6.mcu.externaltools.arm-none.win32_1.17.0.201812190825/tools/compiler/bin/../lib/gcc/arm-none-eabi/7.3.1/../../../../arm-none-eabi/lib/thumb/v6-m\libc.a(lib_a-mbtowc_r.o)
 .ARM.attributes
                0x00000b7a       0x2c c:/ac6/systemworkbench/plugins/fr.ac6.mcu.externaltools.arm-none.win32_1.17.0.201812190825/tools/compiler/bin/../lib/gcc/arm-none-eabi/7.3.1/../../../../arm-none-eabi/lib/thumb/v6-m\libc.a(lib_a-memmove.o)
 .ARM.attributes
                0x00000ba6       0x2c c:/ac6/systemworkbench/plugins/fr.ac6.mcu.externaltools.arm-none.win32_1.17.0.201812190825/tools/compiler/bin/../lib/gcc/arm-none-eabi/7.3.1/../../../../arm-none-eabi/lib/thumb/v6-m\libc.a(lib_a-readr.o)
 .ARM.attributes
                0x00000bd2       0x2c c:/ac6/systemworkbench/plugins/fr.ac6.mcu.externaltools.arm-none.win32_1.17.0.201812190825/tools/compiler/bin/../lib/gcc/arm-none-eabi/7.3.1/../../../../arm-none-eabi/lib/thumb/v6-m\libc.a(lib_a-reallocr.o)
 .ARM.attributes
                0x00000bfe       0x2c c:/ac6/systemworkbench/plugins/fr.ac6.mcu.externaltools.arm-none.win32_1.17.0.201812190825/tools/compiler/bin/../lib/gcc/arm-none-eabi/7.3.1/../../../../arm-none-eabi/lib/thumb/v6-m\libc.a(lib_a-reent.o)
 .ARM.attributes
                0x00000c2a       0x2c c:/ac6/systemworkbench/plugins/fr.ac6.mcu.externaltools.arm-none.win32_1.17.0.201812190825/tools/compiler/bin/../lib/gcc/arm-none-eabi/7.3.1/../../../../arm-none-eabi/lib/thumb/v6-m\libc.a(lib_a-wbuf.o)
 .ARM.attributes
                0x00000c56       0x2c c:/ac6/systemworkbench/plugins/fr.ac6.mcu.externaltools.arm-none.win32_1.17.0.201812190825/tools/compiler/bin/../lib/gcc/arm-none-eabi/7.3.1/../../../../arm-none-eabi/lib/thumb/v6-m\libc.a(lib_a-wcrtomb.o)
 .ARM.attributes
                0x00000c82       0x2c c:/ac6/systemworkbench/plugins/fr.ac6.mcu.externaltools.arm-none.win32_1.17.0.201812190825/tools/compiler/bin/../lib/gcc/arm-none-eabi/7.3.1/../../../../arm-none-eabi/lib/thumb/v6-m\libc.a(lib_a-wctomb_r.o)
 .ARM.attributes
                0x00000cae       0x2c c:/ac6/systemworkbench/plugins/fr.ac6.mcu.externaltools.arm-none.win32_1.17.0.201812190825/tools/compiler/bin/../lib/gcc/arm-none-eabi/7.3.1/../../../../arm-none-eabi/lib/thumb/v6-m\libc.a(lib_a-ctype_.o)
 .ARM.attributes
                0x00000cda       0x1e c:/ac6/systemworkbench/plugins/fr.ac6.mcu.externaltools.arm-none.win32_1.17.0.201812190825/tools/compiler/bin/../lib/gcc/arm-none-eabi/7.3.1/thumb/v6-m\libgcc.a(_divsi3.o)
 .ARM.attributes
                0x00000cf8       0x1e c:/ac6/systemworkbench/plugins/fr.ac6.mcu.externaltools.arm-none.win32_1.17.0.201812190825/tools/compiler/bin/../lib/gcc/arm-none-eabi/7.3.1/thumb/v6-m\libgcc.a(_arm_cmpdf2.o)
 .ARM.attributes
                0x00000d16       0x2c c:/ac6/systemworkbench/plugins/fr.ac6.mcu.externaltools.arm-none.win32_1.17.0.201812190825/tools/compiler/bin/../lib/gcc/arm-none-eabi/7.3.1/thumb/v6-m\libgcc.a(adddf3.o)
 .ARM.attributes
                0x00000d42       0x2c c:/ac6/systemworkbench/plugins/fr.ac6.mcu.externaltools.arm-none.win32_1.17.0.201812190825/tools/compiler/bin/../lib/gcc/arm-none-eabi/7.3.1/thumb/v6-m\libgcc.a(divdf3.o)
 .ARM.attributes
                0x00000d6e       0x2c c:/ac6/systemworkbench/plugins/fr.ac6.mcu.externaltools.arm-none.win32_1.17.0.201812190825/tools/compiler/bin/../lib/gcc/arm-none-eabi/7.3.1/thumb/v6-m\libgcc.a(eqdf2.o)
 .ARM.attributes
                0x00000d9a       0x2c c:/ac6/systemworkbench/plugins/fr.ac6.mcu.externaltools.arm-none.win32_1.17.0.201812190825/tools/compiler/bin/../lib/gcc/arm-none-eabi/7.3.1/thumb/v6-m\libgcc.a(gedf2.o)
 .ARM.attributes
                0x00000dc6       0x2c c:/ac6/systemworkbench/plugins/fr.ac6.mcu.externaltools.arm-none.win32_1.17.0.201812190825/tools/compiler/bin/../lib/gcc/arm-none-eabi/7.3.1/thumb/v6-m\libgcc.a(ledf2.o)
 .ARM.attributes
                0x00000df2       0x2c c:/ac6/systemworkbench/plugins/fr.ac6.mcu.externaltools.arm-none.win32_1.17.0.201812190825/tools/compiler/bin/../lib/gcc/arm-none-eabi/7.3.1/thumb/v6-m\libgcc.a(muldf3.o)
 .ARM.attributes
                0x00000e1e       0x2c c:/ac6/systemworkbench/plugins/fr.ac6.mcu.externaltools.arm-none.win32_1.17.0.201812190825/tools/compiler/bin/../lib/gcc/arm-none-eabi/7.3.1/thumb/v6-m\libgcc.a(subdf3.o)
 .ARM.attributes
                0x00000e4a       0x2c c:/ac6/systemworkbench/plugins/fr.ac6.mcu.externaltools.arm-none.win32_1.17.0.201812190825/tools/compiler/bin/../lib/gcc/arm-none-eabi/7.3.1/thumb/v6-m\libgcc.a(unorddf2.o)
 .ARM.attributes
                0x00000e76       0x2c c:/ac6/systemworkbench/plugins/fr.ac6.mcu.externaltools.arm-none.win32_1.17.0.201812190825/tools/compiler/bin/../lib/gcc/arm-none-eabi/7.3.1/thumb/v6-m\libgcc.a(fixdfsi.o)
 .ARM.attributes
                0x00000ea2       0x2c c:/ac6/systemworkbench/plugins/fr.ac6.mcu.externaltools.arm-none.win32_1.17.0.201812190825/tools/compiler/bin/../lib/gcc/arm-none-eabi/7.3.1/thumb/v6-m\libgcc.a(floatsidf.o)
 .ARM.attributes
                0x00000ece       0x2c c:/ac6/systemworkbench/plugins/fr.ac6.mcu.externaltools.arm-none.win32_1.17.0.201812190825/tools/compiler/bin/../lib/gcc/arm-none-eabi/7.3.1/thumb/v6-m\libgcc.a(floatunsidf.o)
 .ARM.attributes
                0x00000efa       0x1e c:/ac6/systemworkbench/plugins/fr.ac6.mcu.externaltools.arm-none.win32_1.17.0.201812190825/tools/compiler/bin/../lib/gcc/arm-none-eabi/7.3.1/thumb/v6-m/crtn.o
OUTPUT(adc_uart_connection_with_pressure_sensor.elf elf32-littlearm)

.debug_info     0x00000000     0xae3a
 .debug_info    0x00000000      0x770 HAL_Driver/Src/stm32l0xx_hal.o
 .debug_info    0x00000770      0xcec HAL_Driver/Src/stm32l0xx_hal_adc.o
 .debug_info    0x0000145c      0x7ee HAL_Driver/Src/stm32l0xx_hal_adc_ex.o
 .debug_info    0x00001c4a      0x703 HAL_Driver/Src/stm32l0xx_hal_cortex.o
 .debug_info    0x0000234d      0x6b7 HAL_Driver/Src/stm32l0xx_hal_gpio.o
 .debug_info    0x00002a04      0x168 HAL_Driver/Src/stm32l0xx_hal_msp_template.o
 .debug_info    0x00002b6c      0x8b4 HAL_Driver/Src/stm32l0xx_hal_rcc.o
 .debug_info    0x00003420     0x23bf HAL_Driver/Src/stm32l0xx_hal_tim.o
 .debug_info    0x000057df     0x1524 HAL_Driver/Src/stm32l0xx_hal_uart.o
 .debug_info    0x00006d03     0x13a3 Utilities/stm32l0xx_nucleo.o
 .debug_info    0x000080a6     0x197f src/main.o
 .debug_info    0x00009a25      0x135 src/stm32l0xx_it.o
 .debug_info    0x00009b5a      0xf2e src/syscalls.o
 .debug_info    0x0000aa88      0x390 src/system_stm32l0xx.o
 .debug_info    0x0000ae18       0x22 startup/startup_stm32l010xb.o

.debug_abbrev   0x00000000     0x1a83
 .debug_abbrev  0x00000000      0x219 HAL_Driver/Src/stm32l0xx_hal.o
 .debug_abbrev  0x00000219      0x1fa HAL_Driver/Src/stm32l0xx_hal_adc.o
 .debug_abbrev  0x00000413      0x1e4 HAL_Driver/Src/stm32l0xx_hal_adc_ex.o
 .debug_abbrev  0x000005f7      0x23c HAL_Driver/Src/stm32l0xx_hal_cortex.o
 .debug_abbrev  0x00000833      0x1c0 HAL_Driver/Src/stm32l0xx_hal_gpio.o
 .debug_abbrev  0x000009f3       0x94 HAL_Driver/Src/stm32l0xx_hal_msp_template.o
 .debug_abbrev  0x00000a87      0x21a HAL_Driver/Src/stm32l0xx_hal_rcc.o
 .debug_abbrev  0x00000ca1      0x22e HAL_Driver/Src/stm32l0xx_hal_tim.o
 .debug_abbrev  0x00000ecf      0x214 HAL_Driver/Src/stm32l0xx_hal_uart.o
 .debug_abbrev  0x000010e3      0x2b9 Utilities/stm32l0xx_nucleo.o
 .debug_abbrev  0x0000139c      0x286 src/main.o
 .debug_abbrev  0x00001622       0x94 src/stm32l0xx_it.o
 .debug_abbrev  0x000016b6      0x2aa src/syscalls.o
 .debug_abbrev  0x00001960      0x111 src/system_stm32l0xx.o
 .debug_abbrev  0x00001a71       0x12 startup/startup_stm32l010xb.o

.debug_aranges  0x00000000      0xc58
 .debug_aranges
                0x00000000       0xf8 HAL_Driver/Src/stm32l0xx_hal.o
 .debug_aranges
                0x000000f8      0x100 HAL_Driver/Src/stm32l0xx_hal_adc.o
 .debug_aranges
                0x000001f8       0x50 HAL_Driver/Src/stm32l0xx_hal_adc_ex.o
 .debug_aranges
                0x00000248       0xc0 HAL_Driver/Src/stm32l0xx_hal_cortex.o
 .debug_aranges
                0x00000308       0x58 HAL_Driver/Src/stm32l0xx_hal_gpio.o
 .debug_aranges
                0x00000360       0x38 HAL_Driver/Src/stm32l0xx_hal_msp_template.o
 .debug_aranges
                0x00000398       0x80 HAL_Driver/Src/stm32l0xx_hal_rcc.o
 .debug_aranges
                0x00000418      0x3a8 HAL_Driver/Src/stm32l0xx_hal_tim.o
 .debug_aranges
                0x000007c0      0x1f8 HAL_Driver/Src/stm32l0xx_hal_uart.o
 .debug_aranges
                0x000009b8      0x120 Utilities/stm32l0xx_nucleo.o
 .debug_aranges
                0x00000ad8       0x60 src/main.o
 .debug_aranges
                0x00000b38       0x20 src/stm32l0xx_it.o
 .debug_aranges
                0x00000b58       0xb0 src/syscalls.o
 .debug_aranges
                0x00000c08       0x28 src/system_stm32l0xx.o
 .debug_aranges
                0x00000c30       0x28 startup/startup_stm32l010xb.o

.debug_ranges   0x00000000      0xb70
 .debug_ranges  0x00000000       0xe8 HAL_Driver/Src/stm32l0xx_hal.o
 .debug_ranges  0x000000e8       0xf0 HAL_Driver/Src/stm32l0xx_hal_adc.o
 .debug_ranges  0x000001d8       0x40 HAL_Driver/Src/stm32l0xx_hal_adc_ex.o
 .debug_ranges  0x00000218       0xb0 HAL_Driver/Src/stm32l0xx_hal_cortex.o
 .debug_ranges  0x000002c8       0x48 HAL_Driver/Src/stm32l0xx_hal_gpio.o
 .debug_ranges  0x00000310       0x28 HAL_Driver/Src/stm32l0xx_hal_msp_template.o
 .debug_ranges  0x00000338       0x70 HAL_Driver/Src/stm32l0xx_hal_rcc.o
 .debug_ranges  0x000003a8      0x398 HAL_Driver/Src/stm32l0xx_hal_tim.o
 .debug_ranges  0x00000740      0x1e8 HAL_Driver/Src/stm32l0xx_hal_uart.o
 .debug_ranges  0x00000928      0x110 Utilities/stm32l0xx_nucleo.o
 .debug_ranges  0x00000a38       0x50 src/main.o
 .debug_ranges  0x00000a88       0x10 src/stm32l0xx_it.o
 .debug_ranges  0x00000a98       0xa0 src/syscalls.o
 .debug_ranges  0x00000b38       0x18 src/system_stm32l0xx.o
 .debug_ranges  0x00000b50       0x20 startup/startup_stm32l010xb.o

.debug_macro    0x00000000    0x14938
 .debug_macro   0x00000000      0x295 HAL_Driver/Src/stm32l0xx_hal.o
 .debug_macro   0x00000295      0xa60 HAL_Driver/Src/stm32l0xx_hal.o
 .debug_macro   0x00000cf5       0xf1 HAL_Driver/Src/stm32l0xx_hal.o
 .debug_macro   0x00000de6       0x28 HAL_Driver/Src/stm32l0xx_hal.o
 .debug_macro   0x00000e0e       0x28 HAL_Driver/Src/stm32l0xx_hal.o
 .debug_macro   0x00000e36       0x22 HAL_Driver/Src/stm32l0xx_hal.o
 .debug_macro   0x00000e58       0x8e HAL_Driver/Src/stm32l0xx_hal.o
 .debug_macro   0x00000ee6       0x51 HAL_Driver/Src/stm32l0xx_hal.o
 .debug_macro   0x00000f37       0xef HAL_Driver/Src/stm32l0xx_hal.o
 .debug_macro   0x00001026       0x6a HAL_Driver/Src/stm32l0xx_hal.o
 .debug_macro   0x00001090      0x1df HAL_Driver/Src/stm32l0xx_hal.o
 .debug_macro   0x0000126f       0x34 HAL_Driver/Src/stm32l0xx_hal.o
 .debug_macro   0x000012a3       0x26 HAL_Driver/Src/stm32l0xx_hal.o
 .debug_macro   0x000012c9      0x329 HAL_Driver/Src/stm32l0xx_hal.o
 .debug_macro   0x000015f2     0x7b87 HAL_Driver/Src/stm32l0xx_hal.o
 .debug_macro   0x00009179       0x3c HAL_Driver/Src/stm32l0xx_hal.o
 .debug_macro   0x000091b5     0x3525 HAL_Driver/Src/stm32l0xx_hal.o
 .debug_macro   0x0000c6da      0x174 HAL_Driver/Src/stm32l0xx_hal.o
 .debug_macro   0x0000c84e       0x5b HAL_Driver/Src/stm32l0xx_hal.o
 .debug_macro   0x0000c8a9      0x8a0 HAL_Driver/Src/stm32l0xx_hal.o
 .debug_macro   0x0000d149      0x500 HAL_Driver/Src/stm32l0xx_hal.o
 .debug_macro   0x0000d649      0x13f HAL_Driver/Src/stm32l0xx_hal.o
 .debug_macro   0x0000d788      0x122 HAL_Driver/Src/stm32l0xx_hal.o
 .debug_macro   0x0000d8aa      0x28e HAL_Driver/Src/stm32l0xx_hal.o
 .debug_macro   0x0000db38       0x28 HAL_Driver/Src/stm32l0xx_hal.o
 .debug_macro   0x0000db60      0x4da HAL_Driver/Src/stm32l0xx_hal.o
 .debug_macro   0x0000e03a       0x6b HAL_Driver/Src/stm32l0xx_hal.o
 .debug_macro   0x0000e0a5       0xd5 HAL_Driver/Src/stm32l0xx_hal.o
 .debug_macro   0x0000e17a       0x4c HAL_Driver/Src/stm32l0xx_hal.o
 .debug_macro   0x0000e1c6      0x129 HAL_Driver/Src/stm32l0xx_hal.o
 .debug_macro   0x0000e2ef      0x1c6 HAL_Driver/Src/stm32l0xx_hal.o
 .debug_macro   0x0000e4b5      0x22c HAL_Driver/Src/stm32l0xx_hal.o
 .debug_macro   0x0000e6e1       0x5b HAL_Driver/Src/stm32l0xx_hal.o
 .debug_macro   0x0000e73c       0xa5 HAL_Driver/Src/stm32l0xx_hal.o
 .debug_macro   0x0000e7e1       0x85 HAL_Driver/Src/stm32l0xx_hal.o
 .debug_macro   0x0000e866      0x25c HAL_Driver/Src/stm32l0xx_hal.o
 .debug_macro   0x0000eac2       0xb0 HAL_Driver/Src/stm32l0xx_hal.o
 .debug_macro   0x0000eb72       0x16 HAL_Driver/Src/stm32l0xx_hal.o
 .debug_macro   0x0000eb88      0x30c HAL_Driver/Src/stm32l0xx_hal.o
 .debug_macro   0x0000ee94      0x418 HAL_Driver/Src/stm32l0xx_hal.o
 .debug_macro   0x0000f2ac       0xdd HAL_Driver/Src/stm32l0xx_hal.o
 .debug_macro   0x0000f389      0x22c HAL_Driver/Src/stm32l0xx_hal.o
 .debug_macro   0x0000f5b5      0x734 HAL_Driver/Src/stm32l0xx_hal.o
 .debug_macro   0x0000fce9       0x7e HAL_Driver/Src/stm32l0xx_hal.o
 .debug_macro   0x0000fd67      0x57b HAL_Driver/Src/stm32l0xx_hal.o
 .debug_macro   0x000102e2       0x44 HAL_Driver/Src/stm32l0xx_hal.o
 .debug_macro   0x00010326      0x279 HAL_Driver/Src/stm32l0xx_hal.o
 .debug_macro   0x0001059f       0x31 HAL_Driver/Src/stm32l0xx_hal.o
 .debug_macro   0x000105d0      0x2b8 HAL_Driver/Src/stm32l0xx_hal.o
 .debug_macro   0x00010888       0x30 HAL_Driver/Src/stm32l0xx_hal.o
 .debug_macro   0x000108b8      0x2bf HAL_Driver/Src/stm32l0xx_hal.o
 .debug_macro   0x00010b77      0x11d HAL_Driver/Src/stm32l0xx_hal.o
 .debug_macro   0x00010c94      0x353 HAL_Driver/Src/stm32l0xx_hal.o
 .debug_macro   0x00010fe7       0x8d HAL_Driver/Src/stm32l0xx_hal.o
 .debug_macro   0x00011074      0x107 HAL_Driver/Src/stm32l0xx_hal.o
 .debug_macro   0x0001117b      0x280 HAL_Driver/Src/stm32l0xx_hal_adc.o
 .debug_macro   0x000113fb      0x283 HAL_Driver/Src/stm32l0xx_hal_adc_ex.o
 .debug_macro   0x0001167e      0x271 HAL_Driver/Src/stm32l0xx_hal_cortex.o
 .debug_macro   0x000118ef      0x2a9 HAL_Driver/Src/stm32l0xx_hal_gpio.o
 .debug_macro   0x00011b98      0x271 HAL_Driver/Src/stm32l0xx_hal_msp_template.o
 .debug_macro   0x00011e09      0x295 HAL_Driver/Src/stm32l0xx_hal_rcc.o
 .debug_macro   0x0001209e      0x272 HAL_Driver/Src/stm32l0xx_hal_tim.o
 .debug_macro   0x00012310      0x29c HAL_Driver/Src/stm32l0xx_hal_uart.o
 .debug_macro   0x000125ac      0x2aa Utilities/stm32l0xx_nucleo.o
 .debug_macro   0x00012856      0x196 Utilities/stm32l0xx_nucleo.o
 .debug_macro   0x000129ec      0x40d src/main.o
 .debug_macro   0x00012df9      0x19c src/main.o
 .debug_macro   0x00012f95       0x5e src/main.o
 .debug_macro   0x00012ff3       0x18 src/main.o
 .debug_macro   0x0001300b       0x35 src/main.o
 .debug_macro   0x00013040       0x34 src/main.o
 .debug_macro   0x00013074       0x16 src/main.o
 .debug_macro   0x0001308a       0x35 src/main.o
 .debug_macro   0x000130bf      0x330 src/main.o
 .debug_macro   0x000133ef       0x10 src/main.o
 .debug_macro   0x000133ff       0x58 src/main.o
 .debug_macro   0x00013457       0x1f src/main.o
 .debug_macro   0x00013476       0x43 src/main.o
 .debug_macro   0x000134b9       0x20 src/main.o
 .debug_macro   0x000134d9      0x18e src/main.o
 .debug_macro   0x00013667       0x10 src/main.o
 .debug_macro   0x00013677       0x1c src/main.o
 .debug_macro   0x00013693       0x52 src/main.o
 .debug_macro   0x000136e5       0x40 src/main.o
 .debug_macro   0x00013725       0x10 src/main.o
 .debug_macro   0x00013735       0x40 src/main.o
 .debug_macro   0x00013775       0xd7 src/main.o
 .debug_macro   0x0001384c       0x1c src/main.o
 .debug_macro   0x00013868       0x3d src/main.o
 .debug_macro   0x000138a5       0x16 src/main.o
 .debug_macro   0x000138bb      0x16f src/main.o
 .debug_macro   0x00013a2a       0x16 src/main.o
 .debug_macro   0x00013a40      0x27b src/stm32l0xx_it.o
 .debug_macro   0x00013cbb      0x243 src/syscalls.o
 .debug_macro   0x00013efe       0x58 src/syscalls.o
 .debug_macro   0x00013f56       0x94 src/syscalls.o
 .debug_macro   0x00013fea       0x57 src/syscalls.o
 .debug_macro   0x00014041       0x10 src/syscalls.o
 .debug_macro   0x00014051       0x10 src/syscalls.o